 658.512  657.096  657.096 C28 N7 O6 S Cl2 H25
2525.842 2525.085 2526.085 C104 O48 Na3 Sn3 H83
 120.726  120.919  120.919 Sn H2
  13.019   13.008   13.008 C H
 312.988  312.785  312.782 O2 Cl Sb2 H2
 186.031  186.013  186.013 C10 Fe H10
  15.035   15.023   15.023 C H3
  62.134   62.019   62.019 C2 S H6
  61.126   61.011   61.011 C2 S H5
