****** Arom/Dearom ********
[As]1=S(C)[AsH]N=C1
[as]1[s](C)[asH][n]c1
[As]1=S(C)[AsH]N=C1
