Database: ../../data/zinc-slice.sdf
Database: ../../data/thiazolidines.sdf
Database: ../../data/sugars.sdf
