
*** Test 0 ***
CC1C=C(C=C(C(=O)OCC)N=[N+]=[N-])SC=1>>CC1C2NC(=CC=2SC=1)C(=O)OCC
[CH3:1][C:2]1[CH:16]=[C:5]([CH:6]=[C:7]([C:11](=[O:15])[O:12][CH2:13][CH3:14])[N:8]=[N+]=[N-])[S:4][CH:3]=1>>[CH3:1][C:2]1[C:16]2[NH:8][C:7](=[CH:6][C:5]=2[S:4][CH:3]=1)[C:11](=[O:15])[O:12][CH2:13][CH3:14]
  Mol: CC1C=C(C=C(C(=O)OCC)N=[N+]=[N-])SC=1
0, 6: 1
1, 6: 2
2, 6: 3
3, 16: 4
4, 6: 5
5, 6: 6
6, 6: 7
7, 7: 8
10, 6: 11
11, 8: 12
12, 6: 13
13, 6: 14
14, 8: 15
15, 6: 16
  Mol: CC1C2NC(=CC=2SC=1)C(=O)OCC
0, 6: 1
1, 6: 2
2, 6: 3
3, 16: 4
4, 6: 5
5, 6: 16
6, 7: 8
7, 6: 7
8, 6: 11
9, 8: 12
10, 6: 13
11, 6: 14
12, 8: 15
13, 6: 6
Clear AAM and fix first atoms
[CH3:1]C1C=C(C=C(C(=O)OCC)N=[N+]=[N-])SC=1>>[CH3:1]C1C2NC(=CC=2SC=1)C(=O)OCC
  Mol: CC1C=C(C=C(C(=O)OCC)N=[N+]=[N-])SC=1
0, 6: 1
  Mol: CC1C2NC(=CC=2SC=1)C(=O)OCC
0, 6: 1
Remapping with fixed atoms
[CH3:1][C:2]1[CH:16]=[C:5]([CH:6]=[C:7]([C:11](=[O:15])[O:12][CH2:13][CH3:14])[N:8]=[N+]=[N-])[S:4][CH:3]=1>>[CH3:1][C:2]1[C:16]2[NH:8][C:7](=[CH:6][C:5]=2[S:4][CH:3]=1)[C:11](=[O:15])[O:12][CH2:13][CH3:14]
  Mol: CC1C=C(C=C(C(=O)OCC)N=[N+]=[N-])SC=1
0, 6: 1
1, 6: 2
2, 6: 3
3, 16: 4
4, 6: 5
5, 6: 6
6, 6: 7
7, 7: 8
10, 6: 11
11, 8: 12
12, 6: 13
13, 6: 14
14, 8: 15
15, 6: 16
  Mol: CC1C2NC(=CC=2SC=1)C(=O)OCC
0, 6: 1
1, 6: 2
2, 6: 3
3, 16: 4
4, 6: 5
5, 6: 16
6, 7: 8
7, 6: 7
8, 6: 11
9, 8: 12
10, 6: 13
11, 6: 14
12, 8: 15
13, 6: 6

*** Test 1 ***
C1(C#CC2SC(C=O)=CC=2)C=CC=CC=1.C(C1C=C(C=O)SC=1)CC1C=CC=CC=1>>C(C1SC(C=O)=CC=1)CC1C=CC=CC=1
C1(C#[C:8][C:9]2[S:13][C:12]([CH:14]=[O:15])=[CH:11][CH:10]=2)C=CC=CC=1.C(C1C=C(C=O)SC=1)[CH2:17][C:18]1[CH:23]=[CH:22][CH:21]=[CH:20][CH:19]=1>>[CH2:8]([C:9]1[S:13][C:12]([CH:14]=[O:15])=[CH:11][CH:10]=1)[CH2:17][C:18]1[CH:23]=[CH:22][CH:21]=[CH:20][CH:19]=1
  Mol: C1(C#CC2SC(C=O)=CC=2)C=CC=CC=1
7, 6: 8
8, 6: 9
9, 6: 10
10, 6: 11
11, 6: 12
12, 16: 13
13, 6: 14
14, 8: 15
  Mol: C(C1C=C(C=O)SC=1)CC1C=CC=CC=1
1, 6: 17
2, 6: 18
3, 6: 19
4, 6: 20
5, 6: 21
6, 6: 22
7, 6: 23
  Mol: C(C1SC(C=O)=CC=1)CC1C=CC=CC=1
0, 6: 8
1, 6: 17
2, 6: 18
3, 6: 19
4, 6: 20
5, 6: 21
6, 6: 22
7, 6: 23
8, 6: 9
9, 6: 10
10, 6: 11
11, 6: 12
12, 16: 13
13, 6: 14
14, 8: 15
Clear AAM and fix first atoms
[C:1]1(C#CC2SC(C=O)=CC=2)C=CC=CC=1.C(C1C=C(C=O)SC=1)CC1C=CC=CC=1>>[CH2:1](C1SC(C=O)=CC=1)CC1C=CC=CC=1
  Mol: C1(C#CC2SC(C=O)=CC=2)C=CC=CC=1
0, 6: 1
  Mol: C(C1C=C(C=O)SC=1)CC1C=CC=CC=1
  Mol: C(C1SC(C=O)=CC=1)CC1C=CC=CC=1
0, 6: 1
Remapping with fixed atoms
C1(C#C[C:9]2[S:13][C:12]([CH:14]=[O:15])=[CH:11][CH:10]=2)C=CC=CC=1.C(C1C=C(C=O)SC=1)[CH2:17][C:18]1[CH:23]=[CH:22][CH:21]=[CH:20][CH:19]=1>>C([C:9]1[S:13][C:12]([CH:14]=[O:15])=[CH:11][CH:10]=1)[CH2:17][C:18]1[CH:23]=[CH:22][CH:21]=[CH:20][CH:19]=1
  Mol: C1(C#CC2SC(C=O)=CC=2)C=CC=CC=1
8, 6: 9
9, 6: 10
10, 6: 11
11, 6: 12
12, 16: 13
13, 6: 14
14, 8: 15
  Mol: C(C1C=C(C=O)SC=1)CC1C=CC=CC=1
1, 6: 17
2, 6: 18
3, 6: 19
4, 6: 20
5, 6: 21
6, 6: 22
7, 6: 23
  Mol: C(C1SC(C=O)=CC=1)CC1C=CC=CC=1
1, 6: 17
2, 6: 18
3, 6: 19
4, 6: 20
5, 6: 21
6, 6: 22
7, 6: 23
8, 6: 9
9, 6: 10
10, 6: 11
11, 6: 12
12, 16: 13
13, 6: 14
14, 8: 15

*** Test 2 ***
CC(=O)OC.[Na+].[OH-]>>CC(=O)O.C[O-].[Na+] |f:1.2,4.5|
[CH3:1][C:2](=[O:5])[O:3]C.[Na+].[OH-]>>[CH3:1][C:2](=[O:5])[OH:3].C[O-].[Na+] |f:1.2,4.5|
  Mol: CC(=O)OC
0, 6: 1
1, 6: 2
2, 8: 3
4, 8: 5
  Mol: [Na+].[OH-]
  Mol: CC(=O)O
0, 6: 1
1, 6: 2
2, 8: 3
3, 8: 5
  Mol: C[O-].[Na+]
Clear AAM and fix first atoms
[CH3:1]C(=O)OC.[Na+].[OH-]>>[CH3:1]C(=O)O.C[O-].[Na+] |f:1.2,4.5|
  Mol: CC(=O)OC
0, 6: 1
  Mol: [Na+].[OH-]
  Mol: CC(=O)O
0, 6: 1
  Mol: C[O-].[Na+]
Remapping with fixed atoms
[CH3:1][C:2](=[O:5])[O:3]C.[Na+].[OH-]>>[CH3:1][C:2](=[O:5])[OH:3].C[O-].[Na+] |f:1.2,4.5|
  Mol: CC(=O)OC
0, 6: 1
1, 6: 2
2, 8: 3
4, 8: 5
  Mol: [Na+].[OH-]
  Mol: CC(=O)O
0, 6: 1
1, 6: 2
2, 8: 3
3, 8: 5
  Mol: C[O-].[Na+]

*** Test 3 ***
CCC>>CCO
C[CH2:2][CH3:3]>>[CH3:2][CH2:3]O
  Mol: CCC
1, 6: 2
2, 6: 3
  Mol: CCO
0, 6: 2
1, 6: 3
Clear AAM and fix first atoms
[CH3:1]CC>>[CH3:1]CO
  Mol: CCC
0, 6: 1
  Mol: CCO
0, 6: 1
Remapping with fixed atoms
CCC>>CCO
  Mol: CCC
  Mol: CCO
