
  -INDIGO-01000000002D

 14 14  0  0  0  0  0  0  0  0999 V2000
    4.3917    0.3333    0.0000 ^W  0  0  0  0  0  0  0  0  0  0  0  0
    5.0583   -0.1458    0.0000 C   0  0  0  0  0  0  0  0  0  0  0  0
    4.8000   -0.9333    0.0000 C   0  0  0  0  0  0  0  0  0  0  0  0
    3.9750   -0.9292    0.0000 C   0  0  0  0  0  0  0  0  0  0  0  0
    3.7208   -0.1417    0.0000 C   0  0  0  0  0  0  0  0  0  0  0  0
    3.5583   -1.6417    0.0000 ^R2 0  0  0  0  0  0  0  0  0  0  0  0
    5.2083   -1.6458    0.0000 ^R4 0  0  0  0  0  0  0  0  0  0  0  0
    5.8542    0.0667    0.0000 ^Q  0  0  0  0  0  0  0  0  0  0  0  0
    6.5667   -0.3458    0.0000 ^R3 0  0  0  0  0  0  0  0  0  0  0  0
    2.9208    0.0750    0.0000 ^A  0  0  0  0  0  0  0  0  0  0  0  0
    1.5667   -0.2042    0.0000 ^R1 0  0  0  0  0  0  0  0  0  0  0  0
    2.9208    1.2875    0.0000 N   0  0  0  0  0  0  0  0  0  0  0  0
    2.3375    1.8792    0.0000 ^R  0  0  0  0  0  0  0  0  0  0  0  0
    3.5083    1.8750    0.0000 ^R5 0  0  0  0  0  0  0  0  0  0  0  0
  3  7  1  0  0  0  0
  2  3  2  0  0  0  0
  2  8  1  0  0  0  0
  1  2  1  0  0  0  0
  8  9  1  0  0  0  0
  3  4  1  0  0  0  0
  5 10  1  0  0  0  0
  5  1  1  0  0  0  0
 10 11  1  0  0  0  0
 10 12  1  0  0  0  0
  4  6  1  0  0  0  0
 12 13  1  0  0  0  0
  4  5  2  0  0  0  0
 12 14  1  0  0  0  0
M  STY  2   1 SRU   2 SRU
M  SLB  2   1   1   2   2
M  SCN  2   1 HT    2 HT 
M  SAL   1  1  11
M  SBL   1  1   9
M  SDI   1  4    1.2300   -0.4700    1.2300    0.3600
M  SDI   1  4    2.1700    0.3500    2.1700   -0.4700
M  SAL   2  3  12  13  14
M  SBL   2  1  10
M  SDI   2  4    3.7900    0.6000    1.9800    0.6000
M  SDI   2  4    1.9200    2.6300    3.8000    2.6300
M  END


  -INDIGO-01000000002D

  0  0  0  0  0  0  0  0  0  0  0 V3000
M  V30 BEGIN CTAB
M  V30 COUNTS 422 344 11 0 0
M  V30 BEGIN ATOM
M  V30 1 C 17.148001 -12.644900 0.000000 0
M  V30 2 C 17.789600 -13.166400 0.000000 0 CFG=3
M  V30 3 C 17.658600 -13.982700 0.000000 0 CFG=2
M  V30 4 C 16.886200 -14.277600 0.000000 0 CFG=2
M  V30 5 N 16.244699 -13.756000 0.000000 0 MASS=14
M  V30 6 C 16.375601 -12.939600 0.000000 0 CFG=1
M  V30 7 C 15.734000 -12.418100 0.000000 0
M  V30 8 O 16.755301 -15.093900 0.000000 0
M  V30 9 C 18.300200 -14.504300 0.000000 0
M  V30 10 C 18.169201 -15.320700 0.000000 0
M  V30 11 C 19.072599 -14.209500 0.000000 0
M  V30 12 C 17.278900 -11.828500 0.000000 0
M  V30 13 C 18.562000 -12.871600 0.000000 0
M  V30 14 N 15.472200 -14.050800 0.000000 0 MASS=15
M  V30 15 C 15.341300 -14.867200 0.000000 0 MASS=14
M  V30 16 C 14.568900 -15.162000 0.000000 0 CFG=1
M  V30 17 C 14.438000 -15.978300 0.000000 0 CFG=1
M  V30 18 C 15.079500 -16.499901 0.000000 0
M  V30 19 C 14.948600 -17.316200 0.000000 0
M  V30 20 C 15.590200 -17.837799 0.000000 0 CHG=-1
M  V30 21 C 14.176100 -17.611099 0.000000 0 CHG=1
M  V30 22 C 15.851900 -16.205099 0.000000 0 RAD=3 MASS=13
M  V30 23 C 13.665500 -16.273100 0.000000 0 RAD=2
M  V30 24 C 13.927400 -14.640500 0.000000 0 RAD=1
M  V30 25 C 15.982900 -15.388800 0.000000 0
M  V30 26 C 19.203501 -13.393100 0.000000 0
M  V30 27 C 25.030701 -10.495400 0.000000 0
M  V30 28 SDF 24.617399 -11.211500 0.000000 0
M  V30 29 C 25.030701 -11.927500 0.000000 0
M  V30 30 SDF 23.790600 -11.211500 0.000000 0
M  V30 31 C 18.692900 -12.055300 0.000000 0
M  V30 32 C 19.465300 -11.760500 0.000000 0 ATTCHPT=1
M  V30 33 C 19.596300 -10.944100 0.000000 0 MASS=11
M  V30 34 R# 20.368700 -10.649300 0.000000 0 RGROUPS=(1 2)
M  V30 35 C 21.141100 -10.354400 0.000000 0 MASS=15
M  V30 36 R# 21.271999 -9.538100 0.000000 0 RGROUPS=(1 1)
M  V30 37 R# 21.782700 -10.876000 0.000000 0 RGROUPS=(1 5)
M  V30 38 C 18.954700 -10.422500 0.000000 0 MASS=10
M  V30 39 C 14.961600 -12.712900 0.000000 0 CFG=2
M  V30 40 P 15.864900 -11.601800 0.000000 0
M  V30 41 N 14.189200 -13.007700 0.000000 0
M  V30 42 C 14.666800 -11.940500 0.000000 0
M  V30 43 O 15.256400 -13.485400 0.000000 0
M  V30 44 C 18.810801 -15.842200 0.000000 0
M  V30 45 C 17.396799 -15.615500 0.000000 0
M  V30 46 C 19.583300 -15.547400 0.000000 0
M  V30 47 C 18.679899 -16.658600 0.000000 0
M  V30 48 C 29.755199 -10.440300 0.000000 0
M  V30 49 C 29.341801 -9.724400 0.000000 0
M  V30 50 C 28.928400 -9.008300 0.000000 0
M  V30 51 C 28.101700 -9.008300 0.000000 0
M  V30 52 C 29.755199 -11.872400 0.000000 0
M  V30 53 C 29.341801 -12.588400 0.000000 0
M  V30 54 C 28.928400 -13.304400 0.000000 0
M  V30 55 C 29.341801 -11.156400 0.000000 0
M  V30 56 C 29.341801 -14.020400 0.000000 0
M  V30 57 C 28.515100 -11.156400 0.000000 0
M  V30 58 C 27.688299 -11.156400 0.000000 0
M  V30 59 C 27.274900 -10.440300 0.000000 0
M  V30 60 O 27.274900 -11.872400 0.000000 0
M  V30 61 C 34.066299 -11.211500 0.000000 0
M  V30 62 C 33.239498 -11.211500 0.000000 0
M  V30 63 C 32.412800 -11.211500 0.000000 0
M  V30 64 O 31.999399 -11.927500 0.000000 0
M  V30 65 C 31.999399 -10.495400 0.000000 0
M  V30 66 C 34.479698 -10.495400 0.000000 0
M  V30 67 S 34.479698 -11.927500 0.000000 0
M  V30 68 C 15.055000 -20.946600 0.000000 0
M  V30 69 C 14.228200 -20.946600 0.000000 0
M  V30 70 C 13.401400 -20.946600 0.000000 0
M  V30 71 O 12.988000 -21.662600 0.000000 0
M  V30 72 C 15.468300 -20.230499 0.000000 0
M  V30 73 S 15.468300 -21.662600 0.000000 0
M  V30 74 C 19.026400 -21.360001 0.000000 0
M  V30 75 C 19.742399 -21.773399 0.000000 0
M  V30 76 C 20.458401 -21.360001 0.000000 0
M  V30 77 C 20.458401 -20.533199 0.000000 0
M  V30 78 C 19.742399 -20.119801 0.000000 0
M  V30 79 C 19.026400 -20.533199 0.000000 0
M  V30 80 N 21.244699 -21.615499 0.000000 0 CHG=1
M  V30 81 C 21.730700 -20.946600 0.000000 0
M  V30 82 N 21.244699 -20.277700 0.000000 0
M  V30 83 C 17.594400 -21.360001 0.000000 0
M  V30 84 C 18.310400 -21.773399 0.000000 0
M  V30 85 C 18.310400 -20.119801 0.000000 0
M  V30 86 C 17.594400 -20.533199 0.000000 0
M  V30 87 C 21.500200 -19.491400 0.000000 0
M  V30 88 C 21.500200 -22.401800 0.000000 0
M  V30 89 O 24.525600 -20.498301 0.000000 0 CHG=1
M  V30 90 C 25.194500 -20.984301 0.000000 0
M  V30 91 C 24.938999 -21.770599 0.000000 0
M  V30 92 C 24.112200 -21.770599 0.000000 0
M  V30 93 C 23.856701 -20.984301 0.000000 0
M  V30 94 C 26.382999 -13.357900 0.000000 0
M  V30 95 C 27.099001 -13.771300 0.000000 0
M  V30 96 C 27.099001 -14.598000 0.000000 0
M  V30 97 O 26.382999 -15.011400 0.000000 0
M  V30 98 B 25.666901 -14.598000 0.000000 0
M  V30 99 C 25.666901 -13.771300 0.000000 0
M  V30 100 C 24.525600 -19.671499 0.000000 0
M  V30 101 C 17.907499 -16.953400 0.000000 0
M  V30 102 C 17.265900 -16.431801 0.000000 0
M  V30 103 C 29.730400 -16.197001 0.000000 0
M  V30 104 C 30.540701 -16.361300 0.000000 0
M  V30 105 C 31.226400 -16.823200 0.000000 0
M  V30 106 C 31.683201 -17.512300 0.000000 0
M  V30 107 C 31.841600 -18.323799 0.000000 0
M  V30 108 C 31.379700 -19.009501 0.000000 0
M  V30 109 C 31.215401 -19.819799 0.000000 0
M  V30 110 C 30.526300 -20.276600 0.000000 0
M  V30 111 C 29.714800 -20.434900 0.000000 0
M  V30 112 C 29.029100 -19.973101 0.000000 0
M  V30 113 C 28.218800 -19.808800 0.000000 0
M  V30 114 C 27.761900 -19.119699 0.000000 0
M  V30 115 C 27.603600 -18.308201 0.000000 0
M  V30 116 C 28.065500 -17.622400 0.000000 0
M  V30 117 C 28.229799 -16.812201 0.000000 0
M  V30 118 C 28.918900 -16.355301 0.000000 0
M  V30 119 S 33.318001 -15.905600 0.000000 0
M  V30 120 C 34.033901 -15.492200 0.000000 0
M  V30 121 N 34.750000 -15.905600 0.000000 0
M  V30 122 C 34.750000 -16.732401 0.000000 0
M  V30 123 C 34.033901 -17.145800 0.000000 0
M  V30 124 C 33.318001 -16.732401 0.000000 0
M  V30 125 C 34.033901 -14.665400 0.000000 0
M  V30 126 C 34.033901 -13.838600 0.000000 0
M  V30 127 C 34.033901 -13.011900 0.000000 0
M  V30 128 C 13.403600 -8.583100 0.000000 0
M  V30 129 C 12.836200 -9.180600 0.000000 0
M  V30 130 C 13.127500 -9.961700 0.000000 0
M  V30 131 C 13.926700 -9.961700 0.000000 0
M  V30 132 C 14.667300 -9.823000 0.000000 0
M  V30 133 C 14.236000 -9.109600 0.000000 0
M  V30 134 C 14.981300 -8.597100 0.000000 0
M  V30 135 C 15.369500 -10.241500 0.000000 0
M  V30 136 C 15.976200 -9.666700 0.000000 0
M  V30 137 C 15.805500 -8.849100 0.000000 0
M  V30 138 C 13.818000 -10.790100 0.000000 0
M  V30 139 C 14.446200 -11.388900 0.000000 0
M  V30 140 C 15.223400 -11.080200 0.000000 0
M  V30 141 C 12.358700 -9.901900 0.000000 0
M  V30 142 C 12.105400 -10.707200 0.000000 0
M  V30 143 C 12.984300 -10.790100 0.000000 0
M  V30 144 C 12.273000 -8.517500 0.000000 0
M  V30 145 C 11.852800 -9.048900 0.000000 0
M  V30 146 C 11.590200 -9.710500 0.000000 0
M  V30 147 C 13.004000 -7.374100 0.000000 0
M  V30 148 C 12.605100 -7.902000 0.000000 0
M  V30 149 C 13.741200 -7.905500 0.000000 0
M  V30 150 C 14.172300 -7.375100 0.000000 0
M  V30 151 C 14.981300 -7.746500 0.000000 0
M  V30 152 C 11.844200 -7.274700 0.000000 0
M  V30 153 C 11.554800 -8.013100 0.000000 0
M  V30 154 C 11.312500 -8.686900 0.000000 0
M  V30 155 C 10.888400 -9.260600 0.000000 0
M  V30 156 C 10.515900 -9.940800 0.000000 0
M  V30 157 C 11.269500 -10.407500 0.000000 0
M  V30 158 C 10.888700 -11.125000 0.000000 0
M  V30 159 C 11.696200 -11.452600 0.000000 0
M  V30 160 C 10.119700 -10.672200 0.000000 0
M  V30 161 C 9.721700 -11.415600 0.000000 0
M  V30 162 C 10.448800 -11.839100 0.000000 0
M  V30 163 C 10.336500 -8.648600 0.000000 0
M  V30 164 C 9.831700 -9.338800 0.000000 0
M  V30 165 C 9.532000 -10.075400 0.000000 0
M  V30 166 C 10.754000 -7.831200 0.000000 0
M  V30 167 C 9.991100 -7.934400 0.000000 0
M  V30 168 C 11.184700 -6.176900 0.000000 0
M  V30 169 C 10.978700 -7.002500 0.000000 0
M  V30 170 C 11.959600 -6.389600 0.000000 0
M  V30 171 C 12.698300 -6.020200 0.000000 0
M  V30 172 C 13.333800 -6.535800 0.000000 0
M  V30 173 C 13.950200 -6.287800 0.000000 0
M  V30 174 C 14.405700 -6.671900 0.000000 0
M  V30 175 C 10.293700 -6.458800 0.000000 0
M  V30 176 C 9.497600 -6.734300 0.000000 0
M  V30 177 C 9.315900 -7.570300 0.000000 0
M  V30 178 C 8.791600 -8.226900 0.000000 0
M  V30 179 C 8.990200 -9.087400 0.000000 0
M  V30 180 C 8.180300 -8.858600 0.000000 0
M  V30 181 C 7.949000 -9.642600 0.000000 0
M  V30 182 C 8.745400 -9.936100 0.000000 0
M  V30 183 C 8.430300 -10.738600 0.000000 0
M  V30 184 C 8.879200 -11.415600 0.000000 0
M  V30 185 C 19.264500 -17.243200 0.000000 0
M  V30 186 P 19.050501 -18.041800 0.000000 0 CHG=-2
M  V30 187 P 20.091299 -17.243200 0.000000 0 CHG=2
M  V30 188 W 22.584600 -15.699700 0.000000 0 CHG=5
M  V30 189 W 24.120100 -15.611100 0.000000 0 CHG=-5
M  V30 190 C 24.917299 -17.855301 0.000000 0
M  V30 191 C 24.090500 -17.855301 0.000000 0
M  V30 192 C 23.263700 -17.855301 0.000000 0
M  V30 193 O 22.850300 -18.571301 0.000000 0
M  V30 194 C 22.850300 -17.139200 0.000000 0
M  V30 195 C 25.330700 -17.139200 0.000000 0
M  V30 196 S 25.330700 -18.571301 0.000000 0
M  V30 197 Ag 51.911999 -25.502899 0.000000 0
M  V30 198 T 40.182499 -10.403700 0.000000 0
M  V30 199 Ar 50.171600 -13.083600 0.000000 0
M  V30 200 Xe 50.113098 -15.624100 0.000000 0
M  V30 201 Mn 44.399899 -18.492001 0.000000 0
M  V30 202 Zn 50.136501 -22.691799 0.000000 0
M  V30 203 Cu 50.137299 -26.851700 0.000000 0
M  V30 204 B 40.186699 -11.727400 0.000000 0
M  V30 205 Kr 50.152401 -14.353800 0.000000 0
M  V30 206 Pd 50.095600 -19.786400 0.000000 0
M  V30 207 Rn 50.104801 -17.000299 0.000000 0
M  V30 208 Pt 50.124802 -21.268700 0.000000 0
M  V30 209 Cd 50.140701 -24.091600 0.000000 0
M  V30 210 H 36.179699 -10.455500 0.000000 0
M  V30 211 Li 36.190601 -11.677200 0.000000 0
M  V30 212 Na 36.178001 -13.084500 0.000000 0
M  V30 213 K 36.178001 -14.341300 0.000000 0
M  V30 214 Rb 36.148800 -15.623300 0.000000 0
M  V30 215 Cs 36.115398 -17.005400 0.000000 0
M  V30 216 Sc 36.119598 -18.525299 0.000000 0
M  V30 217 Y 36.115398 -19.786400 0.000000 0
M  V30 218 La 36.119598 -21.243700 0.000000 0
M  V30 219 Ce 36.102798 -22.680201 0.000000 0
M  V30 220 Tb 36.111301 -24.062300 0.000000 0
M  V30 221 Th 36.086201 -25.569700 0.000000 0
M  V30 222 Bk 36.086201 -26.955999 0.000000 0
M  V30 223 D 38.286800 -10.437100 0.000000 0
M  V30 224 Be 38.286800 -11.706500 0.000000 0
M  V30 225 Mg 38.253399 -13.105300 0.000000 0
M  V30 226 Ca 38.215801 -14.320500 0.000000 0
M  V30 227 Sr 38.219898 -15.619100 0.000000 0
M  V30 228 Ba 38.219898 -17.034599 0.000000 0
M  V30 229 Ti 38.236599 -18.521200 0.000000 0
M  V30 230 Zr 38.207401 -19.819799 0.000000 0
M  V30 231 Hf 38.215801 -21.243700 0.000000 0
M  V30 232 Pr 38.215801 -22.705299 0.000000 0
M  V30 233 Dy 38.178200 -24.066500 0.000000 0
M  V30 234 Pa 38.165699 -25.544701 0.000000 0
M  V30 235 Cf 38.157299 -26.943501 0.000000 0
M  V30 236 He 50.204201 -10.416100 0.000000 0
M  V30 237 Ne 50.174900 -11.686400 0.000000 0
M  V30 238 Al 40.186699 -13.092800 0.000000 0
M  V30 239 Ga 40.186699 -14.362300 0.000000 0
M  V30 240 In 40.157501 -15.635800 0.000000 0
M  V30 241 Tl 40.186699 -17.038799 0.000000 0
M  V30 242 V 40.190899 -18.521200 0.000000 0
M  V30 243 Nb 40.190899 -19.819799 0.000000 0
M  V30 244 Ta 40.190899 -21.243700 0.000000 0
M  V30 245 Nd 40.190899 -22.705299 0.000000 0
M  V30 246 Ho 40.190899 -24.058201 0.000000 0
M  V30 247 U 40.203400 -25.523800 0.000000 0
M  V30 248 Es 40.169998 -26.926901 0.000000 0
M  V30 249 Fr 42.303699 -10.412000 0.000000 0
M  V30 250 C 42.291199 -11.714800 0.000000 0
M  V30 251 Si 42.291199 -13.080300 0.000000 0
M  V30 252 Ge 42.262100 -14.345500 0.000000 0
M  V30 253 Sn 42.291199 -15.623300 0.000000 0
M  V30 254 Pb 42.291199 -17.038799 0.000000 0
M  V30 255 Cr 42.266102 -18.492001 0.000000 0
M  V30 256 Mo 42.274601 -19.828199 0.000000 0
M  V30 257 W 42.341301 -21.273001 0.000000 0
M  V30 258 Pm 42.333000 -22.676001 0.000000 0
M  V30 259 Er 42.366402 -24.045700 0.000000 0
M  V30 260 Np 42.370602 -25.565500 0.000000 0
M  V30 261 Fm 42.333000 -26.955999 0.000000 0
M  V30 262 Ra 44.316502 -10.407800 0.000000 0
M  V30 263 N 44.341499 -11.685600 0.000000 0
M  V30 264 P 44.358200 -13.080300 0.000000 0
M  V30 265 As 44.341499 -14.349700 0.000000 0
M  V30 266 Sb 44.366600 -15.602400 0.000000 0
M  V30 267 Bi 44.370701 -17.038799 0.000000 0
M  V30 268 Fe 46.404301 -18.462700 0.000000 0
M  V30 269 Tc 44.424999 -19.832300 0.000000 0
M  V30 270 Re 44.395802 -21.239599 0.000000 0
M  V30 271 Sm 44.391602 -22.696800 0.000000 0
M  V30 272 Tm 44.399899 -24.058201 0.000000 0
M  V30 273 Pu 44.429199 -25.565500 0.000000 0
M  V30 274 Md 44.450100 -26.935200 0.000000 0
M  V30 275 Ac 46.400101 -10.412000 0.000000 0
M  V30 276 O 46.408501 -11.685600 0.000000 0
M  V30 277 S 46.416801 -13.080300 0.000000 0
M  V30 278 Se 46.437599 -14.349700 0.000000 0
M  V30 279 Te 46.408501 -15.623300 0.000000 0
M  V30 280 Po 46.437599 -17.030500 0.000000 0
M  V30 281 Ni 50.137299 -18.483700 0.000000 0
M  V30 282 Ru 46.429298 -19.849100 0.000000 0
M  V30 283 Os 46.429298 -21.239599 0.000000 0
M  V30 284 Eu 46.462700 -22.696800 0.000000 0
M  V30 285 Yb 46.483700 -24.016399 0.000000 0
M  V30 286 Am 46.471100 -25.536301 0.000000 0
M  V30 287 No 46.508701 -26.943501 0.000000 0
M  V30 288 Rf 48.274899 -10.445500 0.000000 0
M  V30 289 F 48.300098 -11.668900 0.000000 0
M  V30 290 Cl 48.300098 -13.151200 0.000000 0
M  V30 291 Br 48.279099 -14.349700 0.000000 0
M  V30 292 I 48.320900 -15.610800 0.000000 0
M  V30 293 At 48.300098 -17.001301 0.000000 0
M  V30 294 Co 48.300098 -18.462700 0.000000 0
M  V30 295 Rh 48.354301 -19.819799 0.000000 0
M  V30 296 Ir 48.383499 -21.268700 0.000000 0
M  V30 297 Gd 48.377701 -22.697599 0.000000 0
M  V30 298 Lu 48.400299 -23.991301 0.000000 0
M  V30 299 Cm 48.366798 -25.537201 0.000000 0
M  V30 300 Lr 48.396099 -26.924299 0.000000 0
M  V30 301 Hg 50.151600 -25.503700 0.000000 0
M  V30 302 Au 51.907799 -26.922701 0.000000 0
M  V30 303 C 8.529300 -13.957600 0.000000 0
M  V30 304 C 9.245300 -13.544200 0.000000 0
M  V30 305 C 9.961300 -13.957600 0.000000 0
M  V30 306 C 10.677300 -13.544200 0.000000 0
M  V30 307 C 11.393300 -13.957600 0.000000 0
M  V30 308 C 12.109300 -13.544200 0.000000 0
M  V30 309 N 12.825400 -13.957600 0.000000 0
M  V30 310 C 9.961300 -14.784300 0.000000 0
M  V30 311 C 9.245300 -15.197700 0.000000 0
M  V30 312 C 10.545900 -15.368900 0.000000 0
M  V30 313 C 9.245300 -16.024500 0.000000 0
M  V30 314 C 9.829900 -16.609100 0.000000 0
M  V30 315 N 10.545900 -16.195700 0.000000 0
M  V30 316 N 7.813200 -13.544200 0.000000 0
M  V30 317 C 8.529300 -14.784300 0.000000 0
M  V30 318 C 9.245300 -12.717400 0.000000 0
M  V30 319 C 10.677300 -12.717400 0.000000 0
M  V30 320 N 11.393300 -14.784300 0.000000 0
M  V30 321 C 7.813300 -15.197700 0.000000 0
M  V30 322 C 7.813300 -16.024500 0.000000 0
M  V30 323 C 8.529300 -16.437901 0.000000 0
M  V30 324 C 8.529300 -17.264700 0.000000 0
M  V30 325 C 7.813300 -17.677999 0.000000 0
M  V30 326 C 7.097300 -17.264700 0.000000 0
M  V30 327 C 6.381200 -17.677999 0.000000 0
M  V30 328 C 5.665200 -17.264700 0.000000 0
M  V30 329 C 4.949200 -17.677999 0.000000 0
M  V30 330 C 4.233200 -17.264700 0.000000 0
M  V30 331 C 4.233200 -16.437901 0.000000 0
M  V30 332 C 3.517200 -16.024500 0.000000 0
M  V30 333 C 3.517200 -15.197700 0.000000 0
M  V30 334 C 4.233200 -14.784300 0.000000 0
M  V30 335 C 4.233200 -13.957600 0.000000 0
M  V30 336 C 4.949200 -13.544200 0.000000 0
M  V30 337 C 4.949200 -12.717400 0.000000 0
M  V30 338 C 4.233200 -12.304000 0.000000 0
M  V30 339 C 3.517200 -12.717400 0.000000 0
M  V30 340 C 3.517200 -13.544200 0.000000 0
M  V30 341 C 2.801200 -13.957600 0.000000 0
M  V30 342 C 2.085200 -13.544200 0.000000 0
M  V30 343 C 1.369200 -13.957600 0.000000 0
M  V30 344 C 1.369200 -14.784300 0.000000 0
M  V30 345 C 0.653200 -15.197700 0.000000 0
M  V30 346 C 0.653200 -16.024500 0.000000 0
M  V30 347 C 1.369200 -16.437901 0.000000 0
M  V30 348 C 1.369200 -17.264700 0.000000 0
M  V30 349 C 0.653200 -17.677999 0.000000 0
M  V30 350 C 0.653200 -18.504801 0.000000 0
M  V30 351 C 1.369200 -18.918200 0.000000 0
M  V30 352 C 1.369200 -19.745001 0.000000 0
M  V30 353 C 2.085200 -20.158400 0.000000 0
M  V30 354 C 2.085200 -20.985100 0.000000 0
M  V30 355 C 2.801200 -21.398500 0.000000 0
M  V30 356 C 3.517200 -20.985100 0.000000 0
M  V30 357 C 4.233200 -21.398500 0.000000 0
M  V30 358 C 4.949200 -20.985100 0.000000 0
M  V30 359 C 5.665200 -21.398500 0.000000 0
M  V30 360 C 6.381200 -20.985100 0.000000 0
M  V30 361 C 7.097300 -21.398500 0.000000 0
M  V30 362 C 7.813300 -20.985100 0.000000 0
M  V30 363 C 8.529300 -21.398500 0.000000 0
M  V30 364 C 9.245300 -20.985100 0.000000 0
M  V30 365 C 9.961300 -21.398500 0.000000 0
M  V30 366 C 10.677300 -20.985100 0.000000 0
M  V30 367 C 11.393300 -21.398500 0.000000 0
M  V30 368 C 12.109300 -20.985100 0.000000 0
M  V30 369 C 12.109300 -20.158400 0.000000 0
M  V30 370 C 12.825300 -19.745001 0.000000 0
M  V30 371 C 12.872700 -20.403400 0.000000 0
M  V30 372 C 4.233200 -21.398500 0.000000 0
M  V30 373 C 3.517200 -20.985100 0.000000 0
M  V30 374 C 4.949200 -20.985100 0.000000 0
M  V30 375 C 7.097300 -21.398500 0.000000 0
M  V30 376 C 6.381200 -20.985100 0.000000 0
M  V30 377 C 7.813300 -20.985100 0.000000 0
M  V30 378 C 7.097300 -21.398500 0.000000 0
M  V30 379 C 6.381200 -20.985100 0.000000 0
M  V30 380 C 7.813300 -20.985100 0.000000 0
M  V30 381 C 7.097300 -21.398500 0.000000 0
M  V30 382 C 6.381200 -20.985100 0.000000 0
M  V30 383 C 7.813300 -20.985100 0.000000 0
M  V30 384 C 7.097300 -21.398500 0.000000 0
M  V30 385 C 6.381200 -20.985100 0.000000 0
M  V30 386 C 7.813300 -20.985100 0.000000 0
M  V30 387 C 9.961300 -21.398500 0.000000 0
M  V30 388 C 9.245300 -20.985100 0.000000 0
M  V30 389 C 10.677300 -20.985100 0.000000 0
M  V30 390 C 11.393300 -21.398500 0.000000 0
M  V30 391 C 9.961300 -21.398500 0.000000 0
M  V30 392 C 9.245300 -20.985100 0.000000 0
M  V30 393 C 10.677300 -20.985100 0.000000 0
M  V30 394 C 11.393300 -21.398500 0.000000 0
M  V30 395 C 9.961300 -21.398500 0.000000 0
M  V30 396 C 9.245300 -20.985100 0.000000 0
M  V30 397 C 10.677300 -20.985100 0.000000 0
M  V30 398 C 11.393300 -21.398500 0.000000 0
M  V30 399 C 9.961300 -21.398500 0.000000 0
M  V30 400 C 9.245300 -20.985100 0.000000 0
M  V30 401 C 10.677300 -20.985100 0.000000 0
M  V30 402 C 11.393300 -21.398500 0.000000 0
M  V30 403 C 9.961300 -21.398500 0.000000 0
M  V30 404 C 9.245300 -20.985100 0.000000 0
M  V30 405 C 10.677300 -20.985100 0.000000 0
M  V30 406 C 11.393300 -21.398500 0.000000 0
M  V30 407 C 9.961300 -21.398500 0.000000 0
M  V30 408 C 9.245300 -20.985100 0.000000 0
M  V30 409 C 10.677300 -20.985100 0.000000 0
M  V30 410 C 11.393300 -21.398500 0.000000 0
M  V30 411 C 9.961300 -21.398500 0.000000 0
M  V30 412 C 9.245300 -20.985100 0.000000 0
M  V30 413 C 10.677300 -20.985100 0.000000 0
M  V30 414 C 11.393300 -21.398500 0.000000 0
M  V30 415 C 9.961300 -21.398500 0.000000 0
M  V30 416 C 9.245300 -20.985100 0.000000 0
M  V30 417 C 10.677300 -20.985100 0.000000 0
M  V30 418 C 11.393300 -21.398500 0.000000 0
M  V30 419 C 9.961300 -21.398500 0.000000 0
M  V30 420 C 9.245300 -20.985100 0.000000 0
M  V30 421 C 10.677300 -20.985100 0.000000 0
M  V30 422 C 11.393300 -21.398500 0.000000 0
M  V30 END ATOM
M  V30 BEGIN BOND
M  V30 1 1 1 2
M  V30 2 1 2 3
M  V30 3 1 3 4
M  V30 4 1 4 5
M  V30 5 1 5 6
M  V30 6 1 1 6
M  V30 7 1 6 7 CFG=1
M  V30 8 1 4 8 CFG=1
M  V30 9 1 3 9 CFG=1
M  V30 10 1 9 10
M  V30 11 1 9 11
M  V30 12 1 1 12
M  V30 13 1 2 13 CFG=2
M  V30 14 1 5 14
M  V30 15 1 14 15
M  V30 16 1 15 16
M  V30 17 1 16 17
M  V30 18 1 17 18
M  V30 19 2 18 19
M  V30 20 1 19 20
M  V30 21 1 19 21
M  V30 22 1 18 22
M  V30 23 1 17 23 CFG=1
M  V30 24 1 16 24 CFG=1
M  V30 25 1 15 25
M  V30 26 1 11 26
M  V30 27 1 27 28
M  V30 28 1 28 29
M  V30 29 1 28 30
M  V30 30 1 13 31
M  V30 31 2 31 32
M  V30 32 1 32 33
M  V30 33 1 33 34
M  V30 34 1 34 35
M  V30 35 1 35 36
M  V30 36 1 35 37
M  V30 37 1 33 38
M  V30 38 1 7 39
M  V30 39 1 7 40
M  V30 40 1 39 41
M  V30 41 1 39 42 CFG=1
M  V30 42 1 39 43 CFG=1
M  V30 43 1 10 44
M  V30 44 1 10 45
M  V30 45 1 44 46
M  V30 46 1 44 47
M  V30 47 2 48 49
M  V30 48 2 49 50
M  V30 49 1 48 55
M  V30 50 1 50 51 CFG=1
M  V30 51 2 52 53
M  V30 52 2 53 54
M  V30 53 1 52 55
M  V30 54 1 54 56 CFG=3
M  V30 55 2 55 57
M  V30 56 2 57 58
M  V30 57 1 58 59 CFG=3
M  V30 58 1 58 60
M  V30 59 2 61 62
M  V30 60 2 62 63
M  V30 61 1 63 64
M  V30 62 1 63 65
M  V30 63 1 61 66 CFG=3
M  V30 64 1 61 67
M  V30 65 2 68 69
M  V30 66 2 69 70
M  V30 67 1 70 71
M  V30 68 1 68 72 CFG=1
M  V30 69 1 68 73
M  V30 70 1 74 75
M  V30 71 2 75 76
M  V30 72 2 77 78
M  V30 73 1 78 79
M  V30 74 1 77 82
M  V30 75 1 77 76
M  V30 76 1 76 80
M  V30 77 2 80 81
M  V30 78 1 81 82
M  V30 79 2 79 85
M  V30 80 1 74 79
M  V30 81 2 84 74
M  V30 82 1 83 84
M  V30 83 1 85 86
M  V30 84 2 83 86
M  V30 85 1 82 87
M  V30 86 1 80 88
M  V30 87 1 89 90
M  V30 88 2 90 91
M  V30 89 1 91 92
M  V30 90 2 92 93
M  V30 91 1 89 93
M  V30 92 1 94 95
M  V30 93 2 95 96
M  V30 94 1 96 97
M  V30 95 1 97 98
M  V30 96 1 98 99
M  V30 97 2 94 99
M  V30 98 1 89 100
M  V30 99 2 47 101
M  V30 100 1 101 102
M  V30 101 1 103 104
M  V30 102 1 104 105
M  V30 103 1 105 106
M  V30 104 2 106 107
M  V30 105 1 107 108
M  V30 106 2 108 109
M  V30 107 1 109 110
M  V30 108 2 110 111
M  V30 109 1 111 112
M  V30 110 2 112 113
M  V30 111 1 113 114
M  V30 112 2 114 115
M  V30 113 1 115 116
M  V30 114 2 116 117
M  V30 115 1 118 117 CFG=2
M  V30 116 2 118 103
M  V30 117 1 119 120
M  V30 118 1 120 121
M  V30 119 1 121 122
M  V30 120 1 122 123
M  V30 121 3 123 124
M  V30 122 1 119 124
M  V30 123 1 120 125
M  V30 124 3 125 126
M  V30 125 1 126 127
M  V30 126 1 133 132
M  V30 127 1 135 136
M  V30 128 1 136 137
M  V30 129 1 134 137
M  V30 130 1 140 135
M  V30 131 1 132 135
M  V30 132 1 132 131
M  V30 133 1 138 139
M  V30 134 1 139 140
M  V30 135 1 143 138
M  V30 136 1 138 131
M  V30 137 1 130 131
M  V30 138 1 142 143
M  V30 139 1 141 130
M  V30 140 1 130 129
M  V30 141 1 140 40
M  V30 142 1 144 129
M  V30 143 1 129 128
M  V30 144 1 149 128
M  V30 145 1 128 133
M  V30 146 1 133 134
M  V30 147 1 134 151
M  V30 148 1 150 151
M  V30 149 1 144 148
M  V30 150 1 145 144
M  V30 151 1 154 145
M  V30 152 1 146 145
M  V30 153 1 146 157
M  V30 154 1 159 142
M  V30 155 1 146 141
M  V30 156 1 142 141
M  V30 157 1 158 159
M  V30 158 1 156 157
M  V30 159 1 158 157
M  V30 160 1 162 158
M  V30 161 1 161 162
M  V30 162 1 160 156
M  V30 163 1 156 155
M  V30 164 1 163 155
M  V30 165 1 155 154
M  V30 166 1 154 153
M  V30 167 1 166 153
M  V30 168 1 153 152
M  V30 169 1 168 169
M  V30 170 1 168 170
M  V30 171 1 171 170
M  V30 172 1 170 152
M  V30 173 1 148 152
M  V30 174 1 148 147
M  V30 175 1 171 172
M  V30 176 1 173 172
M  V30 177 1 172 147
M  V30 178 1 147 149
M  V30 179 1 149 150
M  V30 180 1 150 174
M  V30 181 1 173 174
M  V30 182 1 175 169
M  V30 183 1 166 169
M  V30 184 1 167 166
M  V30 185 1 175 176
M  V30 186 1 176 177
M  V30 187 1 177 178
M  V30 188 1 164 163
M  V30 189 1 177 167
M  V30 190 1 163 167
M  V30 191 1 178 179
M  V30 192 1 179 180
M  V30 193 1 179 164
M  V30 194 1 165 164
M  V30 195 1 180 181
M  V30 196 1 181 182
M  V30 197 1 182 183
M  V30 198 1 165 182
M  V30 199 1 184 161
M  V30 200 1 165 160
M  V30 201 1 161 160
M  V30 202 1 183 184
M  V30 203 1 153 144
M  V30 204 1 155 146
M  V30 205 1 166 163
M  V30 206 1 129 141
M  V30 207 1 169 152
M  V30 208 1 148 128
M  V30 209 1 156 164
M  V30 210 1 160 158
M  V30 211 1 157 142
M  V30 212 1 130 143
M  V30 213 1 133 131
M  V30 214 1 179 182
M  V30 215 1 47 185
M  V30 216 1 185 186
M  V30 217 1 185 187
M  V30 218 2 190 191
M  V30 219 2 191 192
M  V30 220 1 192 193
M  V30 221 1 192 194
M  V30 222 1 190 195
M  V30 223 1 190 196
M  V30 224 1 303 304
M  V30 225 1 304 305
M  V30 226 1 305 306
M  V30 227 1 306 307
M  V30 228 1 307 308
M  V30 229 1 308 309
M  V30 230 1 305 310
M  V30 231 1 310 311
M  V30 232 2 310 312
M  V30 233 2 311 313
M  V30 234 1 313 314
M  V30 235 2 314 315
M  V30 236 1 312 315
M  V30 237 1 303 316
M  V30 238 1 303 317
M  V30 239 1 304 318
M  V30 240 1 306 319
M  V30 241 1 307 320
M  V30 242 1 317 321
M  V30 243 1 321 322
M  V30 244 1 322 323
M  V30 245 1 323 324
M  V30 246 1 324 325
M  V30 247 1 325 326
M  V30 248 1 326 327
M  V30 249 1 327 328
M  V30 250 1 328 329
M  V30 251 1 329 330
M  V30 252 1 330 331
M  V30 253 1 331 332
M  V30 254 1 332 333
M  V30 255 1 333 334
M  V30 256 1 334 335
M  V30 257 1 335 336
M  V30 258 1 336 337
M  V30 259 1 337 338
M  V30 260 1 338 339
M  V30 261 1 339 340
M  V30 262 1 340 341
M  V30 263 1 341 342
M  V30 264 1 342 343
M  V30 265 1 343 344
M  V30 266 1 344 345
M  V30 267 1 345 346
M  V30 268 1 346 347
M  V30 269 1 347 348
M  V30 270 1 348 349
M  V30 271 1 349 350
M  V30 272 1 350 351
M  V30 273 1 351 352
M  V30 274 1 352 353
M  V30 275 1 353 354
M  V30 276 1 354 355
M  V30 277 1 356 357
M  V30 278 1 357 358
M  V30 279 1 358 359
M  V30 280 1 360 361
M  V30 281 1 361 362
M  V30 282 1 362 363
M  V30 283 1 364 365
M  V30 284 1 365 366
M  V30 285 1 366 367
M  V30 286 1 367 368
M  V30 287 1 368 369
M  V30 288 1 369 370
M  V30 289 1 370 371
M  V30 290 1 70 371
M  V30 291 1 373 372
M  V30 292 1 372 374
M  V30 293 1 356 374
M  V30 294 1 373 355
M  V30 295 1 376 375
M  V30 296 1 375 377
M  V30 297 1 377 379
M  V30 298 1 379 378
M  V30 299 1 378 380
M  V30 300 1 380 382
M  V30 301 1 382 381
M  V30 302 1 381 383
M  V30 303 1 383 385
M  V30 304 1 385 384
M  V30 305 1 384 386
M  V30 306 1 360 386
M  V30 307 1 376 359
M  V30 308 1 388 387
M  V30 309 1 387 389
M  V30 310 1 389 390
M  V30 311 1 390 392
M  V30 312 1 392 391
M  V30 313 1 391 393
M  V30 314 1 393 394
M  V30 315 1 394 396
M  V30 316 1 396 395
M  V30 317 1 395 397
M  V30 318 1 397 398
M  V30 319 1 398 400
M  V30 320 1 400 399
M  V30 321 1 399 401
M  V30 322 1 401 402
M  V30 323 1 402 404
M  V30 324 1 404 403
M  V30 325 1 403 405
M  V30 326 1 405 406
M  V30 327 1 406 408
M  V30 328 1 408 407
M  V30 329 1 407 409
M  V30 330 1 409 410
M  V30 331 1 410 412
M  V30 332 1 412 411
M  V30 333 1 411 413
M  V30 334 1 413 414
M  V30 335 1 414 416
M  V30 336 1 416 415
M  V30 337 1 415 417
M  V30 338 1 417 418
M  V30 339 1 418 420
M  V30 340 1 420 419
M  V30 341 1 419 421
M  V30 342 1 421 422
M  V30 343 1 364 422
M  V30 344 1 388 363
M  V30 END BOND
M  V30 BEGIN COLLECTION
M  V30 MDLV30/STEREL1 ATOMS=(2 3 4)
M  V30 MDLV30/STEABS ATOMS=(2 6 17)
M  V30 MDLV30/STEREL2 ATOMS=(1 16)
M  V30 MDLV30/STERAC2 ATOMS=(1 39)
M  V30 END COLLECTION
M  V30 BEGIN SGROUP
M  V30 1 GEN 1 ATOMS=(2 175 176) BRKXYZ=(9 9.820000 -7.150000 0.000000 8.9900-
M  V30 00 -7.150000 0.000000 0.000000 0.000000 0.000000) BRKXYZ=(9 10.630000 -
M  V30 -6.320000 0.000000 10.630000 -7.150000 0.000000 0.000000 0.000000 0.00-
M  V30 0000)
M  V30 2 SUP 2 ATOMS=(6 310 311 312 313 314 315) BRKXYZ=(9 9.410000 -14.37000-
M  V30 0 0.000000 10.510000 -14.370000 0.000000 0.000000 0.000000 0.000000) B-
M  V30 RKXYZ=(9 11.060000 -14.270000 0.000000 11.060000 -17.120001 0.000000 0-
M  V30 .000000 0.000000 0.000000) XBONDS=(1 230) LABEL=PhN ESTATE=E
M  V30 3 DAT 3 ATOMS=(6 84 74 75 79 85 78) FIELDNAME=comment FIELDDISP="   -1-
M  V30 .8442   -1.4984    DR    ALL  1       1  " FIELDDATA=Selection
M  V30 4 SRU 4 ATOMS=(3 111 110 112) BRKXYZ=(9 28.620001 -20.309999 0.000000 -
M  V30 28.620001 -19.480000 0.000000 0.000000 0.000000 0.000000) BRKXYZ=(9 30-
M  V30 .870001 -19.639999 0.000000 30.870001 -20.459999 0.000000 0.000000 0.0-
M  V30 00000 0.000000) CONNECT=HT
M  V30 5 SRU 5 ATOMS=(2 105 104) BRKXYZ=(9 30.129999 -16.690001 0.000000 30.1-
M  V30 29999 -15.870000 0.000000 0.000000 0.000000 0.000000) BRKXYZ=(9 31.870-
M  V30 001 -17.170000 0.000000 31.040001 -17.170000 0.000000 0.000000 0.00000-
M  V30 0 0.000000) CONNECT=HH
M  V30 6 SRU 6 ATOMS=(1 184) BRKXYZ=(9 8.240000 -11.080000 0.000000 9.070000 -
M  V30 -11.080000 0.000000 0.000000 0.000000 0.000000) BRKXYZ=(9 9.300000 -11-
M  V30 .000000 0.000000 9.300000 -11.830000 0.000000 0.000000 0.000000 0.0000-
M  V30 00) CONNECT=EU
M  V30 7 SRU 7 ATOMS=(4 327 326 325 328) BRKXYZ=(9 5.300000 -17.889999 0.0000-
M  V30 00 5.300000 -17.059999 0.000000 0.000000 0.000000 0.000000) BRKXYZ=(9 -
M  V30 8.170000 -17.059999 0.000000 8.170000 -17.889999 0.000000 0.000000 0.0-
M  V30 00000 0.000000) CONNECT=EU
M  V30 8 SRU 8 ATOMS=(1 338) BRKXYZ=(9 3.870000 -12.920000 0.000000 3.870000 -
M  V30 -12.100000 0.000000 0.000000 0.000000 0.000000) BRKXYZ=(9 4.590000 -12-
M  V30 .100000 0.000000 4.590000 -12.920000 0.000000 0.000000 0.000000 0.0000-
M  V30 00) CONNECT=EU
M  V30 9 MUL 9 ATOMS=(6 357 356 358 372 373 374) BRKXYZ=(9 3.160000 -21.61000-
M  V30 1 0.000000 3.160000 -20.780001 0.000000 0.000000 0.000000 0.000000) BR-
M  V30 KXYZ=(9 5.300000 -20.780001 0.000000 5.300000 -21.610001 0.000000 0.00-
M  V30 0000 0.000000 0.000000) PATOMS=(3 356 355 357) MULT=2
M  V30 10 MUL 10 ATOMS=(15 361 360 362 375 376 377 378 379 380 381 382 383 38-
M  V30 4 385 386) BRKXYZ=(9 6.020000 -21.610001 0.000000 6.020000 -20.780001 -
M  V30 0.000000 0.000000 0.000000 0.000000) BRKXYZ=(9 8.170000 -20.780001 0.0-
M  V30 00000 8.170000 -21.610001 0.000000 0.000000 0.000000 0.000000) PATOMS=-
M  V30 (3 360 359 361) MULT=5
M  V30 11 MUL 11 ATOMS=(40 365 364 366 367 387 388 389 390 391 392 393 394 39-
M  V30 5 396 397 398 399 400 401 402 403 404 405 406 407 408 409 410 411 412 -
M  V30 413 414 415 416 417 418 419 420 421 422) BRKXYZ=(9 8.880000 -21.610001-
M  V30  0.000000 8.880000 -20.780001 0.000000 0.000000 0.000000 0.000000) BRK-
M  V30 XYZ=(9 11.750000 -20.780001 0.000000 11.750000 -21.610001 0.000000 0.0-
M  V30 00000 0.000000 0.000000) PATOMS=(4 364 363 365 366) MULT=10
M  V30 END SGROUP
M  V30 END CTAB
M  END

