
molecules/r_occur.mol

  SMILES    :  C1=C%91C=CC%92=C1.[*:3]%91.[*:3]%92 |$;;;;;;_R3;_R3$|
  CanSMILES :  [*:3]C1C=CC%91=CC=1.[*:3]%91 |$_R3;;;;;;;_R3$|
  Match     :  True
  Match (2) :  True

  Rgroup #1
    SMILES    :  C1%91CC1.[*:1]%91 |$;;;_AP1$|
    CanSMILES :  C1CC%911.[*:1]%91 |$;;;_AP1$|
    Match     :  True
    Match (2) :  True
  Rgroup #2
    SMILES    :  C1%91CCC1.[*:1]%91 |$;;;;_AP1$|
    CanSMILES :  C1CCC%911.[*:1]%91 |$;;;;_AP1$|
    Match     :  True
    Match (2) :  True
  Rgroup #3
    SMILES    :  C1%91CCCC1.[*:1]%91 |$;;;;;_AP1$|
    CanSMILES :  C1CCCC%911.[*:1]%91 |$;;;;;_AP1$|
    Match     :  True
    Match (2) :  True

molecules/rgroup_a0.mol

  SMILES    :  C1%91C%92%93=CNC%94=1.[*:2]%91.[*:1]%92.[*:2]%93.[*:1]%94 |$;;;;;_AP2;_AP1;_AP2;_AP1$|
  CanSMILES :  caught element: bad valence on C having 5 drawn bonds, charge 0, and 0 radical electrons


molecules/rgroup_a1.mol

  SMILES    :  Cl1%91CCCC1.[*:1]%91 |$;;;;;_AP1$|
  CanSMILES :  C1CCCCl%911.[*:1]%91 |$;;;;;_AP1$|
  Match     :  True
  Match (2) :  True


molecules/rgroup_all.mol

  SMILES    :  C1(C)C%91CC%92C%93C1.[*:1]%93%92.[*:2]%91 |$;;;;;;;_R1;_R2$|
  CanSMILES :  CC1CC%91C%92CC%931.[*:2]%93.[*:1]%91%92 |$;;;;;;;_R2;_R1$|
  Match     :  True
  Match (2) :  True

  Rgroup #1
    SMILES    :  C1%91C%92CCC1.[*:2]%91.[*:1]%92 |$;;;;;_AP2;_AP1$|
    CanSMILES :  C1CCC%91C%921.[*:2]%91.[*:1]%92 |$;;;;;_AP2;_AP1$|
    Match     :  True
    Match (2) :  True
    SMILES    :  C1%91C=CNC%92=1.[*:2]%91.[*:1]%92 |$;;;;;_AP2;_AP1$|
    CanSMILES :  C1=CC%91=C%92N1.[*:2]%91.[*:1]%92 |$;;;;;_AP2;_AP1$|
    Match     :  True
    Match (2) :  True
    SMILES    :  C1C%91%92CCC1.[*:1]%91.[*:2]%92 |$;;;;;_AP1;_AP2$|
    CanSMILES :  C1CCCC%91%921.[*:1]%91.[*:2]%92 |$;;;;;_AP1;_AP2$|
    Match     :  True
    Match (2) :  True
  Rgroup #2
    SMILES    :  C[C@H]1[C@@H]([C@H]([C@@H](Cl%911)C)C)C.[*:1]%91 |o1:1,4,o2:2,3,$;;;;;;;;;_AP1$|
    CanSMILES :  C[C@@H]1[C@@H](C)Cl%91[C@H](C)[C@H]1C.[*:1]%91 |o1:1,7,o2:2,5,$;;;;;;;;;_AP1$|
    Match     :  True
    Match (2) :  True

molecules/recursive1.mol

  SMILES    :  C1=C%91N=C%92C=C%931.[*:1]%93.[*:1]%91.[*:1]%92 |$;;;;;;_R1;_R1;_R1$|
  CanSMILES :  [*:1]C1C=C%91C=C%92N=1.[*:1]%92.[*:1]%91 |$_R1;;;;;;;_R1;_R1$|
  Match     :  True
  Match (2) :  True

  Rgroup #1
    SMILES    :  C%91C%92.[*:2]%92.[*:1]%91 |$;;_R2;_AP1$|
    CanSMILES :  C%91C%92.[*:2]%92.[*:1]%91 |$;;_R2;_AP1$|
    Match     :  True
    Match (2) :  True
    SMILES    :  C%91C%92.[*:3]%92.[*:1]%91 |$;;_R3;_AP1$|
    CanSMILES :  C%91C%92.[*:3]%92.[*:1]%91 |$;;_R3;_AP1$|
    Match     :  True
    Match (2) :  True
  Rgroup #2
    SMILES    :  F%91.[*:1]%91 |$;_AP1$|
    CanSMILES :  F%91.[*:1]%91 |$;_AP1$|
    Match     :  True
    Match (2) :  True
  Rgroup #3
    SMILES    :  Cl%91.[*:1]%91 |$;_AP1$|
    CanSMILES :  Cl%91.[*:1]%91 |$;_AP1$|
    Match     :  True
    Match (2) :  True

molecules/recursive2.mol

  SMILES    :  C1=C%91N=C%92C=C%931.[*:1]%93.[*:1]%91.[*:1]%92 |$;;;;;;_R1;_R1;_R1$|
  CanSMILES :  [*:1]C1C=C%91C=C%92N=1.[*:1]%92.[*:1]%91 |$_R1;;;;;;;_R1;_R1$|
  Match     :  True
  Match (2) :  True

  Rgroup #1
    SMILES    :  C%91C%92.[*:2]%92.[*:1]%91 |$;;_R2;_AP1$|
    CanSMILES :  C%91C%92.[*:2]%92.[*:1]%91 |$;;_R2;_AP1$|
    Match     :  True
    Match (2) :  True
    SMILES    :  C%91C%92.[*:1]%92.[*:1]%91 |$;;_R1;_AP1$|
    CanSMILES :  C%91C%92.[*:1]%92.[*:1]%91 |$;;_R1;_AP1$|
    Match     :  True
    Match (2) :  True
  Rgroup #2
    SMILES    :  F%91.[*:1]%91 |$;_AP1$|
    CanSMILES :  F%91.[*:1]%91 |$;_AP1$|
    Match     :  True
    Match (2) :  True
