Should correctly save highlighted structues
0:
  sm1: OC[C@@H]1[C@@H](O)[C@H](O)[C@@H](O)[C@@H](O[C@H]2[C@H](O)[C@@H](O)[C@H](OCC3CCCCC3)O[C@@H]2CO)O1
  sm2: OC[C@@H]1[C@@H](O)[C@H](O)[C@@H](O)[C@@H](O[C@H]2[C@H](O)[C@@H](O)[C@H](OCC3CCCCC3)O[C@@H]2CO)O1 |ha:0,1,2,3,4,5,6,7,8,9,10,29,hb:0,1,2,3,4,5,6,7,8,9,30,31|
  can sm1: OC[C@H]1O[C@@H](OCC2CCCCC2)[C@H](O)[C@@H](O)[C@@H]1O[C@H]1O[C@H](CO)[C@@H](O)[C@H](O)[C@H]1O
  can sm2: OC[C@H]1O[C@@H](OCC2CCCCC2)[C@H](O)[C@@H](O)[C@@H]1O[C@H]1O[C@H](CO)[C@@H](O)[C@H](O)[C@H]1O
1:
  sm1: OC[C@@H]1[C@@H](O)[C@H](O)[C@@H](O)[C@@H](O[C@H]2[C@H](O)[C@@H](CO)OC(O)[C@@H]2O)O1
  sm2: OC[C@@H]1[C@@H](O)[C@H](O)[C@@H](O)[C@@H](O[C@H]2[C@H](O)[C@@H](CO)OC(O)[C@@H]2O)O1 |ha:0,1,2,3,4,5,6,7,8,9,10,22,hb:0,1,2,3,4,5,6,7,8,9,22,23|
  can sm1: OC1O[C@H](CO)[C@@H](O)[C@H](O[C@H]2O[C@H](CO)[C@@H](O)[C@H](O)[C@H]2O)[C@H]1O
  can sm2: OC1O[C@H](CO)[C@@H](O)[C@H](O[C@H]2O[C@H](CO)[C@@H](O)[C@H](O)[C@H]2O)[C@H]1O
2:
  sm1: [Cl-].COc1c(O)c(OC)cc(-c2[o+]c3c(c(cc(c3)O)O[C@@H]3[C@H](O)[C@@H](O)[C@H](O)[C@@H](CO)O3)cc2O[C@@H]2[C@H](O)[C@@H](O)[C@H](O)[C@@H](CO)O2)c1
  sm2: [Cl-].COc1c(O)c(OC)cc(-c2[o+]c3c(c(cc(c3)O)O[C@@H]3[C@H](O)[C@@H](O)[C@H](O)[C@@H](CO)O3)cc2O[C@@H]2[C@H](O)[C@@H](O)[C@H](O)[C@@H](CO)O2)c1 |ha:34,35,36,37,38,39,40,41,42,43,44,45,hb:36,37,38,39,40,41,42,43,44,45,46,47|
  can sm1: [Cl-].COc1cc(cc(OC)c1O)-c1[o+]c2cc(O)cc(O[C@H]3O[C@H](CO)[C@@H](O)[C@H](O)[C@H]3O)c2cc1O[C@H]1O[C@H](CO)[C@@H](O)[C@H](O)[C@H]1O
  can sm2: [Cl-].COc1cc(cc(OC)c1O)-c1[o+]c2cc(O)cc(O[C@H]3O[C@H](CO)[C@@H](O)[C@H](O)[C@H]3O)c2cc1O[C@H]1O[C@H](CO)[C@@H](O)[C@H](O)[C@H]1O
3:
  sm1: COC(CCSCCO[C@H]1[C@H](O)[C@@H](O)[C@H](O[C@@H]2[C@H](O)[C@@H](O)[C@H](O[C@@H]3[C@H](O)[C@@H](O)[C@H](O)[C@@H](CO[C@@H]4[C@H](O)[C@@H](O)[C@H](O)[C@@H](CO)O4)O3)[C@@H](CO)O2)[C@@H](CO)O1)=O
  sm2: COC(CCSCCO[C@H]1[C@H](O)[C@@H](O)[C@H](O[C@@H]2[C@H](O)[C@@H](O)[C@H](O[C@@H]3[C@H](O)[C@@H](O)[C@H](O)[C@@H](CO[C@@H]4[C@H](O)[C@@H](O)[C@H](O)[C@@H](CO)O4)O3)[C@@H](CO)O2)[C@@H](CO)O1)=O |ha:8,9,10,11,12,13,14,15,49,50,51,52,hb:8,9,10,11,12,13,14,51,52,53,54,55|
  can sm1: COC(=O)CCSCCO[C@@H]1O[C@H](CO)[C@@H](O[C@H]2O[C@H](CO)[C@@H](O[C@H]3O[C@H](CO[C@H]4O[C@H](CO)[C@@H](O)[C@H](O)[C@H]4O)[C@@H](O)[C@H](O)[C@H]3O)[C@H](O)[C@H]2O)[C@H](O)[C@H]1O
  can sm2: COC(=O)CCSCCO[C@@H]1O[C@H](CO)[C@@H](O[C@H]2O[C@H](CO)[C@@H](O[C@H]3O[C@H](CO[C@H]4O[C@H](CO)[C@@H](O)[C@H](O)[C@H]4O)[C@@H](O)[C@H](O)[C@H]3O)[C@H](O)[C@H]2O)[C@H](O)[C@H]1O
should correctly find all rgroups small
full scaffold: 
  -INDIGO-01000000002D

  0  0  0  0  0  0  0  0  0  0  0 V3000
M  V30 BEGIN CTAB
M  V30 COUNTS 5 4 0 0 0
M  V30 BEGIN ATOM
M  V30 1 C 0.000000 0.000000 0.000000 0
M  V30 2 C 0.000000 0.000000 0.000000 0
M  V30 3 C 0.000000 0.000000 0.000000 0
M  V30 4 R# 0.000000 0.000000 0.000000 0 RGROUPS=(1 1)
M  V30 5 R# 0.000000 0.000000 0.000000 0 RGROUPS=(1 2)
M  V30 END ATOM
M  V30 BEGIN BOND
M  V30 1 1 1 2
M  V30 2 1 2 3
M  V30 3 1 4 3
M  V30 4 1 5 3
M  V30 END BOND
M  V30 END CTAB
M  END

CCC |ha:0,1,2,hb:0,1|

  -INDIGO-01000000002D

  0  0  0  0  0  0  0  0  0  0  0 V3000
M  V30 BEGIN CTAB
M  V30 COUNTS 3 2 0 0 0
M  V30 BEGIN ATOM
M  V30 1 C 0.000000 0.000000 0.000000 0
M  V30 2 C 0.000000 0.000000 0.000000 0
M  V30 3 C 0.000000 0.000000 0.000000 0
M  V30 END ATOM
M  V30 BEGIN BOND
M  V30 1 1 1 2
M  V30 2 1 2 3
M  V30 END BOND
M  V30 END CTAB
M  END

CCC(C)C |ha:0,1,2,hb:0,1|

  -INDIGO-01000000002D

  0  0  0  0  0  0  0  0  0  0  0 V3000
M  V30 BEGIN CTAB
M  V30 COUNTS 5 4 0 0 0
M  V30 BEGIN ATOM
M  V30 1 C 0.000000 0.000000 0.000000 0
M  V30 2 C 0.000000 0.000000 0.000000 0
M  V30 3 C 0.000000 0.000000 0.000000 0
M  V30 4 R# 0.000000 0.000000 0.000000 0 RGROUPS=(1 1)
M  V30 5 R# 0.000000 0.000000 0.000000 0 RGROUPS=(1 2)
M  V30 END ATOM
M  V30 BEGIN BOND
M  V30 1 1 1 2
M  V30 2 1 2 3
M  V30 3 1 4 3
M  V30 4 1 5 3
M  V30 END BOND
M  V30 END CTAB
M  V30 BEGIN RGROUP 1
M  V30 RLOGIC 0 0 
M  V30 BEGIN CTAB
M  V30 COUNTS 1 0 0 0 0
M  V30 BEGIN ATOM
M  V30 1 C 0.000000 0.000000 0.000000 0 ATTCHPT=1
M  V30 END ATOM
M  V30 BEGIN BOND
M  V30 END BOND
M  V30 END CTAB
M  V30 END RGROUP
M  V30 BEGIN RGROUP 2
M  V30 RLOGIC 0 0 
M  V30 BEGIN CTAB
M  V30 COUNTS 1 0 0 0 0
M  V30 BEGIN ATOM
M  V30 1 C 0.000000 0.000000 0.000000 0 ATTCHPT=1
M  V30 END ATOM
M  V30 BEGIN BOND
M  V30 END BOND
M  V30 END CTAB
M  V30 END RGROUP
M  END

RGROUP # 1

  -INDIGO-01000000002D

  0  0  0  0  0  0  0  0  0  0  0 V3000
M  V30 BEGIN CTAB
M  V30 COUNTS 1 0 0 0 0
M  V30 BEGIN ATOM
M  V30 1 C 0.000000 0.000000 0.000000 0 ATTCHPT=1
M  V30 END ATOM
M  V30 BEGIN BOND
M  V30 END BOND
M  V30 END CTAB
M  END

RGROUP # 2

  -INDIGO-01000000002D

  0  0  0  0  0  0  0  0  0  0  0 V3000
M  V30 BEGIN CTAB
M  V30 COUNTS 1 0 0 0 0
M  V30 BEGIN ATOM
M  V30 1 C 0.000000 0.000000 0.000000 0 ATTCHPT=1
M  V30 END ATOM
M  V30 BEGIN BOND
M  V30 END BOND
M  V30 END CTAB
M  END

should correctly find two att order rgroups
full scaffold: 
  -INDIGO-01000000002D

  0  0  0  0  0  0  0  0  0  0  0 V3000
M  V30 BEGIN CTAB
M  V30 COUNTS 7 8 0 0 0
M  V30 BEGIN ATOM
M  V30 1 C 0.000000 0.000000 0.000000 0
M  V30 2 C 0.000000 0.000000 0.000000 0
M  V30 3 N 0.000000 0.000000 0.000000 0
M  V30 4 N 0.000000 0.000000 0.000000 0
M  V30 5 C 0.000000 0.000000 0.000000 0
M  V30 6 R# 0.000000 0.000000 0.000000 0 RGROUPS=(1 1)
M  V30 7 R# 0.000000 0.000000 0.000000 0 RGROUPS=(1 2)
M  V30 END ATOM
M  V30 BEGIN BOND
M  V30 1 1 1 2
M  V30 2 1 2 3
M  V30 3 1 4 3
M  V30 4 1 4 5
M  V30 5 1 5 1
M  V30 6 1 6 3
M  V30 7 1 6 4
M  V30 8 1 7 3
M  V30 END BOND
M  V30 END CTAB
M  END

C1CN2N(C3C2CC3)C1 |ha:0,1,2,3,8,hb:0,1,2,9,10|

  -INDIGO-01000000002D

  0  0  0  0  0  0  0  0  0  0  0 V3000
M  V30 BEGIN CTAB
M  V30 COUNTS 6 7 0 0 0
M  V30 BEGIN ATOM
M  V30 1 C 0.000000 0.000000 0.000000 0
M  V30 2 C 0.000000 0.000000 0.000000 0
M  V30 3 N 0.000000 0.000000 0.000000 0
M  V30 4 N 0.000000 0.000000 0.000000 0
M  V30 5 C 0.000000 0.000000 0.000000 0
M  V30 6 R# 0.000000 0.000000 0.000000 0 RGROUPS=(1 1)
M  V30 END ATOM
M  V30 BEGIN BOND
M  V30 1 1 1 2
M  V30 2 1 2 3
M  V30 3 1 4 3
M  V30 4 1 4 5
M  V30 5 1 5 1
M  V30 6 1 6 3
M  V30 7 1 6 4
M  V30 END BOND
M  V30 END CTAB
M  V30 BEGIN RGROUP 1
M  V30 RLOGIC 0 0 
M  V30 BEGIN CTAB
M  V30 COUNTS 4 4 0 0 0
M  V30 BEGIN ATOM
M  V30 1 C 0.000000 0.000000 0.000000 0 ATTCHPT=1
M  V30 2 C 0.000000 0.000000 0.000000 0
M  V30 3 C 0.000000 0.000000 0.000000 0
M  V30 4 C 0.000000 0.000000 0.000000 0 ATTCHPT=2
M  V30 END ATOM
M  V30 BEGIN BOND
M  V30 1 1 1 2
M  V30 2 1 2 3
M  V30 3 1 3 4
M  V30 4 1 4 1
M  V30 END BOND
M  V30 END CTAB
M  V30 END RGROUP
M  END

RGROUP # 1

  -INDIGO-01000000002D

  0  0  0  0  0  0  0  0  0  0  0 V3000
M  V30 BEGIN CTAB
M  V30 COUNTS 4 4 0 0 0
M  V30 BEGIN ATOM
M  V30 1 C 0.000000 0.000000 0.000000 0 ATTCHPT=1
M  V30 2 C 0.000000 0.000000 0.000000 0
M  V30 3 C 0.000000 0.000000 0.000000 0
M  V30 4 C 0.000000 0.000000 0.000000 0 ATTCHPT=2
M  V30 END ATOM
M  V30 BEGIN BOND
M  V30 1 1 1 2
M  V30 2 1 2 3
M  V30 3 1 3 4
M  V30 4 1 4 1
M  V30 END BOND
M  V30 END CTAB
M  END

ON1NCCC1 |ha:1,2,3,4,5,hb:1,2,3,4,5|

  -INDIGO-01000000002D

  0  0  0  0  0  0  0  0  0  0  0 V3000
M  V30 BEGIN CTAB
M  V30 COUNTS 6 6 0 0 0
M  V30 BEGIN ATOM
M  V30 1 N 0.000000 0.000000 0.000000 0
M  V30 2 C 0.000000 0.000000 0.000000 0
M  V30 3 C 0.000000 0.000000 0.000000 0
M  V30 4 C 0.000000 0.000000 0.000000 0
M  V30 5 N 0.000000 0.000000 0.000000 0
M  V30 6 R# 0.000000 0.000000 0.000000 0 RGROUPS=(1 2)
M  V30 END ATOM
M  V30 BEGIN BOND
M  V30 1 1 1 2
M  V30 2 1 2 3
M  V30 3 1 3 4
M  V30 4 1 4 5
M  V30 5 1 5 1
M  V30 6 1 6 1
M  V30 END BOND
M  V30 END CTAB
M  V30 BEGIN RGROUP 2
M  V30 RLOGIC 0 0 
M  V30 BEGIN CTAB
M  V30 COUNTS 1 0 0 0 0
M  V30 BEGIN ATOM
M  V30 1 O 0.000000 0.000000 0.000000 0 ATTCHPT=1
M  V30 END ATOM
M  V30 BEGIN BOND
M  V30 END BOND
M  V30 END CTAB
M  V30 END RGROUP
M  END

RGROUP # 2

  -INDIGO-01000000002D

  0  0  0  0  0  0  0  0  0  0  0 V3000
M  V30 BEGIN CTAB
M  V30 COUNTS 1 0 0 0 0
M  V30 BEGIN ATOM
M  V30 1 O 0.000000 0.000000 0.000000 0 ATTCHPT=1
M  V30 END ATOM
M  V30 BEGIN BOND
M  V30 END BOND
M  V30 END CTAB
M  END

should correctly find several att order rgroups
full scaffold: 
  -INDIGO-01000000002D

  0  0  0  0  0  0  0  0  0  0  0 V3000
M  V30 BEGIN CTAB
M  V30 COUNTS 8 9 0 0 0
M  V30 BEGIN ATOM
M  V30 1 P 0.000000 0.000000 0.000000 0
M  V30 2 C 0.000000 0.000000 0.000000 0
M  V30 3 C 0.000000 0.000000 0.000000 0
M  V30 4 C 0.000000 0.000000 0.000000 0
M  V30 5 N 0.000000 0.000000 0.000000 0
M  V30 6 R# 0.000000 0.000000 0.000000 0 RGROUPS=(1 1)
M  V30 7 R# 0.000000 0.000000 0.000000 0 RGROUPS=(1 2)
M  V30 8 R# 0.000000 0.000000 0.000000 0 RGROUPS=(1 3)
M  V30 END ATOM
M  V30 BEGIN BOND
M  V30 1 1 1 2
M  V30 2 1 2 3
M  V30 3 1 3 4
M  V30 4 1 4 5
M  V30 5 1 5 1
M  V30 6 1 6 1
M  V30 7 1 7 1
M  V30 8 1 7 5
M  V30 9 1 8 1
M  V30 END BOND
M  V30 END CTAB
M  END

ClP1NCCC1 |ha:1,2,3,4,5,hb:1,2,3,4,5|

  -INDIGO-01000000002D

  0  0  0  0  0  0  0  0  0  0  0 V3000
M  V30 BEGIN CTAB
M  V30 COUNTS 6 6 0 0 0
M  V30 BEGIN ATOM
M  V30 1 P 0.000000 0.000000 0.000000 0
M  V30 2 C 0.000000 0.000000 0.000000 0
M  V30 3 C 0.000000 0.000000 0.000000 0
M  V30 4 C 0.000000 0.000000 0.000000 0
M  V30 5 N 0.000000 0.000000 0.000000 0
M  V30 6 R# 0.000000 0.000000 0.000000 0 RGROUPS=(1 1)
M  V30 END ATOM
M  V30 BEGIN BOND
M  V30 1 1 1 2
M  V30 2 1 2 3
M  V30 3 1 3 4
M  V30 4 1 4 5
M  V30 5 1 5 1
M  V30 6 1 6 1
M  V30 END BOND
M  V30 END CTAB
M  V30 BEGIN RGROUP 1
M  V30 RLOGIC 0 0 
M  V30 BEGIN CTAB
M  V30 COUNTS 1 0 0 0 0
M  V30 BEGIN ATOM
M  V30 1 Cl 0.000000 0.000000 0.000000 0 ATTCHPT=1
M  V30 END ATOM
M  V30 BEGIN BOND
M  V30 END BOND
M  V30 END CTAB
M  V30 END RGROUP
M  END

RGROUP # 1

  -INDIGO-01000000002D

  0  0  0  0  0  0  0  0  0  0  0 V3000
M  V30 BEGIN CTAB
M  V30 COUNTS 1 0 0 0 0
M  V30 BEGIN ATOM
M  V30 1 Cl 0.000000 0.000000 0.000000 0 ATTCHPT=1
M  V30 END ATOM
M  V30 BEGIN BOND
M  V30 END BOND
M  V30 END CTAB
M  END

C1CP2N(C3C2CC3)C1 |ha:0,1,2,3,8,hb:0,1,2,9,10|

  -INDIGO-01000000002D

  0  0  0  0  0  0  0  0  0  0  0 V3000
M  V30 BEGIN CTAB
M  V30 COUNTS 6 7 0 0 0
M  V30 BEGIN ATOM
M  V30 1 C 0.000000 0.000000 0.000000 0
M  V30 2 C 0.000000 0.000000 0.000000 0
M  V30 3 N 0.000000 0.000000 0.000000 0
M  V30 4 P 0.000000 0.000000 0.000000 0
M  V30 5 C 0.000000 0.000000 0.000000 0
M  V30 6 R# 0.000000 0.000000 0.000000 0 RGROUPS=(1 2) ATTCHORD=(4 4 1 3 2)
M  V30 END ATOM
M  V30 BEGIN BOND
M  V30 1 1 1 2
M  V30 2 1 2 3
M  V30 3 1 4 3
M  V30 4 1 4 5
M  V30 5 1 5 1
M  V30 6 1 6 4
M  V30 7 1 6 3
M  V30 END BOND
M  V30 END CTAB
M  V30 BEGIN RGROUP 2
M  V30 RLOGIC 0 0 
M  V30 BEGIN CTAB
M  V30 COUNTS 4 4 0 0 0
M  V30 BEGIN ATOM
M  V30 1 C 0.000000 0.000000 0.000000 0 ATTCHPT=2
M  V30 2 C 0.000000 0.000000 0.000000 0
M  V30 3 C 0.000000 0.000000 0.000000 0
M  V30 4 C 0.000000 0.000000 0.000000 0 ATTCHPT=1
M  V30 END ATOM
M  V30 BEGIN BOND
M  V30 1 1 1 2
M  V30 2 1 2 3
M  V30 3 1 3 4
M  V30 4 1 4 1
M  V30 END BOND
M  V30 END CTAB
M  V30 END RGROUP
M  END

RGROUP # 2

  -INDIGO-01000000002D

  0  0  0  0  0  0  0  0  0  0  0 V3000
M  V30 BEGIN CTAB
M  V30 COUNTS 4 4 0 0 0
M  V30 BEGIN ATOM
M  V30 1 C 0.000000 0.000000 0.000000 0 ATTCHPT=2
M  V30 2 C 0.000000 0.000000 0.000000 0
M  V30 3 C 0.000000 0.000000 0.000000 0
M  V30 4 C 0.000000 0.000000 0.000000 0 ATTCHPT=1
M  V30 END ATOM
M  V30 BEGIN BOND
M  V30 1 1 1 2
M  V30 2 1 2 3
M  V30 3 1 3 4
M  V30 4 1 4 1
M  V30 END BOND
M  V30 END CTAB
M  END

OP1(NCCC1)O |ha:1,2,3,4,5,hb:1,2,3,4,5|

  -INDIGO-01000000002D

  0  0  0  0  0  0  0  0  0  0  0 V3000
M  V30 BEGIN CTAB
M  V30 COUNTS 7 7 0 0 0
M  V30 BEGIN ATOM
M  V30 1 P 0.000000 0.000000 0.000000 0
M  V30 2 C 0.000000 0.000000 0.000000 0
M  V30 3 C 0.000000 0.000000 0.000000 0
M  V30 4 C 0.000000 0.000000 0.000000 0
M  V30 5 N 0.000000 0.000000 0.000000 0
M  V30 6 R# 0.000000 0.000000 0.000000 0 RGROUPS=(1 1)
M  V30 7 R# 0.000000 0.000000 0.000000 0 RGROUPS=(1 3)
M  V30 END ATOM
M  V30 BEGIN BOND
M  V30 1 1 1 2
M  V30 2 1 2 3
M  V30 3 1 3 4
M  V30 4 1 4 5
M  V30 5 1 5 1
M  V30 6 1 6 1
M  V30 7 1 7 1
M  V30 END BOND
M  V30 END CTAB
M  V30 BEGIN RGROUP 1
M  V30 RLOGIC 0 0 
M  V30 BEGIN CTAB
M  V30 COUNTS 1 0 0 0 0
M  V30 BEGIN ATOM
M  V30 1 O 0.000000 0.000000 0.000000 0 ATTCHPT=1
M  V30 END ATOM
M  V30 BEGIN BOND
M  V30 END BOND
M  V30 END CTAB
M  V30 END RGROUP
M  V30 BEGIN RGROUP 3
M  V30 RLOGIC 0 0 
M  V30 BEGIN CTAB
M  V30 COUNTS 1 0 0 0 0
M  V30 BEGIN ATOM
M  V30 1 O 0.000000 0.000000 0.000000 0 ATTCHPT=1
M  V30 END ATOM
M  V30 BEGIN BOND
M  V30 END BOND
M  V30 END CTAB
M  V30 END RGROUP
M  END

RGROUP # 1

  -INDIGO-01000000002D

  0  0  0  0  0  0  0  0  0  0  0 V3000
M  V30 BEGIN CTAB
M  V30 COUNTS 1 0 0 0 0
M  V30 BEGIN ATOM
M  V30 1 O 0.000000 0.000000 0.000000 0 ATTCHPT=1
M  V30 END ATOM
M  V30 BEGIN BOND
M  V30 END BOND
M  V30 END CTAB
M  END

RGROUP # 3

  -INDIGO-01000000002D

  0  0  0  0  0  0  0  0  0  0  0 V3000
M  V30 BEGIN CTAB
M  V30 COUNTS 1 0 0 0 0
M  V30 BEGIN ATOM
M  V30 1 O 0.000000 0.000000 0.000000 0 ATTCHPT=1
M  V30 END ATOM
M  V30 BEGIN BOND
M  V30 END BOND
M  V30 END CTAB
M  END

should correctly find match within simple and dif rgroup
full scaffold: 
  -INDIGO-01000000002D

  0  0  0  0  0  0  0  0  0  0  0 V3000
M  V30 BEGIN CTAB
M  V30 COUNTS 7 7 0 0 0
M  V30 BEGIN ATOM
M  V30 1 P 0.000000 0.000000 0.000000 0
M  V30 2 C 0.000000 0.000000 0.000000 0
M  V30 3 C 0.000000 0.000000 0.000000 0
M  V30 4 C 0.000000 0.000000 0.000000 0
M  V30 5 N 0.000000 0.000000 0.000000 0
M  V30 6 R# 0.000000 0.000000 0.000000 0 RGROUPS=(1 1)
M  V30 7 R# 0.000000 0.000000 0.000000 0 RGROUPS=(1 2)
M  V30 END ATOM
M  V30 BEGIN BOND
M  V30 1 1 1 2
M  V30 2 1 2 3
M  V30 3 1 3 4
M  V30 4 1 4 5
M  V30 5 1 5 1
M  V30 6 1 6 1
M  V30 7 1 7 1
M  V30 END BOND
M  V30 END CTAB
M  END

ClP1NCCC1 |ha:1,2,3,4,5,hb:1,2,3,4,5|

  -INDIGO-01000000002D

  0  0  0  0  0  0  0  0  0  0  0 V3000
M  V30 BEGIN CTAB
M  V30 COUNTS 6 6 0 0 0
M  V30 BEGIN ATOM
M  V30 1 P 0.000000 0.000000 0.000000 0
M  V30 2 C 0.000000 0.000000 0.000000 0
M  V30 3 C 0.000000 0.000000 0.000000 0
M  V30 4 C 0.000000 0.000000 0.000000 0
M  V30 5 N 0.000000 0.000000 0.000000 0
M  V30 6 R# 0.000000 0.000000 0.000000 0 RGROUPS=(1 1)
M  V30 END ATOM
M  V30 BEGIN BOND
M  V30 1 1 1 2
M  V30 2 1 2 3
M  V30 3 1 3 4
M  V30 4 1 4 5
M  V30 5 1 5 1
M  V30 6 1 6 1
M  V30 END BOND
M  V30 END CTAB
M  V30 BEGIN RGROUP 1
M  V30 RLOGIC 0 0 
M  V30 BEGIN CTAB
M  V30 COUNTS 1 0 0 0 0
M  V30 BEGIN ATOM
M  V30 1 Cl 0.000000 0.000000 0.000000 0 ATTCHPT=1
M  V30 END ATOM
M  V30 BEGIN BOND
M  V30 END BOND
M  V30 END CTAB
M  V30 END RGROUP
M  END

RGROUP # 1

  -INDIGO-01000000002D

  0  0  0  0  0  0  0  0  0  0  0 V3000
M  V30 BEGIN CTAB
M  V30 COUNTS 1 0 0 0 0
M  V30 BEGIN ATOM
M  V30 1 Cl 0.000000 0.000000 0.000000 0 ATTCHPT=1
M  V30 END ATOM
M  V30 BEGIN BOND
M  V30 END BOND
M  V30 END CTAB
M  END

C1CP2(C3C2CC3)NC1 |ha:0,1,2,7,8,hb:0,1,8,9,10|

  -INDIGO-01000000002D

  0  0  0  0  0  0  0  0  0  0  0 V3000
M  V30 BEGIN CTAB
M  V30 COUNTS 6 6 0 0 0
M  V30 BEGIN ATOM
M  V30 1 C 0.000000 0.000000 0.000000 0
M  V30 2 C 0.000000 0.000000 0.000000 0
M  V30 3 N 0.000000 0.000000 0.000000 0
M  V30 4 P 0.000000 0.000000 0.000000 0
M  V30 5 C 0.000000 0.000000 0.000000 0
M  V30 6 R# 0.000000 0.000000 0.000000 0 RGROUPS=(1 1)
M  V30 END ATOM
M  V30 BEGIN BOND
M  V30 1 1 1 2
M  V30 2 1 2 3
M  V30 3 1 3 4
M  V30 4 1 4 5
M  V30 5 1 5 1
M  V30 6 1 6 4
M  V30 END BOND
M  V30 END CTAB
M  V30 BEGIN RGROUP 1
M  V30 RLOGIC 0 0 
M  V30 BEGIN CTAB
M  V30 COUNTS 4 4 0 0 0
M  V30 BEGIN ATOM
M  V30 1 C 0.000000 0.000000 0.000000 0 ATTCHPT=1
M  V30 2 C 0.000000 0.000000 0.000000 0
M  V30 3 C 0.000000 0.000000 0.000000 0
M  V30 4 C 0.000000 0.000000 0.000000 0 ATTCHPT=2
M  V30 END ATOM
M  V30 BEGIN BOND
M  V30 1 1 1 2
M  V30 2 1 2 3
M  V30 3 1 3 4
M  V30 4 1 4 1
M  V30 END BOND
M  V30 END CTAB
M  V30 END RGROUP
M  END

RGROUP # 1

  -INDIGO-01000000002D

  0  0  0  0  0  0  0  0  0  0  0 V3000
M  V30 BEGIN CTAB
M  V30 COUNTS 4 4 0 0 0
M  V30 BEGIN ATOM
M  V30 1 C 0.000000 0.000000 0.000000 0 ATTCHPT=1
M  V30 2 C 0.000000 0.000000 0.000000 0
M  V30 3 C 0.000000 0.000000 0.000000 0
M  V30 4 C 0.000000 0.000000 0.000000 0 ATTCHPT=2
M  V30 END ATOM
M  V30 BEGIN BOND
M  V30 1 1 1 2
M  V30 2 1 2 3
M  V30 3 1 3 4
M  V30 4 1 4 1
M  V30 END BOND
M  V30 END CTAB
M  END

OP1(NCCC1)O |ha:1,2,3,4,5,hb:1,2,3,4,5|

  -INDIGO-01000000002D

  0  0  0  0  0  0  0  0  0  0  0 V3000
M  V30 BEGIN CTAB
M  V30 COUNTS 7 7 0 0 0
M  V30 BEGIN ATOM
M  V30 1 P 0.000000 0.000000 0.000000 0
M  V30 2 C 0.000000 0.000000 0.000000 0
M  V30 3 C 0.000000 0.000000 0.000000 0
M  V30 4 C 0.000000 0.000000 0.000000 0
M  V30 5 N 0.000000 0.000000 0.000000 0
M  V30 6 R# 0.000000 0.000000 0.000000 0 RGROUPS=(1 1)
M  V30 7 R# 0.000000 0.000000 0.000000 0 RGROUPS=(1 2)
M  V30 END ATOM
M  V30 BEGIN BOND
M  V30 1 1 1 2
M  V30 2 1 2 3
M  V30 3 1 3 4
M  V30 4 1 4 5
M  V30 5 1 5 1
M  V30 6 1 6 1
M  V30 7 1 7 1
M  V30 END BOND
M  V30 END CTAB
M  V30 BEGIN RGROUP 1
M  V30 RLOGIC 0 0 
M  V30 BEGIN CTAB
M  V30 COUNTS 1 0 0 0 0
M  V30 BEGIN ATOM
M  V30 1 O 0.000000 0.000000 0.000000 0 ATTCHPT=1
M  V30 END ATOM
M  V30 BEGIN BOND
M  V30 END BOND
M  V30 END CTAB
M  V30 END RGROUP
M  V30 BEGIN RGROUP 2
M  V30 RLOGIC 0 0 
M  V30 BEGIN CTAB
M  V30 COUNTS 1 0 0 0 0
M  V30 BEGIN ATOM
M  V30 1 O 0.000000 0.000000 0.000000 0 ATTCHPT=1
M  V30 END ATOM
M  V30 BEGIN BOND
M  V30 END BOND
M  V30 END CTAB
M  V30 END RGROUP
M  END

RGROUP # 1

  -INDIGO-01000000002D

  0  0  0  0  0  0  0  0  0  0  0 V3000
M  V30 BEGIN CTAB
M  V30 COUNTS 1 0 0 0 0
M  V30 BEGIN ATOM
M  V30 1 O 0.000000 0.000000 0.000000 0 ATTCHPT=1
M  V30 END ATOM
M  V30 BEGIN BOND
M  V30 END BOND
M  V30 END CTAB
M  END

RGROUP # 2

  -INDIGO-01000000002D

  0  0  0  0  0  0  0  0  0  0  0 V3000
M  V30 BEGIN CTAB
M  V30 COUNTS 1 0 0 0 0
M  V30 BEGIN ATOM
M  V30 1 O 0.000000 0.000000 0.000000 0 ATTCHPT=1
M  V30 END ATOM
M  V30 BEGIN BOND
M  V30 END BOND
M  V30 END CTAB
M  END

