C%91.[*:4]%91N%91.[*:3]%91CN |$;_R4;;_R3;;$,ha:1,3|
