
out/adama_reaction.svg

<?xml version="1.0" encoding="UTF-8"?>
<svg xmlns="http://www.w3.org/2000/svg" xmlns:xlink="http://www.w3.org/1999/xlink" width="588pt" height="212pt" viewBox="0 0 588 212" version="1.1">
<g id="surface0">
<g style="fill:rgb(0%,0%,0%);fill-opacity:1;">
</g>
</svg>


out/adama_reaction-smiles.svg

<?xml version="1.0" encoding="UTF-8"?>
<svg xmlns="http://www.w3.org/2000/svg" xmlns:xlink="http://www.w3.org/1999/xlink" width="778pt" height="193pt" viewBox="0 0 778 193" version="1.1">
<g id="surface0">
<g style="fill:rgb(0%,0%,0%);fill-opacity:1;">
</g>
</svg>


out/epoxy.svg

<?xml version="1.0" encoding="UTF-8"?>
<svg xmlns="http://www.w3.org/2000/svg" xmlns:xlink="http://www.w3.org/1999/xlink" width="657pt" height="130pt" viewBox="0 0 657 130" version="1.1">
<defs>
<g>
<symbol overflow="visible" id="glyph0-0">
<path style="stroke:none;" d="M 2 0 L 2 -10 L 10 -10 L 10 0 Z M 2.25 -0.25 L 9.75 -0.25 L 9.75 -9.75 L 2.25 -9.75 Z M 2.25 -0.25 "/>
</symbol>
<symbol overflow="visible" id="glyph0-1">
<path style="stroke:none;" d="M 0.773438 -5.578125 C 0.773438 -7.476563 1.28125 -8.964844 2.304688 -10.042969 C 3.320313 -11.117188 4.640625 -11.652344 6.257813 -11.65625 C 7.3125 -11.652344 8.265625 -11.402344 9.117188 -10.898438 C 9.964844 -10.390625 10.609375 -9.683594 11.058594 -8.785156 C 11.5 -7.878906 11.722656 -6.855469 11.726563 -5.710938 C 11.722656 -4.546875 11.488281 -3.507813 11.023438 -2.59375 C 10.550781 -1.675781 9.886719 -0.980469 9.03125 -0.511719 C 8.167969 -0.0390625 7.242188 0.191406 6.25 0.195313 C 5.167969 0.191406 4.203125 -0.0664063 3.359375 -0.585938 C 2.507813 -1.105469 1.867188 -1.816406 1.429688 -2.71875 C 0.992188 -3.617188 0.773438 -4.570313 0.773438 -5.578125 Z M 2.335938 -5.554688 C 2.332031 -4.171875 2.703125 -3.082031 3.449219 -2.292969 C 4.1875 -1.496094 5.117188 -1.101563 6.242188 -1.101563 C 7.378906 -1.101563 8.320313 -1.5 9.058594 -2.304688 C 9.792969 -3.101563 10.160156 -4.242188 10.164063 -5.71875 C 10.160156 -6.648438 10.003906 -7.460938 9.691406 -8.160156 C 9.375 -8.851563 8.914063 -9.390625 8.308594 -9.777344 C 7.699219 -10.15625 7.015625 -10.347656 6.265625 -10.351563 C 5.1875 -10.347656 4.265625 -9.980469 3.496094 -9.246094 C 2.71875 -8.507813 2.332031 -7.277344 2.335938 -5.554688 Z M 2.335938 -5.554688 "/>
</symbol>
<symbol overflow="visible" id="glyph0-2">
<path style="stroke:none;" d="M 1.28125 0 L 1.28125 -11.453125 L 2.796875 -11.453125 L 2.796875 -6.75 L 8.75 -6.75 L 8.75 -11.453125 L 10.265625 -11.453125 L 10.265625 0 L 8.75 0 L 8.75 -5.398438 L 2.796875 -5.398438 L 2.796875 0 Z M 1.28125 0 "/>
</symbol>
<symbol overflow="visible" id="glyph1-0">
<path style="stroke:none;" d="M 1.332031 0 L 1.332031 -6.667969 L 6.667969 -6.667969 L 6.667969 0 Z M 1.5 -0.167969 L 6.5 -0.167969 L 6.5 -6.5 L 1.5 -6.5 Z M 1.5 -0.167969 "/>
</symbol>
<symbol overflow="visible" id="glyph1-1">
<path style="stroke:none;" d="M 5.371094 -0.902344 L 5.371094 0 L 0.324219 0 C 0.3125 -0.226563 0.351563 -0.441406 0.433594 -0.652344 C 0.558594 -0.992188 0.761719 -1.332031 1.046875 -1.667969 C 1.328125 -2 1.738281 -2.386719 2.277344 -2.824219 C 3.101563 -3.503906 3.660156 -4.039063 3.957031 -4.4375 C 4.246094 -4.832031 4.394531 -5.210938 4.394531 -5.566406 C 4.394531 -5.9375 4.261719 -6.25 3.996094 -6.507813 C 3.730469 -6.761719 3.382813 -6.890625 2.957031 -6.890625 C 2.503906 -6.890625 2.144531 -6.753906 1.875 -6.484375 C 1.601563 -6.210938 1.464844 -5.835938 1.464844 -5.359375 L 0.5 -5.457031 C 0.5625 -6.171875 0.8125 -6.722656 1.242188 -7.101563 C 1.671875 -7.476563 2.25 -7.664063 2.980469 -7.667969 C 3.710938 -7.664063 4.289063 -7.460938 4.71875 -7.058594 C 5.140625 -6.648438 5.355469 -6.144531 5.359375 -5.546875 C 5.355469 -5.238281 5.292969 -4.9375 5.171875 -4.644531 C 5.042969 -4.347656 4.835938 -4.035156 4.546875 -3.710938 C 4.257813 -3.382813 3.777344 -2.9375 3.105469 -2.371094 C 2.542969 -1.894531 2.179688 -1.574219 2.019531 -1.40625 C 1.859375 -1.238281 1.726563 -1.070313 1.625 -0.902344 Z M 5.371094 -0.902344 "/>
</symbol>
</g>
</defs>
<g id="surface0">
<g style="fill:rgb(0%,0%,0%);fill-opacity:1;">
  <use xlink:href="#glyph0-1" x="180.023438" y="13.992188"/>
</g>
<g style="fill:rgb(0%,0%,0%);fill-opacity:1;">
  <use xlink:href="#glyph0-2" x="191.804688" y="13.789063"/>
</g>
<g style="fill:rgb(0%,0%,0%);fill-opacity:1;">
  <use xlink:href="#glyph0-1" x="238.941406" y="92.640625"/>
</g>
<g style="fill:rgb(0%,0%,0%);fill-opacity:1;">
  <use xlink:href="#glyph0-2" x="141.84375" y="24.25"/>
</g>
<path style="fill:none;stroke-width:0.0333333;stroke-linecap:butt;stroke-linejoin:miter;stroke:rgb(0%,0%,0%);stroke-opacity:1;stroke-miterlimit:10;" d="M -0.000000000372529 1.456641 L -0.000000000372529 2.475684 " transform="matrix(40,0,0,40,2.714844,8.261721)"/>
<path style="fill:none;stroke-width:0.0333333;stroke-linecap:butt;stroke-linejoin:miter;stroke:rgb(0%,0%,0%);stroke-opacity:1;stroke-miterlimit:10;" d="M 0.166699 1.55293 L 0.166699 2.379394 " transform="matrix(40,0,0,40,2.714844,8.261721)"/>
<path style="fill:none;stroke-width:0.0333333;stroke-linecap:butt;stroke-linejoin:miter;stroke:rgb(0%,0%,0%);stroke-opacity:1;stroke-miterlimit:10;" d="M -0.00830078 2.46123 L 0.874902 2.970605 " transform="matrix(40,0,0,40,2.714844,8.261721)"/>
<path style="fill:none;stroke-width:0.0333333;stroke-linecap:butt;stroke-linejoin:miter;stroke:rgb(0%,0%,0%);stroke-opacity:1;stroke-miterlimit:10;" d="M 0.858203 2.970605 L 1.733008 2.466016 " transform="matrix(40,0,0,40,2.714844,8.261721)"/>
<path style="fill:none;stroke-width:0.0333333;stroke-linecap:butt;stroke-linejoin:miter;stroke:rgb(0%,0%,0%);stroke-opacity:1;stroke-miterlimit:10;" d="M 0.858203 2.778223 L 1.566309 2.369824 " transform="matrix(40,0,0,40,2.714844,8.261721)"/>
<path style="fill:none;stroke-width:0.0333333;stroke-linecap:butt;stroke-linejoin:miter;stroke:rgb(0%,0%,0%);stroke-opacity:1;stroke-miterlimit:10;" d="M 1.733008 2.475684 L 1.733008 1.456641 " transform="matrix(40,0,0,40,2.714844,8.261721)"/>
<path style="fill:none;stroke-width:0.0333333;stroke-linecap:butt;stroke-linejoin:miter;stroke:rgb(0%,0%,0%);stroke-opacity:1;stroke-miterlimit:10;" d="M 1.733008 1.466211 L 0.858203 0.961523 " transform="matrix(40,0,0,40,2.714844,8.261721)"/>
<path style="fill:none;stroke-width:0.0333333;stroke-linecap:butt;stroke-linejoin:miter;stroke:rgb(0%,0%,0%);stroke-opacity:1;stroke-miterlimit:10;" d="M 1.566309 1.5625 L 0.858203 1.153906 " transform="matrix(40,0,0,40,2.714844,8.261721)"/>
<path style="fill:none;stroke-width:0.0333333;stroke-linecap:butt;stroke-linejoin:miter;stroke:rgb(0%,0%,0%);stroke-opacity:1;stroke-miterlimit:10;" d="M 0.874902 0.961523 L -0.00830078 1.471094 " transform="matrix(40,0,0,40,2.714844,8.261721)"/>
<path style="fill:none;stroke-width:0.0333333;stroke-linecap:butt;stroke-linejoin:miter;stroke:rgb(0%,0%,0%);stroke-opacity:1;stroke-miterlimit:10;" d="M 1.724609 2.46123 L 2.607715 2.970605 " transform="matrix(40,0,0,40,2.714844,8.261721)"/>
<path style="fill:none;stroke-width:0.0333333;stroke-linecap:butt;stroke-linejoin:miter;stroke:rgb(0%,0%,0%);stroke-opacity:1;stroke-miterlimit:10;" d="M 2.591113 2.970605 L 3.474316 2.46123 " transform="matrix(40,0,0,40,2.714844,8.261721)"/>
<path style="fill:none;stroke-width:0.0333333;stroke-linecap:butt;stroke-linejoin:miter;stroke:rgb(0%,0%,0%);stroke-opacity:1;stroke-miterlimit:10;" d="M 2.591113 2.778223 L 3.307617 2.364941 " transform="matrix(40,0,0,40,2.714844,8.261721)"/>
<path style="fill:none;stroke-width:0.0333333;stroke-linecap:butt;stroke-linejoin:miter;stroke:rgb(0%,0%,0%);stroke-opacity:1;stroke-miterlimit:10;" d="M 3.466016 2.475684 L 3.466016 1.456641 " transform="matrix(40,0,0,40,2.714844,8.261721)"/>
<path style="fill:none;stroke-width:0.0333333;stroke-linecap:butt;stroke-linejoin:miter;stroke:rgb(0%,0%,0%);stroke-opacity:1;stroke-miterlimit:10;" d="M 3.466016 1.466211 L 2.591113 0.961523 " transform="matrix(40,0,0,40,2.714844,8.261721)"/>
<path style="fill:none;stroke-width:0.0333333;stroke-linecap:butt;stroke-linejoin:miter;stroke:rgb(0%,0%,0%);stroke-opacity:1;stroke-miterlimit:10;" d="M 3.299316 1.5625 L 2.591113 1.153906 " transform="matrix(40,0,0,40,2.714844,8.261721)"/>
<path style="fill:none;stroke-width:0.0333333;stroke-linecap:butt;stroke-linejoin:miter;stroke:rgb(0%,0%,0%);stroke-opacity:1;stroke-miterlimit:10;" d="M 2.607715 0.961523 L 1.724609 1.471094 " transform="matrix(40,0,0,40,2.714844,8.261721)"/>
<path style="fill:none;stroke-width:0.0333333;stroke-linecap:butt;stroke-linejoin:miter;stroke:rgb(0%,0%,0%);stroke-opacity:1;stroke-miterlimit:10;" d="M 3.457715 1.471094 L 4.329004 0.966309 " transform="matrix(40,0,0,40,2.714844,8.261721)"/>
<path style=" stroke:none;fill-rule:nonzero;fill:rgb(0%,0%,0%);fill-opacity:1;" d="M 176.519531 47.089844 L 187.699219 20.921875 L 178.6875 18.496094 L 175.230469 46.742188 "/>
<path style="fill:none;stroke-width:0.0333333;stroke-linecap:butt;stroke-linejoin:miter;stroke:rgb(0%,0%,0%);stroke-opacity:1;stroke-miterlimit:10;" d="M 4.329004 0.966309 L 5.195605 1.466211 " transform="matrix(40,0,0,40,2.714844,8.261721)"/>
<path style="fill:none;stroke-width:0.0333333;stroke-linecap:butt;stroke-linejoin:miter;stroke:rgb(0%,0%,0%);stroke-opacity:1;stroke-miterlimit:10;" d="M 5.195605 1.466211 L 6.061914 0.966309 " transform="matrix(40,0,0,40,2.714844,8.261721)"/>
<path style="fill:none;stroke-width:0.0333333;stroke-linecap:butt;stroke-linejoin:miter;stroke:rgb(0%,0%,0%);stroke-opacity:1;stroke-miterlimit:10;" d="M 5.195605 1.466211 L 5.786035 1.806934 " transform="matrix(40,0,0,40,2.714844,8.261721)"/>
<path style="fill:none;stroke-width:0.0333333;stroke-linecap:butt;stroke-linejoin:miter;stroke:rgb(0%,0%,0%);stroke-opacity:1;stroke-miterlimit:10;" d="M 6.061914 1.708008 L 6.061914 0.966309 " transform="matrix(40,0,0,40,2.714844,8.261721)"/>
<path style="fill:none;stroke-width:0.0333333;stroke-linecap:butt;stroke-linejoin:miter;stroke:rgb(0%,0%,0%);stroke-opacity:1;stroke-miterlimit:10;" d="M 6.061914 0.966309 L 7.02832 0.706348 " transform="matrix(40,0,0,40,2.714844,8.261721)"/>
<path style="fill:none;stroke-width:0.0333333;stroke-linecap:butt;stroke-linejoin:miter;stroke:rgb(0%,0%,0%);stroke-opacity:1;stroke-miterlimit:10;" d="M 6.061914 0.966309 L 5.802051 -0.0000000685453 " transform="matrix(40,0,0,40,2.714844,8.261721)"/>
<path style="fill:none;stroke-width:0.0333333;stroke-linecap:butt;stroke-linejoin:miter;stroke:rgb(0%,0%,0%);stroke-opacity:1;stroke-miterlimit:10;" d="M 4.299023 0.898437 L 4.26123 0.936035 M 4.257227 0.842285 L 4.205273 0.894043 M 4.21543 0.786133 L 4.149316 0.851953 M 4.173633 0.72998 L 4.093359 0.809863 M 4.131934 0.673828 L 4.037402 0.767871 M 4.090137 0.617676 L 3.981445 0.725781 M 4.04834 0.561523 L 3.925488 0.683789 M 4.006543 0.505273 L 3.869531 0.641699 M 3.964746 0.449121 L 3.813574 0.599707 M 3.922949 0.392969 L 3.75752 0.557617 " transform="matrix(40,0,0,40,2.714844,8.261721)"/>
<g style="fill:rgb(0%,0%,0%);fill-opacity:1;">
  <use xlink:href="#glyph0-2" x="315.574219" y="45.632813"/>
</g>
<g style="fill:rgb(0%,0%,0%);fill-opacity:1;">
  <use xlink:href="#glyph1-1" x="326.195313" y="48"/>
</g>
<g style="fill:rgb(0%,0%,0%);fill-opacity:1;">
  <use xlink:href="#glyph0-1" x="331.457031" y="45.632813"/>
</g>
<g style="fill:rgb(0%,0%,0%);fill-opacity:1;">
  <use xlink:href="#glyph0-2" x="320.582031" y="96.699219"/>
</g>
<path style=" stroke:none;fill-rule:nonzero;fill:rgb(0%,0%,0%);fill-opacity:1;" d="M 332.179688 84.464844 L 334.644531 84.464844 L 334.644531 82 L 335.710938 82 L 335.710938 84.464844 L 338.175781 84.464844 L 338.175781 85.53125 L 335.710938 85.53125 L 335.710938 87.996094 L 334.644531 87.996094 L 334.644531 85.53125 L 332.179688 85.53125 "/>
<path style=" stroke:none;fill-rule:nonzero;fill:rgb(0%,0%,0%);fill-opacity:1;" d="M 300.019531 66.25 L 350.019531 66.25 L 350.019531 70 L 360.019531 65 L 350.019531 60 L 350.019531 63.75 L 300.019531 63.75 "/>
<g style="fill:rgb(0%,0%,0%);fill-opacity:1;">
  <use xlink:href="#glyph0-1" x="553.992188" y="13.988281"/>
</g>
<g style="fill:rgb(0%,0%,0%);fill-opacity:1;">
  <use xlink:href="#glyph0-2" x="543.167969" y="13.785156"/>
</g>
<g style="fill:rgb(0%,0%,0%);fill-opacity:1;">
  <use xlink:href="#glyph0-1" x="578.257813" y="112.632813"/>
</g>
<g style="fill:rgb(0%,0%,0%);fill-opacity:1;">
  <use xlink:href="#glyph0-2" x="590.035156" y="112.429688"/>
</g>
<g style="fill:rgb(0%,0%,0%);fill-opacity:1;">
  <use xlink:href="#glyph0-2" x="515.816406" y="24.382813"/>
</g>
<g style="fill:rgb(0%,0%,0%);fill-opacity:1;">
  <use xlink:href="#glyph0-1" x="632.910156" y="87.304688"/>
</g>
<g style="fill:rgb(0%,0%,0%);fill-opacity:1;">
  <use xlink:href="#glyph0-2" x="644.6875" y="87.101563"/>
</g>
<path style="fill:none;stroke-width:0.0333333;stroke-linecap:butt;stroke-linejoin:miter;stroke:rgb(0%,0%,0%);stroke-opacity:1;stroke-miterlimit:10;" d="M 0.0000000175089 1.456738 L 0.0000000175089 2.475684 " transform="matrix(40,0,0,40,376.687499,8.257816)"/>
<path style="fill:none;stroke-width:0.0333333;stroke-linecap:butt;stroke-linejoin:miter;stroke:rgb(0%,0%,0%);stroke-opacity:1;stroke-miterlimit:10;" d="M 0.166699 1.553027 L 0.166699 2.379394 " transform="matrix(40,0,0,40,376.687499,8.257816)"/>
<path style="fill:none;stroke-width:0.0333333;stroke-linecap:butt;stroke-linejoin:miter;stroke:rgb(0%,0%,0%);stroke-opacity:1;stroke-miterlimit:10;" d="M -0.00830076 2.46123 L 0.874902 2.970801 " transform="matrix(40,0,0,40,376.687499,8.257816)"/>
<path style="fill:none;stroke-width:0.0333333;stroke-linecap:butt;stroke-linejoin:miter;stroke:rgb(0%,0%,0%);stroke-opacity:1;stroke-miterlimit:10;" d="M 0.858203 2.970801 L 1.733008 2.466016 " transform="matrix(40,0,0,40,376.687499,8.257816)"/>
<path style="fill:none;stroke-width:0.0333333;stroke-linecap:butt;stroke-linejoin:miter;stroke:rgb(0%,0%,0%);stroke-opacity:1;stroke-miterlimit:10;" d="M 0.858203 2.77832 L 1.566309 2.369824 " transform="matrix(40,0,0,40,376.687499,8.257816)"/>
<path style="fill:none;stroke-width:0.0333333;stroke-linecap:butt;stroke-linejoin:miter;stroke:rgb(0%,0%,0%);stroke-opacity:1;stroke-miterlimit:10;" d="M 1.733008 2.475684 L 1.733008 1.456738 " transform="matrix(40,0,0,40,376.687499,8.257816)"/>
<path style="fill:none;stroke-width:0.0333333;stroke-linecap:butt;stroke-linejoin:miter;stroke:rgb(0%,0%,0%);stroke-opacity:1;stroke-miterlimit:10;" d="M 1.733008 1.466406 L 0.858203 0.961621 " transform="matrix(40,0,0,40,376.687499,8.257816)"/>
<path style="fill:none;stroke-width:0.0333333;stroke-linecap:butt;stroke-linejoin:miter;stroke:rgb(0%,0%,0%);stroke-opacity:1;stroke-miterlimit:10;" d="M 1.566309 1.562598 L 0.858203 1.154101 " transform="matrix(40,0,0,40,376.687499,8.257816)"/>
<path style="fill:none;stroke-width:0.0333333;stroke-linecap:butt;stroke-linejoin:miter;stroke:rgb(0%,0%,0%);stroke-opacity:1;stroke-miterlimit:10;" d="M 0.874902 0.961621 L -0.00830076 1.471191 " transform="matrix(40,0,0,40,376.687499,8.257816)"/>
<path style="fill:none;stroke-width:0.0333333;stroke-linecap:butt;stroke-linejoin:miter;stroke:rgb(0%,0%,0%);stroke-opacity:1;stroke-miterlimit:10;" d="M 1.724609 2.46123 L 2.607813 2.970801 " transform="matrix(40,0,0,40,376.687499,8.257816)"/>
<path style="fill:none;stroke-width:0.0333333;stroke-linecap:butt;stroke-linejoin:miter;stroke:rgb(0%,0%,0%);stroke-opacity:1;stroke-miterlimit:10;" d="M 2.591113 2.970801 L 3.470898 2.46123 " transform="matrix(40,0,0,40,376.687499,8.257816)"/>
<path style="fill:none;stroke-width:0.0333333;stroke-linecap:butt;stroke-linejoin:miter;stroke:rgb(0%,0%,0%);stroke-opacity:1;stroke-miterlimit:10;" d="M 2.590918 2.77832 L 3.304199 2.365137 " transform="matrix(40,0,0,40,376.687499,8.257816)"/>
<path style="fill:none;stroke-width:0.0333333;stroke-linecap:butt;stroke-linejoin:miter;stroke:rgb(0%,0%,0%);stroke-opacity:1;stroke-miterlimit:10;" d="M 3.462598 2.475684 L 3.462598 1.456738 " transform="matrix(40,0,0,40,376.687499,8.257816)"/>
<path style="fill:none;stroke-width:0.0333333;stroke-linecap:butt;stroke-linejoin:miter;stroke:rgb(0%,0%,0%);stroke-opacity:1;stroke-miterlimit:10;" d="M 3.462598 1.466406 L 2.591113 0.961621 " transform="matrix(40,0,0,40,376.687499,8.257816)"/>
<path style="fill:none;stroke-width:0.0333333;stroke-linecap:butt;stroke-linejoin:miter;stroke:rgb(0%,0%,0%);stroke-opacity:1;stroke-miterlimit:10;" d="M 3.295898 1.562402 L 2.590918 1.154101 " transform="matrix(40,0,0,40,376.687499,8.257816)"/>
<path style="fill:none;stroke-width:0.0333333;stroke-linecap:butt;stroke-linejoin:miter;stroke:rgb(0%,0%,0%);stroke-opacity:1;stroke-miterlimit:10;" d="M 2.607813 0.961621 L 1.724609 1.471191 " transform="matrix(40,0,0,40,376.687499,8.257816)"/>
<path style="fill:none;stroke-width:0.0333333;stroke-linecap:butt;stroke-linejoin:miter;stroke:rgb(0%,0%,0%);stroke-opacity:1;stroke-miterlimit:10;" d="M 3.454297 1.471191 L 4.328906 0.966504 " transform="matrix(40,0,0,40,376.687499,8.257816)"/>
<path style=" stroke:none;fill-rule:nonzero;fill:rgb(0%,0%,0%);fill-opacity:1;" d="M 550.488281 47.089844 L 561.667969 20.917969 L 552.65625 18.492188 L 549.199219 46.742188 "/>
<path style="fill:none;stroke-width:0.0333333;stroke-linecap:butt;stroke-linejoin:miter;stroke:rgb(0%,0%,0%);stroke-opacity:1;stroke-miterlimit:10;" d="M 4.328906 0.966504 L 5.19541 1.466406 " transform="matrix(40,0,0,40,376.687499,8.257816)"/>
<path style="fill:none;stroke-width:0.0333333;stroke-linecap:butt;stroke-linejoin:miter;stroke:rgb(0%,0%,0%);stroke-opacity:1;stroke-miterlimit:10;" d="M 5.19541 1.466406 L 6.061914 0.966504 " transform="matrix(40,0,0,40,376.687499,8.257816)"/>
<path style="fill:none;stroke-width:0.0333333;stroke-linecap:butt;stroke-linejoin:miter;stroke:rgb(0%,0%,0%);stroke-opacity:1;stroke-miterlimit:10;" d="M 5.19541 1.466406 L 5.19541 2.20791 " transform="matrix(40,0,0,40,376.687499,8.257816)"/>
<path style="fill:none;stroke-width:0.0333333;stroke-linecap:butt;stroke-linejoin:miter;stroke:rgb(0%,0%,0%);stroke-opacity:1;stroke-miterlimit:10;" d="M 6.061914 0.966504 L 6.92832 0.466601 " transform="matrix(40,0,0,40,376.687499,8.257816)"/>
<path style="fill:none;stroke-width:0.0333333;stroke-linecap:butt;stroke-linejoin:miter;stroke:rgb(0%,0%,0%);stroke-opacity:1;stroke-miterlimit:10;" d="M 6.061914 0.966504 L 5.355371 0.259961 " transform="matrix(40,0,0,40,376.687499,8.257816)"/>
<path style="fill:none;stroke-width:0.0333333;stroke-linecap:butt;stroke-linejoin:miter;stroke:rgb(0%,0%,0%);stroke-opacity:1;stroke-miterlimit:10;" d="M 4.298926 0.898828 L 4.26123 0.936523 M 4.257227 0.842871 L 4.205371 0.894726 M 4.21543 0.787012 L 4.149414 0.85293 M 4.17373 0.731055 L 4.093555 0.81123 M 4.131934 0.675195 L 4.037695 0.769434 M 4.090234 0.619336 L 3.981738 0.727734 M 4.048438 0.563379 L 3.925879 0.685937 M 4.006738 0.507519 L 3.87002 0.644141 M 3.964941 0.451562 L 3.814063 0.602441 M 3.923242 0.395703 L 3.758203 0.560644 " transform="matrix(40,0,0,40,376.687499,8.257816)"/>
<path style="fill:none;stroke-width:0.0333333;stroke-linecap:butt;stroke-linejoin:miter;stroke:rgb(0%,0%,0%);stroke-opacity:1;stroke-miterlimit:10;" d="M 6.061914 0.966504 L 6.400586 1.553516 " transform="matrix(40,0,0,40,376.687499,8.257816)"/>
</g>
</svg>


out/epoxy-smiles.svg

<?xml version="1.0" encoding="UTF-8"?>
<svg xmlns="http://www.w3.org/2000/svg" xmlns:xlink="http://www.w3.org/1999/xlink" width="672pt" height="150pt" viewBox="0 0 672 150" version="1.1">
<defs>
<g>
<symbol overflow="visible" id="glyph0-0">
<path style="stroke:none;" d="M 2 0 L 2 -10 L 10 -10 L 10 0 Z M 2.25 -0.25 L 9.75 -0.25 L 9.75 -9.75 L 2.25 -9.75 Z M 2.25 -0.25 "/>
</symbol>
<symbol overflow="visible" id="glyph0-1">
<path style="stroke:none;" d="M 1.28125 0 L 1.28125 -11.453125 L 2.796875 -11.453125 L 2.796875 -6.75 L 8.75 -6.75 L 8.75 -11.453125 L 10.265625 -11.453125 L 10.265625 0 L 8.75 0 L 8.75 -5.398438 L 2.796875 -5.398438 L 2.796875 0 Z M 1.28125 0 "/>
</symbol>
<symbol overflow="visible" id="glyph0-2">
<path style="stroke:none;" d="M 0.773438 -5.578125 C 0.773438 -7.476563 1.28125 -8.964844 2.304688 -10.042969 C 3.320313 -11.117188 4.640625 -11.652344 6.257813 -11.65625 C 7.3125 -11.652344 8.265625 -11.402344 9.117188 -10.898438 C 9.964844 -10.390625 10.609375 -9.683594 11.058594 -8.785156 C 11.5 -7.878906 11.722656 -6.855469 11.726563 -5.710938 C 11.722656 -4.546875 11.488281 -3.507813 11.023438 -2.59375 C 10.550781 -1.675781 9.886719 -0.980469 9.03125 -0.511719 C 8.167969 -0.0390625 7.242188 0.191406 6.25 0.195313 C 5.167969 0.191406 4.203125 -0.0664063 3.359375 -0.585938 C 2.507813 -1.105469 1.867188 -1.816406 1.429688 -2.71875 C 0.992188 -3.617188 0.773438 -4.570313 0.773438 -5.578125 Z M 2.335938 -5.554688 C 2.332031 -4.171875 2.703125 -3.082031 3.449219 -2.292969 C 4.1875 -1.496094 5.117188 -1.101563 6.242188 -1.101563 C 7.378906 -1.101563 8.320313 -1.5 9.058594 -2.304688 C 9.792969 -3.101563 10.160156 -4.242188 10.164063 -5.71875 C 10.160156 -6.648438 10.003906 -7.460938 9.691406 -8.160156 C 9.375 -8.851563 8.914063 -9.390625 8.308594 -9.777344 C 7.699219 -10.15625 7.015625 -10.347656 6.265625 -10.351563 C 5.1875 -10.347656 4.265625 -9.980469 3.496094 -9.246094 C 2.71875 -8.507813 2.332031 -7.277344 2.335938 -5.554688 Z M 2.335938 -5.554688 "/>
</symbol>
<symbol overflow="visible" id="glyph1-0">
<path style="stroke:none;" d="M 1.332031 0 L 1.332031 -6.667969 L 6.667969 -6.667969 L 6.667969 0 Z M 1.5 -0.167969 L 6.5 -0.167969 L 6.5 -6.5 L 1.5 -6.5 Z M 1.5 -0.167969 "/>
</symbol>
<symbol overflow="visible" id="glyph1-1">
<path style="stroke:none;" d="M 5.371094 -0.902344 L 5.371094 0 L 0.324219 0 C 0.3125 -0.226563 0.351563 -0.441406 0.433594 -0.652344 C 0.558594 -0.992188 0.761719 -1.332031 1.046875 -1.667969 C 1.328125 -2 1.738281 -2.386719 2.277344 -2.824219 C 3.101563 -3.503906 3.660156 -4.039063 3.957031 -4.4375 C 4.246094 -4.832031 4.394531 -5.210938 4.394531 -5.566406 C 4.394531 -5.9375 4.261719 -6.25 3.996094 -6.507813 C 3.730469 -6.761719 3.382813 -6.890625 2.957031 -6.890625 C 2.503906 -6.890625 2.144531 -6.753906 1.875 -6.484375 C 1.601563 -6.210938 1.464844 -5.835938 1.464844 -5.359375 L 0.5 -5.457031 C 0.5625 -6.171875 0.8125 -6.722656 1.242188 -7.101563 C 1.671875 -7.476563 2.25 -7.664063 2.980469 -7.667969 C 3.710938 -7.664063 4.289063 -7.460938 4.71875 -7.058594 C 5.140625 -6.648438 5.355469 -6.144531 5.359375 -5.546875 C 5.355469 -5.238281 5.292969 -4.9375 5.171875 -4.644531 C 5.042969 -4.347656 4.835938 -4.035156 4.546875 -3.710938 C 4.257813 -3.382813 3.777344 -2.9375 3.105469 -2.371094 C 2.542969 -1.894531 2.179688 -1.574219 2.019531 -1.40625 C 1.859375 -1.238281 1.726563 -1.070313 1.625 -0.902344 Z M 5.371094 -0.902344 "/>
</symbol>
</g>
</defs>
<g id="surface0">
<g style="fill:rgb(0%,0%,0%);fill-opacity:1;">
  <use xlink:href="#glyph0-1" x="177.152344" y="46.792969"/>
</g>
<g style="fill:rgb(0%,0%,0%);fill-opacity:1;">
  <use xlink:href="#glyph0-2" x="251.316406" y="66.796875"/>
</g>
<g style="fill:rgb(0%,0%,0%);fill-opacity:1;">
  <use xlink:href="#glyph0-2" x="176.675781" y="126.796875"/>
</g>
<g style="fill:rgb(0%,0%,0%);fill-opacity:1;">
  <use xlink:href="#glyph0-1" x="188.453125" y="126.59375"/>
</g>
<path style="fill:none;stroke-width:0.0333333;stroke-linecap:butt;stroke-linejoin:miter;stroke:rgb(0%,0%,0%);stroke-opacity:1;stroke-miterlimit:10;" d="M 0.490381 -0.0000000242144 L 1.509619 -0.0000000242144 " transform="matrix(40,0,0,40,2.923828,11.785157)"/>
<path style="fill:none;stroke-width:0.0333333;stroke-linecap:butt;stroke-linejoin:miter;stroke:rgb(0%,0%,0%);stroke-opacity:1;stroke-miterlimit:10;" d="M 1.495166 -0.00830081 L 2.000049 0.866016 " transform="matrix(40,0,0,40,2.923828,11.785157)"/>
<path style="fill:none;stroke-width:0.0333333;stroke-linecap:butt;stroke-linejoin:miter;stroke:rgb(0%,0%,0%);stroke-opacity:1;stroke-miterlimit:10;" d="M 1.398975 0.158301 L 1.807568 0.866016 " transform="matrix(40,0,0,40,2.923828,11.785157)"/>
<path style="fill:none;stroke-width:0.0333333;stroke-linecap:butt;stroke-linejoin:miter;stroke:rgb(0%,0%,0%);stroke-opacity:1;stroke-miterlimit:10;" d="M 1.990381 0.866016 L 3.009619 0.866016 " transform="matrix(40,0,0,40,2.923828,11.785157)"/>
<path style="fill:none;stroke-width:0.0333333;stroke-linecap:butt;stroke-linejoin:miter;stroke:rgb(0%,0%,0%);stroke-opacity:1;stroke-miterlimit:10;" d="M 2.995166 0.857715 L 3.500049 1.732031 " transform="matrix(40,0,0,40,2.923828,11.785157)"/>
<path style="fill:none;stroke-width:0.0333333;stroke-linecap:butt;stroke-linejoin:miter;stroke:rgb(0%,0%,0%);stroke-opacity:1;stroke-miterlimit:10;" d="M 2.898975 1.024316 L 3.307568 1.732031 " transform="matrix(40,0,0,40,2.923828,11.785157)"/>
<path style="fill:none;stroke-width:0.0333333;stroke-linecap:butt;stroke-linejoin:miter;stroke:rgb(0%,0%,0%);stroke-opacity:1;stroke-miterlimit:10;" d="M 3.490381 1.732031 L 4.500049 1.732031 " transform="matrix(40,0,0,40,2.923828,11.785157)"/>
<path style=" stroke:none;fill-rule:nonzero;fill:rgb(0%,0%,0%);fill-opacity:1;" d="M 183.589844 81.066406 L 187.589844 51.195313 L 178.257813 51.195313 L 182.257813 81.066406 "/>
<path style="fill:none;stroke-width:0.0333333;stroke-linecap:butt;stroke-linejoin:miter;stroke:rgb(0%,0%,0%);stroke-opacity:1;stroke-miterlimit:10;" d="M 4.500049 1.732031 L 5.500049 1.732031 " transform="matrix(40,0,0,40,2.923828,11.785157)"/>
<path style="fill:none;stroke-width:0.0333333;stroke-linecap:butt;stroke-linejoin:miter;stroke:rgb(0%,0%,0%);stroke-opacity:1;stroke-miterlimit:10;" d="M 5.500049 1.732031 L 6.090186 1.391309 " transform="matrix(40,0,0,40,2.923828,11.785157)"/>
<path style="fill:none;stroke-width:0.0333333;stroke-linecap:butt;stroke-linejoin:miter;stroke:rgb(0%,0%,0%);stroke-opacity:1;stroke-miterlimit:10;" d="M 6.366064 1.490234 L 6.366064 2.232031 " transform="matrix(40,0,0,40,2.923828,11.785157)"/>
<path style="fill:none;stroke-width:0.0333333;stroke-linecap:butt;stroke-linejoin:miter;stroke:rgb(0%,0%,0%);stroke-opacity:1;stroke-miterlimit:10;" d="M 6.366064 2.232031 L 5.500049 1.732031 " transform="matrix(40,0,0,40,2.923828,11.785157)"/>
<path style="fill:none;stroke-width:0.0333333;stroke-linecap:butt;stroke-linejoin:miter;stroke:rgb(0%,0%,0%);stroke-opacity:1;stroke-miterlimit:10;" d="M 6.366064 2.232031 L 7.35083 2.405664 " transform="matrix(40,0,0,40,2.923828,11.785157)"/>
<path style="fill:none;stroke-width:0.0333333;stroke-linecap:butt;stroke-linejoin:miter;stroke:rgb(0%,0%,0%);stroke-opacity:1;stroke-miterlimit:10;" d="M 6.366064 2.232031 L 6.023975 3.171777 " transform="matrix(40,0,0,40,2.923828,11.785157)"/>
<path style="fill:none;stroke-width:0.0333333;stroke-linecap:butt;stroke-linejoin:miter;stroke:rgb(0%,0%,0%);stroke-opacity:1;stroke-miterlimit:10;" d="M 4.500049 1.732031 L 4.500049 2.473926 " transform="matrix(40,0,0,40,2.923828,11.785157)"/>
<path style="fill:none;stroke-width:0.0333333;stroke-linecap:butt;stroke-linejoin:miter;stroke:rgb(0%,0%,0%);stroke-opacity:1;stroke-miterlimit:10;" d="M 3.504834 1.72373 L 2.995166 2.606445 " transform="matrix(40,0,0,40,2.923828,11.785157)"/>
<path style="fill:none;stroke-width:0.0333333;stroke-linecap:butt;stroke-linejoin:miter;stroke:rgb(0%,0%,0%);stroke-opacity:1;stroke-miterlimit:10;" d="M 3.009619 2.598047 L 1.990381 2.598047 " transform="matrix(40,0,0,40,2.923828,11.785157)"/>
<path style="fill:none;stroke-width:0.0333333;stroke-linecap:butt;stroke-linejoin:miter;stroke:rgb(0%,0%,0%);stroke-opacity:1;stroke-miterlimit:10;" d="M 2.913428 2.431445 L 2.086572 2.431445 " transform="matrix(40,0,0,40,2.923828,11.785157)"/>
<path style="fill:none;stroke-width:0.0333333;stroke-linecap:butt;stroke-linejoin:miter;stroke:rgb(0%,0%,0%);stroke-opacity:1;stroke-miterlimit:10;" d="M 2.004834 2.606445 L 1.495166 1.72373 " transform="matrix(40,0,0,40,2.923828,11.785157)"/>
<path style="fill:none;stroke-width:0.0333333;stroke-linecap:butt;stroke-linejoin:miter;stroke:rgb(0%,0%,0%);stroke-opacity:1;stroke-miterlimit:10;" d="M 1.495166 1.74043 L 2.004834 0.857715 " transform="matrix(40,0,0,40,2.923828,11.785157)"/>
<path style="fill:none;stroke-width:0.0333333;stroke-linecap:butt;stroke-linejoin:miter;stroke:rgb(0%,0%,0%);stroke-opacity:1;stroke-miterlimit:10;" d="M 1.499951 1.732031 L 0.490381 1.732031 " transform="matrix(40,0,0,40,2.923828,11.785157)"/>
<path style="fill:none;stroke-width:0.0333333;stroke-linecap:butt;stroke-linejoin:miter;stroke:rgb(0%,0%,0%);stroke-opacity:1;stroke-miterlimit:10;" d="M 1.40376 1.56543 L 0.586572 1.56543 " transform="matrix(40,0,0,40,2.923828,11.785157)"/>
<path style="fill:none;stroke-width:0.0333333;stroke-linecap:butt;stroke-linejoin:miter;stroke:rgb(0%,0%,0%);stroke-opacity:1;stroke-miterlimit:10;" d="M 0.504834 1.74043 L -0.00483399 0.857715 " transform="matrix(40,0,0,40,2.923828,11.785157)"/>
<path style="fill:none;stroke-width:0.0333333;stroke-linecap:butt;stroke-linejoin:miter;stroke:rgb(0%,0%,0%);stroke-opacity:1;stroke-miterlimit:10;" d="M -0.00483399 0.874316 L 0.504834 -0.00830081 " transform="matrix(40,0,0,40,2.923828,11.785157)"/>
<path style="fill:none;stroke-width:0.0333333;stroke-linecap:butt;stroke-linejoin:miter;stroke:rgb(0%,0%,0%);stroke-opacity:1;stroke-miterlimit:10;" d="M 0.187646 0.874316 L 0.601025 0.158301 " transform="matrix(40,0,0,40,2.923828,11.785157)"/>
<g style="fill:rgb(0%,0%,0%);fill-opacity:1;">
  <use xlink:href="#glyph0-1" x="328.632813" y="55.632813"/>
</g>
<g style="fill:rgb(0%,0%,0%);fill-opacity:1;">
  <use xlink:href="#glyph1-1" x="339.25" y="58"/>
</g>
<g style="fill:rgb(0%,0%,0%);fill-opacity:1;">
  <use xlink:href="#glyph0-2" x="344.515625" y="55.632813"/>
</g>
<g style="fill:rgb(0%,0%,0%);fill-opacity:1;">
  <use xlink:href="#glyph0-1" x="333.640625" y="106.699219"/>
</g>
<path style=" stroke:none;fill-rule:nonzero;fill:rgb(0%,0%,0%);fill-opacity:1;" d="M 345.238281 94.464844 L 347.703125 94.464844 L 347.703125 92 L 348.769531 92 L 348.769531 94.464844 L 351.234375 94.464844 L 351.234375 95.53125 L 348.769531 95.53125 L 348.769531 97.996094 L 347.703125 97.996094 L 347.703125 95.53125 L 345.238281 95.53125 "/>
<path style=" stroke:none;fill-rule:nonzero;fill:rgb(0%,0%,0%);fill-opacity:1;" d="M 313.078125 76.25 L 363.078125 76.25 L 363.078125 80 L 373.078125 75 L 363.078125 70 L 363.078125 73.75 L 313.078125 73.75 "/>
<g style="fill:rgb(0%,0%,0%);fill-opacity:1;">
  <use xlink:href="#glyph0-1" x="564.074219" y="38.097656"/>
</g>
<g style="fill:rgb(0%,0%,0%);fill-opacity:1;">
  <use xlink:href="#glyph0-2" x="623.597656" y="43.460938"/>
</g>
<g style="fill:rgb(0%,0%,0%);fill-opacity:1;">
  <use xlink:href="#glyph0-1" x="635.375" y="43.257813"/>
</g>
<g style="fill:rgb(0%,0%,0%);fill-opacity:1;">
  <use xlink:href="#glyph0-2" x="603.597656" y="147.382813"/>
</g>
<g style="fill:rgb(0%,0%,0%);fill-opacity:1;">
  <use xlink:href="#glyph0-1" x="615.375" y="147.179688"/>
</g>
<g style="fill:rgb(0%,0%,0%);fill-opacity:1;">
  <use xlink:href="#glyph0-2" x="563.597656" y="118.101563"/>
</g>
<g style="fill:rgb(0%,0%,0%);fill-opacity:1;">
  <use xlink:href="#glyph0-1" x="564.074219" y="131.082031"/>
</g>
<path style="fill:none;stroke-width:0.0333333;stroke-linecap:butt;stroke-linejoin:miter;stroke:rgb(0%,0%,0%);stroke-opacity:1;stroke-miterlimit:10;" d="M 0.490381 0.0000488278 L 1.509619 -0.0000488285 " transform="matrix(40,0,0,40,389.845702,3.087891)"/>
<path style="fill:none;stroke-width:0.0333333;stroke-linecap:butt;stroke-linejoin:miter;stroke:rgb(0%,0%,0%);stroke-opacity:1;stroke-miterlimit:10;" d="M 1.495166 -0.00834961 L 2.000049 0.866064 " transform="matrix(40,0,0,40,389.845702,3.087891)"/>
<path style="fill:none;stroke-width:0.0333333;stroke-linecap:butt;stroke-linejoin:miter;stroke:rgb(0%,0%,0%);stroke-opacity:1;stroke-miterlimit:10;" d="M 1.398975 0.15835 L 1.807568 0.866064 " transform="matrix(40,0,0,40,389.845702,3.087891)"/>
<path style="fill:none;stroke-width:0.0333333;stroke-linecap:butt;stroke-linejoin:miter;stroke:rgb(0%,0%,0%);stroke-opacity:1;stroke-miterlimit:10;" d="M 1.990381 0.866064 L 3.009619 0.866064 " transform="matrix(40,0,0,40,389.845702,3.087891)"/>
<path style="fill:none;stroke-width:0.0333333;stroke-linecap:butt;stroke-linejoin:miter;stroke:rgb(0%,0%,0%);stroke-opacity:1;stroke-miterlimit:10;" d="M 2.995166 0.857666 L 3.500049 1.73208 " transform="matrix(40,0,0,40,389.845702,3.087891)"/>
<path style="fill:none;stroke-width:0.0333333;stroke-linecap:butt;stroke-linejoin:miter;stroke:rgb(0%,0%,0%);stroke-opacity:1;stroke-miterlimit:10;" d="M 2.898975 1.024365 L 3.307568 1.73208 " transform="matrix(40,0,0,40,389.845702,3.087891)"/>
<path style="fill:none;stroke-width:0.0333333;stroke-linecap:butt;stroke-linejoin:miter;stroke:rgb(0%,0%,0%);stroke-opacity:1;stroke-miterlimit:10;" d="M 3.490381 1.73208 L 4.500049 1.73208 " transform="matrix(40,0,0,40,389.845702,3.087891)"/>
<path style=" stroke:none;fill-rule:nonzero;fill:rgb(0%,0%,0%);fill-opacity:1;" d="M 570.511719 72.371094 L 574.511719 42.496094 L 565.179688 42.496094 L 569.179688 72.371094 "/>
<path style="fill:none;stroke-width:0.0333333;stroke-linecap:butt;stroke-linejoin:miter;stroke:rgb(0%,0%,0%);stroke-opacity:1;stroke-miterlimit:10;" d="M 4.500049 1.73208 L 5.500049 1.73208 " transform="matrix(40,0,0,40,389.845702,3.087891)"/>
<path style="fill:none;stroke-width:0.0333333;stroke-linecap:butt;stroke-linejoin:miter;stroke:rgb(0%,0%,0%);stroke-opacity:1;stroke-miterlimit:10;" d="M 5.500049 1.73208 L 5.838721 1.145459 " transform="matrix(40,0,0,40,389.845702,3.087891)"/>
<path style="fill:none;stroke-width:0.0333333;stroke-linecap:butt;stroke-linejoin:miter;stroke:rgb(0%,0%,0%);stroke-opacity:1;stroke-miterlimit:10;" d="M 5.500049 1.73208 L 6.000049 2.598096 " transform="matrix(40,0,0,40,389.845702,3.087891)"/>
<path style="fill:none;stroke-width:0.0333333;stroke-linecap:butt;stroke-linejoin:miter;stroke:rgb(0%,0%,0%);stroke-opacity:1;stroke-miterlimit:10;" d="M 6.000049 2.598096 L 5.672705 3.164893 " transform="matrix(40,0,0,40,389.845702,3.087891)"/>
<path style="fill:none;stroke-width:0.0333333;stroke-linecap:butt;stroke-linejoin:miter;stroke:rgb(0%,0%,0%);stroke-opacity:1;stroke-miterlimit:10;" d="M 6.000049 2.598096 L 7.000049 2.598096 " transform="matrix(40,0,0,40,389.845702,3.087891)"/>
<path style="fill:none;stroke-width:0.0333333;stroke-linecap:butt;stroke-linejoin:miter;stroke:rgb(0%,0%,0%);stroke-opacity:1;stroke-miterlimit:10;" d="M 6.000049 2.598096 L 6.500049 3.464111 " transform="matrix(40,0,0,40,389.845702,3.087891)"/>
<path style="fill:none;stroke-width:0.0333333;stroke-linecap:butt;stroke-linejoin:miter;stroke:rgb(0%,0%,0%);stroke-opacity:1;stroke-miterlimit:10;" d="M 4.500049 1.73208 L 4.500049 2.473877 " transform="matrix(40,0,0,40,389.845702,3.087891)"/>
<path style="fill:none;stroke-width:0.0333333;stroke-linecap:butt;stroke-linejoin:miter;stroke:rgb(0%,0%,0%);stroke-opacity:1;stroke-miterlimit:10;" d="M 3.504834 1.723682 L 2.995166 2.606396 " transform="matrix(40,0,0,40,389.845702,3.087891)"/>
<path style="fill:none;stroke-width:0.0333333;stroke-linecap:butt;stroke-linejoin:miter;stroke:rgb(0%,0%,0%);stroke-opacity:1;stroke-miterlimit:10;" d="M 3.009619 2.598096 L 1.990381 2.598096 " transform="matrix(40,0,0,40,389.845702,3.087891)"/>
<path style="fill:none;stroke-width:0.0333333;stroke-linecap:butt;stroke-linejoin:miter;stroke:rgb(0%,0%,0%);stroke-opacity:1;stroke-miterlimit:10;" d="M 2.913428 2.431396 L 2.086572 2.431396 " transform="matrix(40,0,0,40,389.845702,3.087891)"/>
<path style="fill:none;stroke-width:0.0333333;stroke-linecap:butt;stroke-linejoin:miter;stroke:rgb(0%,0%,0%);stroke-opacity:1;stroke-miterlimit:10;" d="M 2.004834 2.606396 L 1.495166 1.723682 " transform="matrix(40,0,0,40,389.845702,3.087891)"/>
<path style="fill:none;stroke-width:0.0333333;stroke-linecap:butt;stroke-linejoin:miter;stroke:rgb(0%,0%,0%);stroke-opacity:1;stroke-miterlimit:10;" d="M 1.495166 1.740381 L 2.004834 0.857666 " transform="matrix(40,0,0,40,389.845702,3.087891)"/>
<path style="fill:none;stroke-width:0.0333333;stroke-linecap:butt;stroke-linejoin:miter;stroke:rgb(0%,0%,0%);stroke-opacity:1;stroke-miterlimit:10;" d="M 1.499951 1.73208 L 0.490381 1.73208 " transform="matrix(40,0,0,40,389.845702,3.087891)"/>
<path style="fill:none;stroke-width:0.0333333;stroke-linecap:butt;stroke-linejoin:miter;stroke:rgb(0%,0%,0%);stroke-opacity:1;stroke-miterlimit:10;" d="M 1.40376 1.565381 L 0.586572 1.565381 " transform="matrix(40,0,0,40,389.845702,3.087891)"/>
<path style="fill:none;stroke-width:0.0333333;stroke-linecap:butt;stroke-linejoin:miter;stroke:rgb(0%,0%,0%);stroke-opacity:1;stroke-miterlimit:10;" d="M 0.504834 1.740381 L -0.00483397 0.857666 " transform="matrix(40,0,0,40,389.845702,3.087891)"/>
<path style="fill:none;stroke-width:0.0333333;stroke-linecap:butt;stroke-linejoin:miter;stroke:rgb(0%,0%,0%);stroke-opacity:1;stroke-miterlimit:10;" d="M -0.00483397 0.874365 L 0.504834 -0.00834961 " transform="matrix(40,0,0,40,389.845702,3.087891)"/>
<path style="fill:none;stroke-width:0.0333333;stroke-linecap:butt;stroke-linejoin:miter;stroke:rgb(0%,0%,0%);stroke-opacity:1;stroke-miterlimit:10;" d="M 0.187647 0.874365 L 0.601025 0.15835 " transform="matrix(40,0,0,40,389.845702,3.087891)"/>
</g>
</svg>

Done
