1: [#1,#6]~*~*~*~*~*~*~*~*~*~*~*
2: [#1]
3: C!@C!@C!@C!@C!@C!@C1NCC[A]1
4: [#7]1~[#6]~[#6]~[#7]~[#6]~[#6]2~[#6]~[#6]~[#6]~[#6]~[#6]~1~2
5: [CX4]
6: [$([CX2](=C)=C)]
7: [$([CX3]=[CX3])]
8: [$([CX2]#C)]
9: [CX3]=[OX1]
10: [$([CX3]=[OX1]),$([CX3+]-[OX1-])]
11: [CX3](=[OX1])C
12: [OX1]=CN
13: [CX3](=[OX1])O
14: [CX3](=[OX1])[F,Cl,Br,I]
15: [CX3H1](=O)[#6]
16: [CX3](=[OX1])[OX2][CX3](=[OX1])
17: [NX3][CX3](=[OX1])[#6]
18: [NX3][CX3]=[NX3+]
19: [NX3,NX4+][CX3](=[OX1])[OX2,OX1-]
20: [NX3][CX3](=[OX1])[OX2H0]
21: [NX3,NX4+][CX3](=[OX1])[OX2H,OX1-]
22: [CX3](=O)[O-]
23: [CX3](=[OX1])(O)O
24: [CX3](=[OX1])([OX2])[OX2H,OX1H0-1]
25: C[OX2][CX3](=[OX1])[OX2]C
26: [CX3](=O)[OX2H1]
27: [CX3](=O)[OX1H0-,OX2H1]
28: [NX3][CX2]#[NX1]
29: [#6][CX3](=O)[OX2H0][#6]
30: [#6][CX3](=O)[#6]
31: [OD2]([#6])[#6]
32: [H]
33: [!#1]
34: [H+]
35: [+H]
36: [!H]
37: [!H1]
38: [NX3;H2,H1;!$(NC=O)]
39: [NX3][CX3]=[CX3]
40: [NX3;H2;!$(NC=[!#6]);!$(NC#[!#6])][#6]
41: [NX3;H2,H1;!$(NC=O)].[NX3;H2,H1;!$(NC=O)]
42: [NX3][$(C=C),$(cc)]
43: [NX3,NX4+][CX4H]([*])[CX3](=[OX1])[O,N]
44: [NX3H2,NH3X4+][CX4H]([*])[CX3](=[OX1])[NX3,NX4+][CX4H]([*])[CX3](=[OX1])[OX2H,OX1-]
45: [$([NX3H2,NX4H3+]),$([NX3H](C)(C))][CX4H]([*])[CX3](=[OX1])[OX2H,OX1-,N]
46: [CH3X4]
47: [CH2X4][CH2X4][CH2X4][NHX3][CH0X3](=[NH2X3+,NHX2+0])[NH2X3]
48: [CH2X4][CX3](=[OX1])[NX3H2]
49: [CH2X4][CX3](=[OX1])[OH0-,OH]
50: [CH2X4][SX2H,SX1H0-]
51: [CH2X4][CH2X4][CX3](=[OX1])[OH0-,OH]
52: [$([$([NX3H2,NX4H3+]),$([NX3H](C)(C))][CX4H2][CX3](=[OX1])[OX2H,OX1-,N])]
53: [CH2X4][#6X3]1:[$([#7X3H+,#7X2H0+0]:[#6X3H]:[#7X3H]),$([#7X3H])]:[#6X3H]:[$([#7X3H+,#7X2H0+0]:[#6X3H]:[#7X3H]),$([#7X3H])]:[#6X3H]1
54: [CHX4]([CH3X4])[CH2X4][CH3X4]
55: [CH2X4][CHX4]([CH3X4])[CH3X4]
56: [CH2X4][CH2X4][CH2X4][CH2X4][NX4+,NX3+0]
57: [CH2X4][CH2X4][SX2][CH3X4]
58: [CH2X4][cX3]1[cX3H][cX3H][cX3H][cX3H][cX3H]1
59: [$([NX3H,NX4H2+]),$([NX3](C)(C)(C))]1[CX4H]([CH2][CH2][CH2]1)[CX3](=[OX1])[OX2H,OX1-,N]
60: [CH2X4][OX2H]
61: [NX3][CX3]=[SX1]
62: [CHX4]([CH3X4])[OX2H]
63: [CH2X4][cX3]1[cX3H][nX3H][cX3]2[cX3H][cX3H][cX3H][cX3H][cX3]12
64: [CH2X4][cX3]1[cX3H][cX3H][cX3]([OHX2,OH0X1-])[cX3H][cX3H]1
65: [CHX4]([CH3X4])[CH3X4]
66: [CH3X4]
67: [CH2X4][CH2X4][CH2X4][NHX3][CH0X3](=[NH2X3+,NHX2+0])[NH2X3]
68: [CH2X4][CX3](=[OX1])[NX3H2]
69: [CH2X4][CX3](=[OX1])[OH0-,OH]
70: [CH2X4][SX2H,SX1H0-]
71: [CH2X4][CH2X4][CX3](=[OX1])[OH0-,OH]
72: N[CX4H2][CX3](=[OX1])[O,N]
73: [CH2X4][#6X3]1:[$([#7X3H+,#7X2H0+0]:[#6X3H]:[#7X3H]),$([#7X3H])]:[#6X3H]:[$([#7X3H+,#7X2H0+0]:[#6X3H]:[#7X3H]),$([#7X3H])]:[#6X3H]1
74: [CHX4]([CH3X4])[CH2X4][CH3X4]
75: [CH2X4][CHX4]([CH3X4])[CH3X4]
76: [CH2X4][CH2X4][CH2X4][CH2X4][NX4+,NX3+0]
77: [CH2X4][CH2X4][SX2][CH3X4]
78: [CH2X4][cX3]1[cX3H][cX3H][cX3H][cX3H][cX3H]1
79: N1[CX4H]([CH2][CH2][CH2]1)[CX3](=[OX1])[O,N]
80: [CH2X4][OX2H]
81: [CHX4]([CH3X4])[OX2H]
82: [CH2X4][cX3]1[cX3H][nX3H][cX3]2[cX3H][cX3H][cX3H][cX3H][cX3]12
83: [CH2X4][cX3]1[cX3H][cX3H][cX3]([OHX2,OH0X1-])[cX3H][cX3H]1
84: [CHX4]([CH3X4])[CH3X4]
85: [$(*-[NX2-]-[NX2+]#[NX1]),$(*-[NX2]=[NX2+]=[NX1-])]
86: [$([NX1-]=[NX2+]=[NX1-]),$([NX1]#[NX2+]-[NX1-2])]
87: [#7]
88: [NX2]=N
89: [NX2]=[NX2]
90: [$([NX2]=[NX3+]([O-])[#6]),$([NX2]=[NX3+0](=[O])[#6])]
91: [$([#6]=[N+]=[N-]),$([#6-]-[N+]#[N])]
92: [$([nr5]:[nr5,or5,sr5]),$([nr5]:[cr5]:[nr5,or5,sr5])]
93: [NX3][NX3]
94: [NX3][NX2]=[*]
95: [CX3;$([C]([#6])[#6]),$([CH][#6])]=[NX2][#6]
96: [$([CX3]([#6])[#6]),$([CX3H][#6])]=[$([NX2][#6]),$([NX2H])]
97: [NX3+]=[CX3]
98: [CX3](=[OX1])[NX3H][CX3](=[OX1])
99: [CX3](=[OX1])[NX3H0]([#6])[CX3](=[OX1])
100: [CX3](=[OX1])[NX3H0]([NX3H0]([CX3](=[OX1]))[CX3](=[OX1]))[CX3](=[OX1])
101: [$([NX3](=[OX1])(=[OX1])O),$([NX3+]([OX1-])(=[OX1])O)]
102: [$([OX1]=[NX3](=[OX1])[OX1-]),$([OX1]=[NX3+]([OX1-])[OX1-])]
103: [NX1]#[CX2]
104: [CX1-]#[NX2+]
105: [$([NX3](=O)=O),$([NX3+](=O)[O-])][!#8] Hits both forms.
106: [$([NX3](=O)=O),$([NX3+](=O)[O-])][!#8].[$([NX3](=O)=O),$([NX3+](=O)[O-])][!#8]
107: [NX2]=[OX1]
108: [$([#7+][OX1-]),$([#7v5]=[OX1]);!$([#7](~[O])~[O]);!$([#7]=[#7])]
109: [OX2H]
110: [#6][OX2H]
111: [OX2H][CX3]=[OX1]
112: [OX2H]P
113: [OX2H][#6X3]=[#6]
114: [OX2H][cX3]:[c]
115: [OX2H][$(C=C),$(cc)]
116: [$([OH]-*=[!#6])]
117: [OX2,OX1-][OX2,OX1-]
118: [$(P(=[OX1])([$([OX2H]),$([OX1-]),$([OX2]P)])([$([OX2H]),$([OX1-]),$([OX2]P)])[$([OX2H]),$([OX1-]),$([OX2]P)]),$([P+]([OX1-])([$([OX2H]),$([OX1-]),$([OX2]P)])([$([OX2H]),$([OX1-]),$([OX2]P)])[$([OX2H]),$([OX1-]),$([OX2]P)])]
119: [$(P(=[OX1])([OX2][#6])([$([OX2H]),$([OX1-]),$([OX2][#6])])[$([OX2H]),$([OX1-]),$([OX2][#6]),$([OX2]P)]),$([P+]([OX1-])([OX2][#6])([$([OX2H]),$([OX1-]),$([OX2][#6])])[$([OX2H]),$([OX1-]),$([OX2][#6]),$([OX2]P)])]
120: [S-][CX3](=S)[#6]
121: S([#6])[CX3](=O)[#6]
122: [#6X3](=[SX1])([!N])[!N]
123: [SX2]
124: [#16X2H]
125: [#16!H0]
126: [NX3][CX3]=[SX1]
127: [#16X2H0]
128: [#16X2H0][!#16]
129: [#16X2H0][#16X2H0]
130: [#16X2H0][!#16].[#16X2H0][!#16]
131: [$([#16X3](=[OX1])[OX2H0]),$([#16X3+]([OX1-])[OX2H0])]
132: [$([#16X3](=[OX1])[OX2H,OX1H0-]),$([#16X3+]([OX1-])[OX2H,OX1H0-])]
133: [$([#16X4](=[OX1])=[OX1]),$([#16X4+2]([OX1-])[OX1-])]
134: [$([#16X4](=[OX1])(=[OX1])([#6])[#6]),$([#16X4+2]([OX1-])([OX1-])([#6])[#6])]
135: [$([#16X4](=[OX1])(=[OX1])([#6])[OX2H,OX1H0-]),$([#16X4+2]([OX1-])([OX1-])([#6])[OX2H,OX1H0-])]
136: [$([#16X4](=[OX1])(=[OX1])([#6])[OX2H0]),$([#16X4+2]([OX1-])([OX1-])([#6])[OX2H0])]
137: [$([#16X4]([NX3])(=[OX1])(=[OX1])[#6]),$([#16X4+2]([NX3])([OX1-])([OX1-])[#6])]
138: [SX4](C)(C)(=O)=N
139: [$([SX4](=[OX1])(=[OX1])([!O])[NX3]),$([SX4+2]([OX1-])([OX1-])([!O])[NX3])]
140: [$([#16X3]=[OX1]),$([#16X3+][OX1-])]
141: [$([#16X3](=[OX1])([#6])[#6]),$([#16X3+]([OX1-])([#6])[#6])]
142: [$([#16X4](=[OX1])(=[OX1])([OX2H,OX1H0-])[OX2][#6]),$([#16X4+2]([OX1-])([OX1-])([OX2H,OX1H0-])[OX2][#6])]
143: [$([SX4](=O)(=O)(O)O),$([SX4+2]([O-])([O-])(O)O)]
144: [$([#16X4](=[OX1])(=[OX1])([OX2][#6])[OX2][#6]),$([#16X4](=[OX1])(=[OX1])([OX2][#6])[OX2][#6])]
145: [$([#16X4]([NX3])(=[OX1])(=[OX1])[OX2][#6]),$([#16X4+2]([NX3])([OX1-])([OX1-])[OX2][#6])]
146: [$([#16X4]([NX3])(=[OX1])(=[OX1])[OX2H,OX1H0-]),$([#16X4+2]([NX3])([OX1-])([OX1-])[OX2H,OX1H0-])]
147: [#16X2][OX2H,OX1H0-]
148: [#16X2][OX2H0]
149: [#6][F,Cl,Br,I]
150: [F,Cl,Br,I]
151: [F,Cl,Br,I].[F,Cl,Br,I].[F,Cl,Br,I]
152: [CX3](=[OX1])[F,Cl,Br,I]
153: [$([#6X4@](*)(*)(*)*),$([#6X4@H](*)(*)*)]
154: C[C@?](F)(Cl)Br
  SMILES loader: invalid character within atom description: '?'
155: C[C@?H](Cl)Br
  SMILES loader: invalid character within atom description: '?'
156: [$([cX2+](:*):*)]
157: [$([cX3](:*):*),$([cX2+](:*):*)]
158: [$([cX3](:*):*),$([cX2+](:*):*),$([CX3]=*),$([CX2+]=*)]
159: [$([nX3](:*):*),$([nX2](:*):*),$([#7X2]=*),$([NX3](=*)=*),$([#7X3+](-*)=*),$([#7X3+H]=*)]
160: [$([#1X1][$([nX3](:*):*),$([nX2](:*):*),$([#7X2]=*),$([NX3](=*)=*),$([#7X3+](-*)=*),$([#7X3+H]=*)])]
161: [$([NX4+]),$([NX3]);!$(*=*)&!$(*:*)]
162: [$([#1X1][$([NX4+]),$([NX3]);!$(*=*)&!$(*:*)])]
163: [$([$([NX3]=O),$([NX3+][O-])])]
164: [$([$([NX4]=O),$([NX4+][O-])])]
165: [$([$([NX4]=O),$([NX4+][O-,#0])])]
166: [$([NX4+]),$([NX4]=*)]
167: [$([SX3]=N)]
168: [$([SX1]=[#6])]
169: [$([NX1]#*)]
170: [$([OX2])]
171: [R0;D2][R0;D2][R0;D2][R0;D2]
172: [R0;D2]~[R0;D2]~[R0;D2]~[R0;D2]
173: [AR0]~[AR0]~[AR0]~[AR0]~[AR0]~[AR0]~[AR0]~[AR0]
174: [!$([#6+0]);!$(C(F)(F)F);!$(c(:[!c]):[!c])!$([#6]=,#[!#6])]
175: [$([#6+0]);!$(C(F)(F)F);!$(c(:[!c]):[!c])!$([#6]=,#[!#6])]
176: [$([SX1]~P)]
177: [$([NX3]C=N)]
178: [$([NX3]N=C)]
179: [$([NX3]N=N)]
180: [$([OX2]C=N)]
181: [!$(*#*)&!D1]-!@[!$(*#*)&!D1]
182: [$([*R2]([*R])([*R])([*R]))].[$([*R2]([*R])([*R])([*R]))]
183: *-!:aa-!:*
184: *-!:aaa-!:*
185: *-!:aaaa-!:*
186: *!@*
187: *-!@*
188: [R0]
189: [!R]
190: [r;!r3;!r4;!r5;!r6;!r7]
191: [sX2r5]
192: [oX2r5]
193: [nX2r5]
194: [X4;R2;r4,r5,r6](@[r4,r5,r6])(@[r4,r5,r6])(@[r4,r5,r6])@[r4,r5,r6]
195: [$([nX2r5]:[a-]),$([nX2r5]:[a]:[a-])]
196: */,\[R]=;@[R]/,\*
197: */,\[R]=,:;@[R]/,\*
  molecule render internal: Unknown bond type ((order = 2 | order = 4) & ring). Can not determine bond width.
198: [cR1]1[cR1][cR1][cR1][cR1][cR1]1
199: [cR1]1[cR1][cR1][cR1][cR1][cR1]1.[cR1]1[cR1][cR1][cR1][cR1][cR1]1
200: c12ccccc1cccc2
201: [NX3,NX4+][CX4H]([*])[CX3](=[OX1])[O,N]
202: [$([$([NX3H,NX4H2+]),$([NX3](C)(C)(C))]1[CX4H]([CH2][CH2][CH2]1)[CX3](=[OX1])[OX2H,OX1-,N]),$([$([NX3H2,NX4H3+]),$([NX3H](C)(C))][CX4H2][CX3](=[OX1])[OX2H,OX1-,N]),$([$([NX3H2,NX4H3+]),$([NX3H](C)(C))][CX4H]([*])[CX3](=[OX1])[OX2H,OX1-,N])]
203: [$([NX3H,NX4H2+]),$([NX3](C)(C)(C))]1[CX4H]([CH2][CH2][CH2]1)[CX3](=[OX1])[OX2H,OX1-,N]
204: [$([$([NX3H2,NX4H3+]),$([NX3H](C)(C))][CX4H2][CX3](=[OX1])[OX2H,OX1-,N])]
205: [$([NX3H2,NX4H3+]),$([NX3H](C)(C))][CX4H]([*])[CX3](=[OX1])[OX2H,OX1-,N]
206: [CH3X4]
207: [$([NX3H2,NX4H3+]),$([NX3H](C)(C))][CX4H]([CH3X4])[CX3](=[OX1])[OX2H,OX1-,N]
208: ([$([CH3X4]),$([CH2X4][CH2X4][CH2X4][NHX3][CH0X3](=[NH2X3+,NHX2+0])[NH2X3]),$([CH2X4][CX3](=[OX1])[NX3H2]),$([CH2X4][CX3](=[OX1])[OH0-,OH]),$([CH2X4][SX2H,SX1H0-]),$([CH2X4][CH2X4][CX3](=[OX1])[OH0-,OH]),$([CH2X4][#6X3]1:[$([#7X3H+,#7X2H0+0]:[#6X3H]:[#7X3H]),$([#7X3H])]:[#6X3H]:[$([#7X3H+,#7X2H0+0]:[#6X3H]:[#7X3H]),$([#7X3H])]:[#6X3H]1),$([CHX4]([CH3X4])[CH2X4][CH3X4]),$([CH2X4][CHX4]([CH3X4])[CH3X4]),$([CH2X4][CH2X4][CH2X4][CH2X4][NX4+,NX3+0]),$([CH2X4][CH2X4][SX2][CH3X4]),$([CH2X4][cX3]1[cX3H][cX3H][cX3H][cX3H][cX3H]1),$([CH2X4][OX2H]),$([CHX4]([CH3X4])[OX2H]),$([CH2X4][cX3]1[cX3H][nX3H][cX3]2[cX3H][cX3H][cX3H][cX3H][cX3]12),$([CH2X4][cX3]1[cX3H][cX3H][cX3]([OHX2,OH0X1-])[cX3H][cX3H]1),$([CHX4]([CH3X4])[CH3X4])])
209: [$([$([NX3H,NX4H2+]),$([NX3](C)(C)(C))]1[CX4H]([CH2][CH2][CH2]1)[CX3](=[OX1])[OX2H,OX1-,N]),$([$([NX3H2,NX4H3+]),$([NX3H](C)(C))][CX4H2][CX3](=[OX1])[OX2H,OX1-,N]),$([$([NX3H2,NX4H3+]),$([NX3H](C)(C))][CX4H]([$([CH3X4]),$([CH2X4][CH2X4][CH2X4][NHX3][CH0X3](=[NH2X3+,NHX2+0])[NH2X3]),$([CH2X4][CX3](=[OX1])[NX3H2]),$([CH2X4][CX3](=[OX1])[OH0-,OH]),$([CH2X4][SX2H,SX1H0-]),$([CH2X4][CH2X4][CX3](=[OX1])[OH0-,OH]),$([CH2X4][#6X3]1:[$([#7X3H+,#7X2H0+0]:[#6X3H]:[#7X3H]),$([#7X3H])]:[#6X3H]:[$([#7X3H+,#7X2H0+0]:[#6X3H]:[#7X3H]),$([#7X3H])]:[#6X3H]1),$([CHX4]([CH3X4])[CH2X4][CH3X4]),$([CH2X4][CHX4]([CH3X4])[CH3X4]),$([CH2X4][CH2X4][CH2X4][CH2X4][NX4+,NX3+0]),$([CH2X4][CH2X4][SX2][CH3X4]),$([CH2X4][cX3]1[cX3H][cX3H][cX3H][cX3H][cX3H]1),$([CH2X4][OX2H]),$([CHX4]([CH3X4])[OX2H]),$([CH2X4][cX3]1[cX3H][nX3H][cX3]2[cX3H][cX3H][cX3H][cX3H][cX3]12),$([CH2X4][cX3]1[cX3H][cX3H][cX3]([OHX2,OH0X1-])[cX3H][cX3H]1),$([CHX4]([CH3X4])[CH3X4])])[CX3](=[OX1])[OX2H,OX1-,N])]
210: [$([NX3,NX4+][CX4H]([*])[CX3](=[OX1])[O,N]);!$([$([$([NX3H,NX4H2+]),$([NX3](C)(C)(C))]1[CX4H]([CH2][CH2][CH2]1)[CX3](=[OX1])[OX2H,OX1-,N]),$([$([NX3H2,NX4H3+]),$([NX3H](C)(C))][CX4H2][CX3](=[OX1])[OX2H,OX1-,N]),$([$([NX3H2,NX4H3+]),$([NX3H](C)(C))][CX4H]([$([CH3X4]),$([CH2X4][CH2X4][CH2X4][NHX3][CH0X3](=[NH2X3+,NHX2+0])[NH2X3]),$([CH2X4][CX3](=[OX1])[NX3H2]),$([CH2X4][CX3](=[OX1])[OH0-,OH]),$([CH2X4][SX2H,SX1H0-]),$([CH2X4][CH2X4][CX3](=[OX1])[OH0-,OH]),$([CH2X4][#6X3]1:[$([#7X3H+,#7X2H0+0]:[#6X3H]:[#7X3H]),$([#7X3H])]:[#6X3H]:[$([#7X3H+,#7X2H0+0]:[#6X3H]:[#7X3H]),$([#7X3H])]:[#6X3H]1),$([CHX4]([CH3X4])[CH2X4][CH3X4]),$([CH2X4][CHX4]([CH3X4])[CH3X4]),$([CH2X4][CH2X4][CH2X4][CH2X4][NX4+,NX3+0]),$([CH2X4][CH2X4][SX2][CH3X4]),$([CH2X4][cX3]1[cX3H][cX3H][cX3H][cX3H][cX3H]1),$([CH2X4][OX2H]),$([CHX4]([CH3X4])[OX2H]),$([CH2X4][cX3]1[cX3H][nX3H][cX3]2[cX3H][cX3H][cX3H][cX3H][cX3]12),$([CH2X4][cX3]1[cX3H][cX3H][cX3]([OHX2,OH0X1-])[cX3H][cX3H]1),$([CHX4]([CH3X4])[CH3X4])])[CX3](=[OX1])[OX2H,OX1-,N])])]
211: [$(*-[NX2-]-[NX2+]#[NX1]),$(*-[NX2]=[NX2+]=[NX1-])]
212: [$([NX1-]=[NX2+]=[NX1-]),$([NX1]#[NX2+]-[NX1-2])]
213: [$([$(*-[NX2-]-[NX2+]#[NX1]),$(*-[NX2]=[NX2+]=[NX1-])]),$([$([NX1-]=[NX2+]=[NX1-]),$([NX1]#[NX2+]-[NX1-2])])]
214: [$([CX3]=[OX1])]
215: [$([OX1]=[CX3])]
216: [#16X2H0]
217: [#16X2H0][!#16]
218: [#16X2H0][#16X2H0]
219: [#16X2H0][!#16].[#16X2H0][!#16]
220: [OX2H,OX1H0-]
221: [OX2H0]
222: [H1,H0-]
223: ([Cl!$(Cl~c)].[c!$(c~Cl)])
224: ([Cl]).([c])
225: ([Cl].[c])
226: [NX3;H2,H1;!$(NC=O)].[NX3;H2,H1;!$(NC=O)]
227: [#6]
228: [c,C]
229: [#0]
230: [OX2,OX1-][OX2,OX1-]
231: [O;X2,X1-][O;X2,X1-]
232: [N&X4&+,N&X3&+0]
233: [NX4+,NX3+0]
234: [*!H0,#1]
235: [#6!H0,#1]
236: [H,#1]
237: [!H0;F,Cl,Br,I,N+,$([OH]-*=[!#6]),+]
238: [CX3](=O)[OX2H1]
239: [CX3](=O)[OX1H0-,OX2H1]
240: [$([OH]-*=[!#6])]
241: [$(P(=[OX1])([$([OX2H]),$([OX1-]),$([OX2]P)])([$([OX2H]),$([OX1-]),$([OX2]P)])[$([OX2H]),$([OX1-]),$([OX2]P)]),$([P+]([OX1-])([$([OX2H]),$([OX1-]),$([OX2]P)])([$([OX2H]),$([OX1-]),$([OX2]P)])[$([OX2H]),$([OX1-]),$([OX2]P)])]
242: [$([#16X4](=[OX1])(=[OX1])([#6])[OX2H,OX1H0-]),$([#16X4+2]([OX1-])([OX1-])([#6])[OX2H,OX1H0-])]
243: [CX3](=[OX1])[F,Cl,Br,I]
244: [NX2-]
245: [OX2H+]=*
246: [OX3H2+]
247: [#6+]
248: [$([cX2+](:*):*)]
249: [$([NX1-]=[NX2+]=[NX1-]),$([NX1]#[NX2+]-[NX1-2])]
250: [+1]~*~*~[-1]
251: [$([!-0!-1!-2!-3!-4]~*~[!+0!+1!+2!+3!+4]),$([!-0!-1!-2!-3!-4]~*~*~[!+0!+1!+2!+3!+4]),$([!-0!-1!-2!-3!-4]~*~*~*~[!+0!+1!+2!+3!+4]),$([!-0!-1!-2!-3!-4]~*~*~*~*~[!+0!+1!+2!+3!+4]),$([!-0!-1!-2!-3!-4]~*~*~*~*~*~[!+0!+1!+2!+3!+4]),$([!-0!-1!-2!-3!-4]~*~*~*~*~*~*~[!+0!+1!+2!+3!+4]),$([!-0!-1!-2!-3!-4]~*~*~*~*~*~*~*~[!+0!+1!+2!+3!+4]),$([!-0!-1!-2!-3!-4]~*~*~*~*~*~*~*~*~[!+0!+1!+2!+3!+4]),$([!-0!-1!-2!-3!-4]~*~*~*~*~*~*~*~*~*~[!+0!+1!+2!+3!+4])]
252: ([!-0!-1!-2!-3!-4].[!+0!+1!+2!+3!+4])
253: [#6,#7;R0]=[#8]
254: [!$([#6,F,Cl,Br,I,o,s,nX3,#7v5,#15v5,#16v4,#16v6,*+1,*+2,*+3])]
255: [!$([#6,H0,-,-2,-3])]
256: [!H0;#7,#8,#9]
257: [O,N;!H0]-*~*-*=[$([C,N;R0]=O)]
258: [#6;X3v3+0]
259: [#7;X2v4+0]
260: [$([a;r8,!R1&r7,!R1&r6,!R1&r5,!R1&r4,!R1&r3])]1:[$([a;r8,!R1&r7,!R1&r6,!R1&r5,!R1&r4,!R1&r3])]:[$([a;r8,!R1&r7,!R1&r6,!R1&r5,!R1&r4,!R1&r3])]:[$([a;r8,!R1&r7,!R1&r6,!R1&r5,!R1&r4,!R1&r3])]:[$([a;r8,!R1&r7,!R1&r6,!R1&r5,!R1&r4,!R1&r3])]:[$([a;r8,!R1&r7,!R1&r6,!R1&r5,!R1&r4,!R1&r3])]:[$([a;r8,!R1&r7,!R1&r6,!R1&r5,!R1&r4,!R1&r3])]:[$([a;r8,!R1&r7,!R1&r6,!R1&r5,!R1&r4,!R1&r3])]:1
261: [$([O;H1;v2]),$([O;H0;v2;!$(O=N-*),$([O;-;!$(*-N=O)]),$([o;+0])]),$([n;+0;!X3;!$([n;H1](cc)cc),$([$([N;H0]#[C&v4])]),$([N&v3;H0;$(Nc)])]),$([F;$(F-[#6]);!$(FC[F,Cl,Br,I])])]
262: [$([a;r5,!R1&r4,!R1&r3])]1:[$([a;r5,!R1&r4,!R1&r3])]:[$([a;r5,!R1&r4,!R1&r3])]:[$([a;r5,!R1&r4,!R1&r3])]:[$([a;r5,!R1&r4,!R1&r3])]:1
263: [$([a;r4,!R1&r3])]1:[$([a;r4,!R1&r3])]:[$([a;r4,!R1&r3])]:[$([a;r4,!R1&r3])]:1
