scaffold: CC1C(O)=CC(C(C)C=1)C
full scaffold: C%91C1C(O%92)=C%93C(C(C%94%95)C%96=1)C%97%98.[*:1]%94%97.[*:2]%95.[*:3]%98.[*:4]%93.[*:5]%92%91.[*:6]%96 |$;;;;;;;;;;_R1;_R2;_R3;_R4;_R5;_R6$|
Molecule: CC1C(O)=CC2C(CC3C(C2)CCCC3)C=1 |ha:0,1,2,3,4,5,6,7,10,15,hb:0,1,2,3,4,5,6,10,16,17|
  decomposed molecule: CC1=CC(C%91)C(C%92)C=C1O.[*:1]%91%92 |$;;;;;;;;;;_R1$|
  mapped scaffold: CC1=CC(C)C(C)C=C1O
    RGROUP #1
      fragment #0: C1CCCC%91C%921.[*:2]%91.[*:1]%92 |$;;;;;;_AP2;_AP1$|
         Number of attachment points: 2
           Index: 0. Order 1
           Index: 5. Order 2
         Number of attachment points: 2
           Index: 0. Order 1
           Index: 5. Order 2
         Number of attachment points: 0
         Number of attachment points: 2
IC1CCCCC1I

  -INDIGO-01000000002D

  8  8  0  0  0  0  0  0  0  0999 V2000
    4.4341    0.0000    0.0000 C   0  0  0  0  0  0  0  0  0  0  0  0
    6.6510    1.2800    0.0000 C   0  0  0  0  0  0  0  0  0  0  0  0
    8.8682   -0.0000    0.0000 C   0  0  0  0  0  0  0  0  0  0  0  0
    8.8682   -2.5600    0.0000 C   0  0  0  0  0  0  0  0  0  0  0  0
    6.6510   -3.8400    0.0000 C   0  0  0  0  0  0  0  0  0  0  0  0
    4.4341   -2.5600    0.0000 C   0  0  0  0  0  0  0  0  0  0  0  0
    3.0484    0.8000    0.0000 I   0  0  0  0  0  0  0  0  0  0  0  0
    3.0484   -3.3600    0.0000 I   0  0  0  0  0  0  0  0  0  0  0  0
  1  2  1  0  0  0  0
  2  3  1  0  0  0  0
  3  4  1  0  0  0  0
  4  5  1  0  0  0  0
  5  6  1  0  0  0  0
  6  1  1  0  0  0  0
  1  7  1  0  0  0  0
  6  8  1  0  0  0  0
M  END

Molecule: CC1C(O)=C(C)C(CF)C(CO)C=1 |ha:0,1,2,3,4,6,7,9,10,12,hb:0,1,2,3,5,6,8,9,11,12|
  decomposed molecule: CC1=CC(C%91)C(C%92)C%93=C1O.[*:4]%93.[*:3]%92.[*:2]%91 |$;;;;;;;;;;_R4;_R3;_R2$|
  mapped scaffold: CC1=CC(C)C(C)C=C1O
    RGROUP #1
      NO FRAGMENT
    RGROUP #2
      fragment #0: O%91.[*:1]%91 |$;_AP1$|
         Number of attachment points: 1
           Index: 0. Order 1
         Number of attachment points: 1
           Index: 0. Order 1
         Number of attachment points: 0
         Number of attachment points: 1
OI

  -INDIGO-01000000002D

  2  1  0  0  0  0  0  0  0  0999 V2000
    0.0000    0.0000    0.0000 O   0  0  0  0  0  0  0  0  0  0  0  0
    1.6000    0.0000    0.0000 I   0  0  0  0  0  0  0  0  0  0  0  0
  1  2  1  0  0  0  0
M  END

    RGROUP #3
      fragment #0: F%91.[*:1]%91 |$;_AP1$|
         Number of attachment points: 1
           Index: 0. Order 1
         Number of attachment points: 1
           Index: 0. Order 1
         Number of attachment points: 0
         Number of attachment points: 1
FI

  -INDIGO-01000000002D

  2  1  0  0  0  0  0  0  0  0999 V2000
    0.0000    0.0000    0.0000 F   0  0  0  0  0  0  0  0  0  0  0  0
    1.6000    0.0000    0.0000 I   0  0  0  0  0  0  0  0  0  0  0  0
  1  2  1  0  0  0  0
M  END

    RGROUP #4
      fragment #0: C%91.[*:1]%91 |$;_AP1$|
         Number of attachment points: 1
           Index: 0. Order 1
         Number of attachment points: 1
           Index: 0. Order 1
         Number of attachment points: 0
         Number of attachment points: 1
CI

  -INDIGO-01000000002D

  2  1  0  0  0  0  0  0  0  0999 V2000
    0.0000    0.0000    0.0000 C   0  0  0  0  0  0  0  0  0  0  0  0
    1.6000    0.0000    0.0000 I   0  0  0  0  0  0  0  0  0  0  0  0
  1  2  1  0  0  0  0
M  END

Molecule: CC1C(O)=C(C)C2C(COC2)C=1 |ha:0,1,2,3,4,6,7,8,10,11,hb:0,1,2,3,5,6,7,10,11,12|
  decomposed molecule: CC1=CC(C%91)C(C%92)C%93=C1O.[*:4]%93.[*:1]%92%91 |$;;;;;;;;;;_R4;_R1$|
  mapped scaffold: CC1=CC(C)C(C)C=C1O
    RGROUP #1
      fragment #0: O%91%92.[*:1]%91.[*:2]%92 |$;_AP1;_AP2$|
         Number of attachment points: 2
           Index: 0. Order 1
           Index: 0. Order 2
         Number of attachment points: 2
           Index: 0. Order 1
           Index: 0. Order 2
         Number of attachment points: 0
         Number of attachment points: 2
IOI

  -INDIGO-01000000002D

  3  2  0  0  0  0  0  0  0  0999 V2000
    0.0000    0.0000    0.0000 O   0  0  0  0  0  0  0  0  0  0  0  0
    1.3856    0.8000    0.0000 I   0  0  0  0  0  0  0  0  0  0  0  0
   -1.3856    0.8000    0.0000 I   0  0  0  0  0  0  0  0  0  0  0  0
  1  2  1  0  0  0  0
  1  3  1  0  0  0  0
M  END

    RGROUP #2
      NO FRAGMENT
    RGROUP #3
      NO FRAGMENT
    RGROUP #4
      fragment #0: C%91.[*:1]%91 |$;_AP1$|
         Number of attachment points: 1
           Index: 0. Order 1
         Number of attachment points: 1
           Index: 0. Order 1
         Number of attachment points: 0
         Number of attachment points: 1
CI

  -INDIGO-01000000002D

  2  1  0  0  0  0  0  0  0  0999 V2000
    0.0000    0.0000    0.0000 C   0  0  0  0  0  0  0  0  0  0  0  0
    1.6000    0.0000    0.0000 I   0  0  0  0  0  0  0  0  0  0  0  0
  1  2  1  0  0  0  0
M  END

Molecule: CC1C2C(COC2)C(O)=C2C=1OCC2 |ha:1,2,3,4,6,7,9,10,11,13,hb:1,2,3,6,7,9,10,11,12,15|
  decomposed molecule: [*:6]C1C(C%91)C(C%92)C%93=C(O%94)C=1C%95.[*:4]%93.[*:5]%94%95.[*:1]%91%92 |$_R6;;;;;;;;;;;_R4;_R5;_R1$|
  mapped scaffold: CC1=CC(C)C(C)C=C1O
    RGROUP #1
      fragment #0: O%91%92.[*:1]%91.[*:2]%92 |$;_AP1;_AP2$|
         Number of attachment points: 2
           Index: 0. Order 1
           Index: 0. Order 2
         Number of attachment points: 2
           Index: 0. Order 1
           Index: 0. Order 2
         Number of attachment points: 0
         Number of attachment points: 2
IOI

  -INDIGO-01000000002D

  3  2  0  0  0  0  0  0  0  0999 V2000
    0.0000    0.0000    0.0000 O   0  0  0  0  0  0  0  0  0  0  0  0
    1.3856    0.8000    0.0000 I   0  0  0  0  0  0  0  0  0  0  0  0
   -1.3856    0.8000    0.0000 I   0  0  0  0  0  0  0  0  0  0  0  0
  1  2  1  0  0  0  0
  1  3  1  0  0  0  0
M  END

    RGROUP #2
      NO FRAGMENT
    RGROUP #3
      NO FRAGMENT
    RGROUP #4
      fragment #0: C%91.[*:1]%91 |$;_AP1$|
         Number of attachment points: 1
           Index: 0. Order 1
         Number of attachment points: 1
           Index: 0. Order 1
         Number of attachment points: 0
         Number of attachment points: 1
CI

  -INDIGO-01000000002D

  2  1  0  0  0  0  0  0  0  0999 V2000
    0.0000    0.0000    0.0000 C   0  0  0  0  0  0  0  0  0  0  0  0
    1.6000    0.0000    0.0000 I   0  0  0  0  0  0  0  0  0  0  0  0
  1  2  1  0  0  0  0
M  END

    RGROUP #5
      fragment #0: C%91%92.[*:1]%91.[*:2]%92 |$;_AP1;_AP2$|
         Number of attachment points: 2
           Index: 0. Order 1
           Index: 0. Order 2
         Number of attachment points: 2
           Index: 0. Order 1
           Index: 0. Order 2
         Number of attachment points: 0
         Number of attachment points: 2
ICI

  -INDIGO-01000000002D

  3  2  0  0  0  0  0  0  0  0999 V2000
    0.0000    0.0000    0.0000 C   0  0  0  0  0  0  0  0  0  0  0  0
    1.3856    0.8000    0.0000 I   0  0  0  0  0  0  0  0  0  0  0  0
   -1.3856    0.8000    0.0000 I   0  0  0  0  0  0  0  0  0  0  0  0
  1  2  1  0  0  0  0
  1  3  1  0  0  0  0
M  END

    RGROUP #6
      fragment #0: O%91.[*:1]%91 |$;_AP1$|
         Number of attachment points: 1
           Index: 0. Order 1
         Number of attachment points: 1
           Index: 0. Order 1
         Number of attachment points: 0
         Number of attachment points: 1
OI

  -INDIGO-01000000002D

  2  1  0  0  0  0  0  0  0  0999 V2000
    0.0000    0.0000    0.0000 O   0  0  0  0  0  0  0  0  0  0  0  0
    1.6000    0.0000    0.0000 I   0  0  0  0  0  0  0  0  0  0  0  0
  1  2  1  0  0  0  0
M  END

