****** Molfile 2000 ********

  -INDIGO-01000000002D

 30 32  0  0  0  0  0  0  0  0999 V2000
    0.0000    0.0000    0.0000 O   0  0  0  0  0  0  0  0  0  0  0  0
    0.0000    0.0000    0.0000 C   0  0  0  0  0  0  0  0  0  0  0  0
    0.0000    0.0000    0.0000 C   0  0  0  0  0  0  0  0  0  0  0  0
    0.0000    0.0000    0.0000 C   0  0  0  0  0  0  0  0  0  0  0  0
    0.0000    0.0000    0.0000 O   0  0  0  0  0  0  0  0  0  0  0  0
    0.0000    0.0000    0.0000 C   0  0  0  0  0  0  0  0  0  0  0  0
    0.0000    0.0000    0.0000 O   0  0  0  0  0  0  0  0  0  0  0  0
    0.0000    0.0000    0.0000 C   0  0  0  0  0  0  0  0  0  0  0  0
    0.0000    0.0000    0.0000 O   0  0  0  0  0  0  0  0  0  0  0  0
    0.0000    0.0000    0.0000 C   0  0  0  0  0  0  0  0  0  0  0  0
    0.0000    0.0000    0.0000 O   0  0  0  0  0  0  0  0  0  0  0  0
    0.0000    0.0000    0.0000 C   0  0  0  0  0  0  0  0  0  0  0  0
    0.0000    0.0000    0.0000 C   0  0  0  0  0  0  0  0  0  0  0  0
    0.0000    0.0000    0.0000 O   0  0  0  0  0  0  0  0  0  0  0  0
    0.0000    0.0000    0.0000 C   0  0  0  0  0  0  0  0  0  0  0  0
    0.0000    0.0000    0.0000 O   0  0  0  0  0  0  0  0  0  0  0  0
    0.0000    0.0000    0.0000 C   0  0  0  0  0  0  0  0  0  0  0  0
    0.0000    0.0000    0.0000 O   0  0  0  0  0  0  0  0  0  0  0  0
    0.0000    0.0000    0.0000 C   0  0  0  0  0  0  0  0  0  0  0  0
    0.0000    0.0000    0.0000 C   0  0  0  0  0  0  0  0  0  0  0  0
    0.0000    0.0000    0.0000 C   0  0  0  0  0  0  0  0  0  0  0  0
    0.0000    0.0000    0.0000 C   0  0  0  0  0  0  0  0  0  0  0  0
    0.0000    0.0000    0.0000 C   0  0  0  0  0  0  0  0  0  0  0  0
    0.0000    0.0000    0.0000 C   0  0  0  0  0  0  0  0  0  0  0  0
    0.0000    0.0000    0.0000 C   0  0  0  0  0  0  0  0  0  0  0  0
    0.0000    0.0000    0.0000 O   0  0  0  0  0  0  0  0  0  0  0  0
    0.0000    0.0000    0.0000 C   0  0  0  0  0  0  0  0  0  0  0  0
    0.0000    0.0000    0.0000 C   0  0  0  0  0  0  0  0  0  0  0  0
    0.0000    0.0000    0.0000 O   0  0  0  0  0  0  0  0  0  0  0  0
    0.0000    0.0000    0.0000 O   0  0  0  0  0  0  0  0  0  0  0  0
  1  2  1  0  0  0  0
  2  3  1  0  0  0  0
  3  4  1  0  0  0  0
  4  5  1  0  0  0  0
  4  6  1  0  0  0  0
  6  7  1  0  0  0  0
  6  8  1  0  0  0  0
  8  9  1  0  0  0  0
  8 10  1  0  0  0  0
 10 11  1  0  0  0  0
 11 12  1  0  0  0  0
 12 13  1  0  0  0  0
 13 14  1  0  0  0  0
 13 15  1  0  0  0  0
 15 16  1  0  0  0  0
 15 17  1  0  0  0  0
 17 18  1  0  0  0  0
 18 19  1  0  0  0  0
 19 20  1  0  0  0  0
 20 21  1  0  0  0  0
 21 22  1  0  0  0  0
 22 23  1  0  0  0  0
 23 24  1  0  0  0  0
 24 25  1  0  0  0  0
 25 20  1  0  0  0  0
 17 26  1  0  0  0  0
 26 27  1  0  0  0  0
 27 12  1  0  0  0  0
 27 28  1  0  0  0  0
 28 29  1  0  0  0  0
 10 30  1  0  0  0  0
 30  3  1  0  0  0  0
M  END

****** Molfile 3000 ********

  -INDIGO-01000000002D

  0  0  0  0  0  0  0  0  0  0  0 V3000
M  V30 BEGIN CTAB
M  V30 COUNTS 30 32 0 0 0
M  V30 BEGIN ATOM
M  V30 1 O 0.000000 0.000000 0.000000 0
M  V30 2 C 0.000000 0.000000 0.000000 0
M  V30 3 C 0.000000 0.000000 0.000000 0
M  V30 4 C 0.000000 0.000000 0.000000 0
M  V30 5 O 0.000000 0.000000 0.000000 0
M  V30 6 C 0.000000 0.000000 0.000000 0
M  V30 7 O 0.000000 0.000000 0.000000 0
M  V30 8 C 0.000000 0.000000 0.000000 0
M  V30 9 O 0.000000 0.000000 0.000000 0
M  V30 10 C 0.000000 0.000000 0.000000 0
M  V30 11 O 0.000000 0.000000 0.000000 0
M  V30 12 C 0.000000 0.000000 0.000000 0
M  V30 13 C 0.000000 0.000000 0.000000 0
M  V30 14 O 0.000000 0.000000 0.000000 0
M  V30 15 C 0.000000 0.000000 0.000000 0
M  V30 16 O 0.000000 0.000000 0.000000 0
M  V30 17 C 0.000000 0.000000 0.000000 0
M  V30 18 O 0.000000 0.000000 0.000000 0
M  V30 19 C 0.000000 0.000000 0.000000 0
M  V30 20 C 0.000000 0.000000 0.000000 0
M  V30 21 C 0.000000 0.000000 0.000000 0
M  V30 22 C 0.000000 0.000000 0.000000 0
M  V30 23 C 0.000000 0.000000 0.000000 0
M  V30 24 C 0.000000 0.000000 0.000000 0
M  V30 25 C 0.000000 0.000000 0.000000 0
M  V30 26 O 0.000000 0.000000 0.000000 0
M  V30 27 C 0.000000 0.000000 0.000000 0
M  V30 28 C 0.000000 0.000000 0.000000 0
M  V30 29 O 0.000000 0.000000 0.000000 0
M  V30 30 O 0.000000 0.000000 0.000000 0
M  V30 END ATOM
M  V30 BEGIN BOND
M  V30 1 1 1 2
M  V30 2 1 2 3
M  V30 3 1 3 4
M  V30 4 1 4 5
M  V30 5 1 4 6
M  V30 6 1 6 7
M  V30 7 1 6 8
M  V30 8 1 8 9
M  V30 9 1 8 10
M  V30 10 1 10 11
M  V30 11 1 11 12
M  V30 12 1 12 13
M  V30 13 1 13 14
M  V30 14 1 13 15
M  V30 15 1 15 16
M  V30 16 1 15 17
M  V30 17 1 17 18
M  V30 18 1 18 19
M  V30 19 1 19 20
M  V30 20 1 20 21
M  V30 21 1 21 22
M  V30 22 1 22 23
M  V30 23 1 23 24
M  V30 24 1 24 25
M  V30 25 1 25 20
M  V30 26 1 17 26
M  V30 27 1 26 27
M  V30 28 1 27 12
M  V30 29 1 27 28
M  V30 30 1 28 29
M  V30 31 1 10 30
M  V30 32 1 30 3
M  V30 END BOND
M  V30 BEGIN COLLECTION
M  V30 MDLV30/HILITE BONDS=(12 1 2 3 4 5 6 7 8 9 10 31 32)
M  V30 MDLV30/HILITE ATOMS=(12 1 2 3 4 5 6 7 8 9 10 11 30)
M  V30 END COLLECTION
M  V30 END CTAB
M  END

****** CML ********
<?xml version="1.0" ?>
<cml>
<molecule>
  <atomArray>
    <atom id="a0" elementType="O"/>
    <atom id="a1" elementType="C"/>
    <atom id="a2" elementType="C"/>
    <atom id="a3" elementType="C"/>
    <atom id="a4" elementType="O"/>
    <atom id="a5" elementType="C"/>
    <atom id="a6" elementType="O"/>
    <atom id="a7" elementType="C"/>
    <atom id="a8" elementType="O"/>
    <atom id="a9" elementType="C"/>
    <atom id="a10" elementType="O"/>
    <atom id="a11" elementType="C"/>
    <atom id="a12" elementType="C"/>
    <atom id="a13" elementType="O"/>
    <atom id="a14" elementType="C"/>
    <atom id="a15" elementType="O"/>
    <atom id="a16" elementType="C"/>
    <atom id="a17" elementType="O"/>
    <atom id="a18" elementType="C"/>
    <atom id="a19" elementType="C"/>
    <atom id="a20" elementType="C"/>
    <atom id="a21" elementType="C"/>
    <atom id="a22" elementType="C"/>
    <atom id="a23" elementType="C"/>
    <atom id="a24" elementType="C"/>
    <atom id="a25" elementType="O"/>
    <atom id="a26" elementType="C"/>
    <atom id="a27" elementType="C"/>
    <atom id="a28" elementType="O"/>
    <atom id="a29" elementType="O"/>
  </atomArray>
  <bondArray>
    <bond atomRefs2="a0 a1" order="1"/>
    <bond atomRefs2="a1 a2" order="1"/>
    <bond atomRefs2="a2 a3" order="1"/>
    <bond atomRefs2="a3 a4" order="1"/>
    <bond atomRefs2="a3 a5" order="1"/>
    <bond atomRefs2="a5 a6" order="1"/>
    <bond atomRefs2="a5 a7" order="1"/>
    <bond atomRefs2="a7 a8" order="1"/>
    <bond atomRefs2="a7 a9" order="1"/>
    <bond atomRefs2="a9 a10" order="1"/>
    <bond atomRefs2="a10 a11" order="1"/>
    <bond atomRefs2="a11 a12" order="1"/>
    <bond atomRefs2="a12 a13" order="1"/>
    <bond atomRefs2="a12 a14" order="1"/>
    <bond atomRefs2="a14 a15" order="1"/>
    <bond atomRefs2="a14 a16" order="1"/>
    <bond atomRefs2="a16 a17" order="1"/>
    <bond atomRefs2="a17 a18" order="1"/>
    <bond atomRefs2="a18 a19" order="1"/>
    <bond atomRefs2="a19 a20" order="1"/>
    <bond atomRefs2="a20 a21" order="1"/>
    <bond atomRefs2="a21 a22" order="1"/>
    <bond atomRefs2="a22 a23" order="1"/>
    <bond atomRefs2="a23 a24" order="1"/>
    <bond atomRefs2="a24 a19" order="1"/>
    <bond atomRefs2="a16 a25" order="1"/>
    <bond atomRefs2="a25 a26" order="1"/>
    <bond atomRefs2="a26 a11" order="1"/>
    <bond atomRefs2="a26 a27" order="1"/>
    <bond atomRefs2="a27 a28" order="1"/>
    <bond atomRefs2="a9 a29" order="1"/>
    <bond atomRefs2="a29 a2" order="1"/>
  </bondArray>
</molecule>
</cml>

****** SMILES ********
OCC1OC(OC2C(CO)OC(OCC3CCCCC3)C(O)C2O)C(O)C(O)C1O |ha:0,1,2,3,4,5,24,25,26,27,28,29,hb:0,1,2,3,4,25,26,27,28,29,30,31|
****** Canonical SMILES ********
OCC1OC(OCC2CCCCC2)C(O)C(O)C1OC1OC(CO)C(O)C(O)C1O
****** Loading SDF with multiline properties ********
message1 : Line1
Line2
Line3
Line4
message2 : Another line #1
Another line #2
Another line #3
Another line #4
****** CurlySMILES ********
PC{-}{+n}N
PC{-}O{+n}N
