****** Query reload ********

  -INDIGO-01000000002D

  4  3  0  0  0  0  0  0  0  0999 V2000
   -2.1720    2.5114    0.0000 L   0  0  0  0  0  0  0  0  0  0  0  0
   -1.4575    2.9239    0.0000 L   0  0  0  0  0  0  0  0  0  0  0  0
   -0.7431    2.0400    0.0000 L   0  0  0  0  0  0  0  0  0  0  0  0
    0.1482    2.9239    0.0000 L   0  0  0  0  0  0  0  0  0  0  0  0
  1  2  1  0  0  0  0
  2  3  1  0  0  0  0
  3  4  1  0  0  0  0
M  ALS   1  8 T He  Li  F   Al  Mn  Zr  Pd  Ta  
M  ALS   2  5 T B   C   N   O   F   
M  ALS   3  5 F B   C   N   O   F   
M  ALS   4  5 F Sc  V   Zr  La  Ta  
M  END

****** Remove constraints and reload ********
C1:N:C2:C(:[N+](:C:N:C:2:[NH]:1)[O-])N
False
C1:N:C2:C(:[N+](:C:N:C:2:N:1)[O-])N
True
C1:N:C2:C(:[N+](:C:N:C:2:N:1)[O-])N
True
C1:[NH]:C2:C(:C(N):[N+]([O-]):C:N:2):N:1
False
