*** Molecule ***
#02: <molecule>
#19: <type 19>
  #18: <atom>
  #18: <atom>
  #18: <atom>
  #18: <atom>
  #18: <atom>
  #18: <atom>
*** Reaction ***
#04: <reaction>
#07: <reaction molecule iterator>
  #08: <reaction molecule>
  #19: <type 19>
    #18: <atom>
    #18: <atom>
    #18: <atom>
    #18: <atom>
    #18: <atom>
    #18: <atom>
  #08: <reaction molecule>
  #19: <type 19>
    #18: <atom>
    #18: <atom>
    #18: <atom>
    #18: <atom>
    #18: <atom>
    #18: <atom>
