11
000000efddd8b96fe9bdc8
8
efddd8b96fe9bdc8
64
8040c048000141021c00988102002001000000011c0002120400004008040010202651a8004088000200001400020420a4001009080800070000004000001040
67
0000008040c048000141021c00988102002001000000011c0002120400004008040010202651a8004088000200001400020420a4001009080800070000004000001040
