Highlighting:
  Atoms: [0, 4, 5]
  Bonds: [4, 5]
Highlighting:
  Atoms: []
  Bonds: [4, 5]
Highlighting:
  Atoms: []
  Bonds: []
Highlighting:
  Atoms: [0, 4, 5]
  Bonds: [4, 5]
Highlighting:
  Atoms: []
  Bonds: []
Highlighting:
  Atoms: [0, 1, 2, 3, 4, 5]
  Bonds: []
Highlighting:
  Atoms: [0, 1, 2, 3, 4, 5]
  Bonds: [0, 1, 2, 3, 4, 5]
