01b4b097_1ab8_48c4_8b39_4b33574ff5e1.mol:    OK
07186584_5230_4092_9fb3_d2af6e398704.mol:    OK
1057.mol:    OK
1202.mol:    OK
1211.mol:    OK
1213.mol:    OK
1218.mol:    OK
1261.mol:    OK
1282.mol:    OK
1343.mol:    OK
1586.mol:    OK
1634.mol:    OK
1675.mol:    OK
214.mol:    OK
266.mol:    OK
531.mol:    OK
532.mol:    OK
533.mol:    OK
612.mol:    OK
656.mol:    OK
691.mol:    OK
