
  -INDIGO-01000000002D

 11  5  0  0  0  0  0  0  0  0999 V2000
    0.0000    0.0000    0.0000 C   0  0  0  0  0  0  0  0  0  0  0  0
    0.0000    0.0000    0.0000 C   0  0  0  0  0  0  0  0  0  0  0  0
    0.0000    0.0000    0.0000 N   0  0  0  0  0  0  0  0  0  0  0  0
    0.0000    0.0000    0.0000 N   0  0  0  0  0  0  0  0  0  0  0  0
    0.0000    0.0000    0.0000 C   0  0  0  0  0  0  0  0  0  0  0  0
    0.0000    0.0000    0.0000 N   0  0  0  0  0  0  0  0  0  0  0  0
    0.0000    0.0000    0.0000 R#  0  0  0  0  0  0  0  0  0  0  0  0
    0.0000    0.0000    0.0000 R#  0  0  0  0  0  0  0  0  0  0  0  0
    0.0000    0.0000    0.0000 R#  0  0  0  0  0  0  0  0  0  0  0  0
    0.0000    0.0000    0.0000 R#  0  0  0  0  0  0  0  0  0  0  0  0
    0.0000    0.0000    0.0000 R#  0  0  0  0  0  0  0  0  0  0  0  0
  1  2  1  0  0  0  0
  2  3  1  0  0  0  0
  3  4  1  0  0  0  0
  4  5  1  0  0  0  0
  5  6  1  0  0  0  0
M  RGP  2   9   1  11   3
M  END


  -INDIGO-01000000002D

 12  5  0  0  0  0  0  0  0  0999 V2000
    0.0000    0.0000    0.0000 C   0  0  0  0  0  0  0  0  0  0  0  0
    0.0000    0.0000    0.0000 C   0  0  0  0  0  0  0  0  0  0  0  0
    0.0000    0.0000    0.0000 N   0  0  0  0  0  0  0  0  0  0  0  0
    0.0000    0.0000    0.0000 N   0  0  0  0  0  0  0  0  0  0  0  0
    0.0000    0.0000    0.0000 C   0  0  0  0  0  0  0  0  0  0  0  0
    0.0000    0.0000    0.0000 N   0  0  0  0  0  0  0  0  0  0  0  0
    0.0000    0.0000    0.0000 R#  0  0  0  0  0  0  0  0  0  0  0  0
    0.0000    0.0000    0.0000 R#  0  0  0  0  0  0  0  0  0  0  0  0
    0.0000    0.0000    0.0000 R#  0  0  0  0  0  0  0  0  0  0  0  0
    0.0000    0.0000    0.0000 R#  0  0  0  0  0  0  0  0  0  0  0  0
    0.0000    0.0000    0.0000 R#  0  0  0  0  0  0  0  0  0  0  0  0
    0.0000    0.0000    0.0000 R#  0  0  0  0  0  0  0  0  0  0  0  0
  1  2  1  0  0  0  0
  2  3  1  0  0  0  0
  3  4  1  0  0  0  0
  4  5  1  0  0  0  0
  5  6  1  0  0  0  0
M  RGP  4   9   1  11   3  12   1  12   3
M  END


  -INDIGO-01000000002D

 12  5  0  0  0  0  0  0  0  0999 V2000
    0.0000    0.0000    0.0000 C   0  0  0  0  0  0  0  0  0  0  0  0
    0.0000    0.0000    0.0000 C   0  0  0  0  0  0  0  0  0  0  0  0
    0.0000    0.0000    0.0000 N   0  0  0  0  0  0  0  0  0  0  0  0
    0.0000    0.0000    0.0000 N   0  0  0  0  0  0  0  0  0  0  0  0
    0.0000    0.0000    0.0000 C   0  0  0  0  0  0  0  0  0  0  0  0
    0.0000    0.0000    0.0000 N   0  0  0  0  0  0  0  0  0  0  0  0
    0.0000    0.0000    0.0000 R#  0  0  0  0  0  0  0  0  0  0  0  0
    0.0000    0.0000    0.0000 R#  0  0  0  0  0  0  0  0  0  0  0  0
    0.0000    0.0000    0.0000 R#  0  0  0  0  0  0  0  0  0  0  0  0
    0.0000    0.0000    0.0000 R#  0  0  0  0  0  0  0  0  0  0  0  0
    0.0000    0.0000    0.0000 N   0  0  0  0  0  0  0  0  0  0  0  0
    0.0000    0.0000    0.0000 R#  0  0  0  0  0  0  0  0  0  0  0  0
  1  2  1  0  0  0  0
  2  3  1  0  0  0  0
  3  4  1  0  0  0  0
  4  5  1  0  0  0  0
  5  6  1  0  0  0  0
M  RGP  3   9   1  12   1  12   3
M  END


  -INDIGO-01000000002D

 12  5  0  0  0  0  0  0  0  0999 V2000
    0.0000    0.0000    0.0000 R#  0  0  0  0  0  0  0  0  0  0  0  0
    0.0000    0.0000    0.0000 C   0  0  0  0  0  0  0  0  0  0  0  0
    0.0000    0.0000    0.0000 N   0  0  0  0  0  0  0  0  0  0  0  0
    0.0000    0.0000    0.0000 N   0  0  0  0  0  0  0  0  0  0  0  0
    0.0000    0.0000    0.0000 C   0  0  0  0  0  0  0  0  0  0  0  0
    0.0000    0.0000    0.0000 N   0  0  0  0  0  0  0  0  0  0  0  0
    0.0000    0.0000    0.0000 R#  0  0  0  0  0  0  0  0  0  0  0  0
    0.0000    0.0000    0.0000 R#  0  0  0  0  0  0  0  0  0  0  0  0
    0.0000    0.0000    0.0000 R#  0  0  0  0  0  0  0  0  0  0  0  0
    0.0000    0.0000    0.0000 R#  0  0  0  0  0  0  0  0  0  0  0  0
    0.0000    0.0000    0.0000 N   0  0  0  0  0  0  0  0  0  0  0  0
    0.0000    0.0000    0.0000 R#  0  0  0  0  0  0  0  0  0  0  0  0
  1  2  1  0  0  0  0
  2  3  1  0  0  0  0
  3  4  1  0  0  0  0
  4  5  1  0  0  0  0
  5  6  1  0  0  0  0
M  RGP  4   1   4   9   1  12   1  12   3
M  END


  -INDIGO-01000000002D

 12  5  0  0  0  0  0  0  0  0999 V2000
    0.0000    0.0000    0.0000 R#  0  0  0  0  0  0  0  0  0  0  0  0
    0.0000    0.0000    0.0000 O   0  0  0  0  0  0  0  0  0  0  0  0
    0.0000    0.0000    0.0000 N   0  0  0  0  0  0  0  0  0  0  0  0
    0.0000    0.0000    0.0000 N   0  0  0  0  0  0  0  0  0  0  0  0
    0.0000    0.0000    0.0000 C   0  0  0  0  0  0  0  0  0  0  0  0
    0.0000    0.0000    0.0000 N   0  0  0  0  0  0  0  0  0  0  0  0
    0.0000    0.0000    0.0000 R#  0  0  0  0  0  0  0  0  0  0  0  0
    0.0000    0.0000    0.0000 R#  0  0  0  0  0  0  0  0  0  0  0  0
    0.0000    0.0000    0.0000 R#  0  0  0  0  0  0  0  0  0  0  0  0
    0.0000    0.0000    0.0000 R#  0  0  0  0  0  0  0  0  0  0  0  0
    0.0000    0.0000    0.0000 N   0  0  0  0  0  0  0  0  0  0  0  0
    0.0000    0.0000    0.0000 R#  0  0  0  0  0  0  0  0  0  0  0  0
  1  2  1  0  0  0  0
  2  3  1  0  0  0  0
  3  4  1  0  0  0  0
  4  5  1  0  0  0  0
  5  6  1  0  0  0  0
M  RGP  4   1   4   9   1  12   1  12   3
M  END


  -INDIGO-01000000002D

  0  0  0  0  0  0  0  0  0  0  0 V3000
M  V30 BEGIN CTAB
M  V30 COUNTS 12 5 0 0 0
M  V30 BEGIN ATOM
M  V30 1 R# 0.000000 0.000000 0.000000 0 RGROUPS=(1 4)
M  V30 2 R# 0.000000 0.000000 0.000000 0 RGROUPS=(1 4)
M  V30 3 N 0.000000 0.000000 0.000000 0
M  V30 4 N 0.000000 0.000000 0.000000 0
M  V30 5 C 0.000000 0.000000 0.000000 0
M  V30 6 N 0.000000 0.000000 0.000000 0
M  V30 7 R# 0.000000 0.000000 0.000000 0
M  V30 8 R# 0.000000 0.000000 0.000000 0
M  V30 9 R# 0.000000 0.000000 0.000000 0 RGROUPS=(1 1)
M  V30 10 R# 0.000000 0.000000 0.000000 0
M  V30 11 N 0.000000 0.000000 0.000000 0
M  V30 12 R# 0.000000 0.000000 0.000000 0 RGROUPS=(2 1 3)
M  V30 END ATOM
M  V30 BEGIN BOND
M  V30 1 1 1 2
M  V30 2 1 2 3
M  V30 3 1 3 4
M  V30 4 1 4 5
M  V30 5 1 5 6
M  V30 END BOND
M  V30 BEGIN COLLECTION
M  V30 MDLV30/HILITE ATOMS=(1 2)
M  V30 END COLLECTION
M  V30 END CTAB
M  END

