
  -INDIGO-01000000002D

 12  8  0  0  0  0  0  0  0  0999 V2000
    0.8000    2.7713    0.0000 C   0  0  0  0  0  0  0  0  0  0  0  0
    2.4000    2.7713    0.0000 C   0  0  0  0  0  0  0  0  0  0  0  0
    3.2000    1.3856    0.0000 C   0  0  0  0  0  0  0  0  0  0  0  0
    2.4000    0.0000    0.0000 C   0  0  0  0  0  0  0  0  0  0  0  0
    0.8000    0.0000    0.0000 C   0  0  0  0  0  0  0  0  0  0  0  0
    0.0000    1.3856    0.0000 C   0  0  0  0  0  0  0  0  0  0  0  0
    9.1713    0.8000    0.0000 C   0  0  0  0  0  0  0  0  0  0  0  0
    7.7856    0.0000    0.0000 C   0  0  0  0  0  0  0  0  0  0  0  0
    6.4000    0.8000    0.0000 C   0  0  0  0  0  0  0  0  0  0  0  0
   12.3713    0.0000    0.0000 O   0  0  0  0  0  0  0  0  0  0  0  0
    0.0000    5.9713    0.0000 N   0  0  0  0  0  0  0  0  0  0  0  0
    3.2000    5.9713    0.0000 P   0  0  0  0  0  0  0  0  0  0  0  0
  1  2  4  0  0  0  0
  2  3  4  0  0  0  0
  3  4  4  0  0  0  0
  4  5  4  0  0  0  0
  5  6  4  0  0  0  0
  6  1  4  0  0  0  0
  7  8  1  0  0  0  0
  8  9  1  0  0  0  0
M  STY  4   1 DAT   2 DAT   3 DAT   4 DAT
M  SLB  4   1   1   2   2   3   3   4   4
M  SAL   1  3   7   8   9
M  SBL   1  2   7   8
M  SDT   1 SG                            F
M  SDD   1     0.0000    0.0000    AA    ALL  1       1  
M  SED   1 a
M  SAL   2  1  10
M  SDT   2 ID                            F
M  SDD   2     0.0000    0.0000    AA    ALL  1       1  
M  SED   2 b
M  SAL   3  1  11
M  SDT   3 ID                            F
M  SDD   3     0.0000    0.0000    AA    ALL  1       1  
M  SED   3 c
M  SAL   4  1  12
M  SDT   4 ID                            F
M  SDD   4     0.0000    0.0000    AA    ALL  1       1  
M  SED   4 d
M  END


  -INDIGO-01000000002D

 12  8  0  0  0  0  0  0  0  0999 V2000
    0.8000    2.7713    0.0000 C   0  0  0  0  0  0  0  0  0  0  0  0
    2.4000    2.7713    0.0000 C   0  0  0  0  0  0  0  0  0  0  0  0
    3.2000    1.3856    0.0000 C   0  0  0  0  0  0  0  0  0  0  0  0
    2.4000    0.0000    0.0000 C   0  0  0  0  0  0  0  0  0  0  0  0
    0.8000    0.0000    0.0000 C   0  0  0  0  0  0  0  0  0  0  0  0
    0.0000    1.3856    0.0000 C   0  0  0  0  0  0  0  0  0  0  0  0
    9.1713    0.8000    0.0000 C   0  0  0  0  0  0  0  0  0  0  0  0
    7.7856    0.0000    0.0000 C   0  0  0  0  0  0  0  0  0  0  0  0
    6.4000    0.8000    0.0000 C   0  0  0  0  0  0  0  0  0  0  0  0
   12.3713    0.0000    0.0000 O   0  0  0  0  0  0  0  0  0  0  0  0
    0.0000    5.9713    0.0000 N   0  0  0  0  0  0  0  0  0  0  0  0
    3.2000    5.9713    0.0000 P   0  0  0  0  0  0  0  0  0  0  0  0
  1  2  4  0  0  0  0
  2  3  4  0  0  0  0
  3  4  4  0  0  0  0
  4  5  4  0  0  0  0
  5  6  4  0  0  0  0
  6  1  4  0  0  0  0
  7  8  1  0  0  0  0
  8  9  1  0  0  0  0
M  STY  4   1 DAT   2 DAT   3 DAT   4 DAT
M  SLB  4   1   1   2   2   3   3   4   4
M  SAL   1  3   7   8   9
M  SBL   1  2   7   8
M  SDT   1 SG                            F
M  SDD   1     0.0000    0.0000    AA    ALL  1       1  
M  SED   1 a
M  SAL   2  1  10
M  SDT   2 ID                            F
M  SDD   2    13.0000    1.0000    DA    ALL  1       1  
M  SED   2 b
M  SAL   3  1  11
M  SDT   3 ID                            F
M  SDD   3     0.3000    0.3000    DR    ALL  1       1  
M  SED   3 c
M  SAL   4  1  12
M  SDT   4 ID                            F
M  SDD   4     5.0000    6.0000    DA    ALL  1       1  
M  SED   4 d
M  END

