C(P)(O)N
[C@@H](P)(O)N
[C@@]([H])(P)(O)N
[C@]([H])(P)(O)N
