molecule #15, atom #16: element: bad valence on N having 4 drawn bonds, charge 0, and 0 radical electrons
