*** Test 1 ***


>>
*** Test 2 ***
[H][H]
[H][H]
>>[H][H]
*** Test 3 ***


Before layout:
  Has coord: False
  Has Z coord: False
After layout:
  Has coord: True
  Has Z coord: False
CCCC.>>CCCC.
After z set:
  Has coord: True
  Has Z coord: True
After layout:
  Has coord: True
  Has Z coord: False
*** Serialize from SMILES ***
*** Unfold hydrogens ***
CCCCCC>>CNCNCNCNCN
C([H])([H])([H])C([H])([H])C([H])([H])C([H])([H])C([H])([H])C([H])([H])[H]>>C([H])([H])([H])N([H])C([H])([H])N([H])C([H])([H])N([H])C([H])([H])N([H])C([H])([H])N([H])[H]
