
Test #0
C=C: 2
C1CCCC1: 6
C1CCCCC1: 2
OC=O: 3
C1CCNCC1: 1

Test #1
C=C: 2
C1CCCC1: 6
C1CCCCC1: 2
OC=O: 3
C1CCNCC1: 1

Test #2
C=C: 2
C1CCCC1: 6
C1CCCCC1: 2
OC=O: 3
C1CCNCC1: 1

Test #3
C=C: 2
C1CCCC1: 6
C1CCCCC1: 2
OC=O: 3
C1CCNCC1: 1

Test #4
C=C: 2
C1CCCC1: 6
C1CCCCC1: 2
OC=O: 3
C1CCNCC1: 1

Test #5
C=C: 2
C1CCCC1: 6
C1CCCCC1: 2
OC=O: 3
C1CCNCC1: 1

Test #6
C=C: 2
C1CCCC1: 6
C1CCCCC1: 2
OC=O: 3
C1CCNCC1: 1

Test #7
C=C: 2
C1CCCC1: 6
C1CCCCC1: 2
OC=O: 3
C1CCNCC1: 1

Test #8
C=C: 2
C1CCCC1: 6
C1CCCCC1: 2
OC=O: 3
C1CCNCC1: 1

Test #9
C=C: 2
C1CCCC1: 6
C1CCCCC1: 2
OC=O: 3
C1CCNCC1: 1
